Archive member included to satisfy reference by file (symbol)

c:/nxp/mcuxpressoide_10.0.2_411/ide/tools/bin/../lib/gcc/arm-none-eabi/5.4.1/../../../../arm-none-eabi/lib/armv6-m\libm.a(lib_a-s_round.o)
                              ./framework/XCVR/MKW41Z4/fsl_xcvr.o (round)
c:/nxp/mcuxpressoide_10.0.2_411/ide/tools/bin/../lib/gcc/arm-none-eabi/5.4.1/../../../../arm-none-eabi/lib/armv6-m\libm.a(lib_a-s_trunc.o)
                              ./framework/XCVR/MKW41Z4/fsl_xcvr.o (trunc)
c:/nxp/mcuxpressoide_10.0.2_411/ide/tools/bin/../lib/gcc/arm-none-eabi/5.4.1/../../../../arm-none-eabi/lib/armv6-m\libm.a(lib_a-sf_round.o)
                              ./framework/XCVR/MKW41Z4/fsl_xcvr_trim.o (roundf)
c:/nxp/mcuxpressoide_10.0.2_411/ide/tools/bin/../lib/gcc/arm-none-eabi/5.4.1/../../../../arm-none-eabi/lib/armv6-m\libc.a(lib_a-exit.o)
                              c:/nxp/mcuxpressoide_10.0.2_411/ide/tools/bin/../lib/gcc/arm-none-eabi/5.4.1/../../../../arm-none-eabi/lib/armv6-m/crt0.o (exit)
c:/nxp/mcuxpressoide_10.0.2_411/ide/tools/bin/../lib/gcc/arm-none-eabi/5.4.1/../../../../arm-none-eabi/lib/armv6-m\libc.a(lib_a-impure.o)
                              c:/nxp/mcuxpressoide_10.0.2_411/ide/tools/bin/../lib/gcc/arm-none-eabi/5.4.1/../../../../arm-none-eabi/lib/armv6-m\libc.a(lib_a-exit.o) (_global_impure_ptr)
c:/nxp/mcuxpressoide_10.0.2_411/ide/tools/bin/../lib/gcc/arm-none-eabi/5.4.1/../../../../arm-none-eabi/lib/armv6-m\libc.a(lib_a-init.o)
                              c:/nxp/mcuxpressoide_10.0.2_411/ide/tools/bin/../lib/gcc/arm-none-eabi/5.4.1/../../../../arm-none-eabi/lib/armv6-m/crt0.o (__libc_init_array)
c:/nxp/mcuxpressoide_10.0.2_411/ide/tools/bin/../lib/gcc/arm-none-eabi/5.4.1/../../../../arm-none-eabi/lib/armv6-m\libc.a(lib_a-memcpy-stub.o)
                              ./source/ppp-blinky.o (memcpy)
c:/nxp/mcuxpressoide_10.0.2_411/ide/tools/bin/../lib/gcc/arm-none-eabi/5.4.1/../../../../arm-none-eabi/lib/armv6-m\libc.a(lib_a-memset.o)
                              c:/nxp/mcuxpressoide_10.0.2_411/ide/tools/bin/../lib/gcc/arm-none-eabi/5.4.1/../../../../arm-none-eabi/lib/armv6-m/crt0.o (memset)
c:/nxp/mcuxpressoide_10.0.2_411/ide/tools/bin/../lib/gcc/arm-none-eabi/5.4.1/../../../../arm-none-eabi/lib/armv6-m\libc.a(lib_a-snprintf.o)
                              ./source/ppp-blinky.o (snprintf)
c:/nxp/mcuxpressoide_10.0.2_411/ide/tools/bin/../lib/gcc/arm-none-eabi/5.4.1/../../../../arm-none-eabi/lib/armv6-m\libc.a(lib_a-sprintf.o)
                              ./source/ppp-blinky.o (sprintf)
c:/nxp/mcuxpressoide_10.0.2_411/ide/tools/bin/../lib/gcc/arm-none-eabi/5.4.1/../../../../arm-none-eabi/lib/armv6-m\libc.a(lib_a-strlen-stub.o)
                              ./utilities/fsl_debug_console.o (strlen)
c:/nxp/mcuxpressoide_10.0.2_411/ide/tools/bin/../lib/gcc/arm-none-eabi/5.4.1/../../../../arm-none-eabi/lib/armv6-m\libc.a(lib_a-strncmp.o)
                              ./source/ppp-blinky.o (strncmp)
c:/nxp/mcuxpressoide_10.0.2_411/ide/tools/bin/../lib/gcc/arm-none-eabi/5.4.1/../../../../arm-none-eabi/lib/armv6-m\libc.a(lib_a-strstr.o)
                              ./source/ppp-blinky.o (strstr)
c:/nxp/mcuxpressoide_10.0.2_411/ide/tools/bin/../lib/gcc/arm-none-eabi/5.4.1/../../../../arm-none-eabi/lib/armv6-m\libc.a(lib_a-svfprintf.o)
                              c:/nxp/mcuxpressoide_10.0.2_411/ide/tools/bin/../lib/gcc/arm-none-eabi/5.4.1/../../../../arm-none-eabi/lib/armv6-m\libc.a(lib_a-snprintf.o) (_svfprintf_r)
c:/nxp/mcuxpressoide_10.0.2_411/ide/tools/bin/../lib/gcc/arm-none-eabi/5.4.1/../../../../arm-none-eabi/lib/armv6-m\libc.a(lib_a-__call_atexit.o)
                              c:/nxp/mcuxpressoide_10.0.2_411/ide/tools/bin/../lib/gcc/arm-none-eabi/5.4.1/../../../../arm-none-eabi/lib/armv6-m\libc.a(lib_a-exit.o) (__call_exitprocs)
c:/nxp/mcuxpressoide_10.0.2_411/ide/tools/bin/../lib/gcc/arm-none-eabi/5.4.1/../../../../arm-none-eabi/lib/armv6-m\libc.a(lib_a-atexit.o)
                              c:/nxp/mcuxpressoide_10.0.2_411/ide/tools/bin/../lib/gcc/arm-none-eabi/5.4.1/../../../../arm-none-eabi/lib/armv6-m\libc.a(lib_a-__call_atexit.o) (atexit)
c:/nxp/mcuxpressoide_10.0.2_411/ide/tools/bin/../lib/gcc/arm-none-eabi/5.4.1/../../../../arm-none-eabi/lib/armv6-m\libc.a(lib_a-dtoa.o)
                              c:/nxp/mcuxpressoide_10.0.2_411/ide/tools/bin/../lib/gcc/arm-none-eabi/5.4.1/../../../../arm-none-eabi/lib/armv6-m\libc.a(lib_a-svfprintf.o) (_dtoa_r)
c:/nxp/mcuxpressoide_10.0.2_411/ide/tools/bin/../lib/gcc/arm-none-eabi/5.4.1/../../../../arm-none-eabi/lib/armv6-m\libc.a(lib_a-fini.o)
                              c:/nxp/mcuxpressoide_10.0.2_411/ide/tools/bin/../lib/gcc/arm-none-eabi/5.4.1/../../../../arm-none-eabi/lib/armv6-m\libc.a(lib_a-__call_atexit.o) (__libc_fini_array)
c:/nxp/mcuxpressoide_10.0.2_411/ide/tools/bin/../lib/gcc/arm-none-eabi/5.4.1/../../../../arm-none-eabi/lib/armv6-m\libc.a(lib_a-localeconv.o)
[...]
Memory Configuration

Name             Origin             Length             Attributes
TEXT_region1     0x00000000         0x00000400         xr
m_flash_config_region 0x00000400         0x00000010         xr
TEXT_region2     0x00000411         0x0007f3ee         xr
DATA_region      0x1fff8000         0x00020000         rw
PRODUCT_INFO_region 0x0007f800         0x000007ff         xr
*default*        0x00000000         0xffffffff

Linker script and memory map

LOAD c:/nxp/mcuxpressoide_10.0.2_411/ide/tools/bin/../lib/gcc/arm-none-eabi/5.4.1/armv6-m/crti.o
LOAD c:/nxp/mcuxpressoide_10.0.2_411/ide/tools/bin/../lib/gcc/arm-none-eabi/5.4.1/armv6-m/crtbegin.o
LOAD c:/nxp/mcuxpressoide_10.0.2_411/ide/tools/bin/../lib/gcc/arm-none-eabi/5.4.1/../../../../arm-none-eabi/lib/armv6-m/crt0.o
LOAD ./utilities/fsl_debug_console.o
LOAD ./startup/startup_MKW41Z4.o
LOAD ./source/connectivity_test.o
LOAD ./source/gen_fsk_tests.o
LOAD ./source/menus.o
LOAD ./source/ppp-blinky.o
LOAD ./source/sha1.o
LOAD ./genfsk/genfsk_isr.o
LOAD ./genfsk/genfsk_ll.o
LOAD ./genfsk/genfsk_time.o
LOAD ./genfsk/genfsk_utils.o
LOAD ./freertos/croutine.o
LOAD ./freertos/event_groups.o
LOAD ./freertos/fsl_tickless_lptmr.o
LOAD ./freertos/fsl_tickless_systick.o
LOAD ./freertos/heap_4.o
LOAD ./freertos/list.o
LOAD ./freertos/port.o
LOAD ./freertos/queue.o
LOAD ./freertos/tasks.o
LOAD ./freertos/timers.o
LOAD ./framework/XCVR/MKW41Z4/cfgs_kw4x_3x_2x/fsl_xcvr_ant_config.o
LOAD ./framework/XCVR/MKW41Z4/cfgs_kw4x_3x_2x/fsl_xcvr_ble_config.o
LOAD ./framework/XCVR/MKW41Z4/cfgs_kw4x_3x_2x/fsl_xcvr_common_config.o
LOAD ./framework/XCVR/MKW41Z4/cfgs_kw4x_3x_2x/fsl_xcvr_gfsk_bt_0p3_h_0p5_config.o
LOAD ./framework/XCVR/MKW41Z4/cfgs_kw4x_3x_2x/fsl_xcvr_gfsk_bt_0p5_h_0p32_config.o
LOAD ./framework/XCVR/MKW41Z4/cfgs_kw4x_3x_2x/fsl_xcvr_gfsk_bt_0p5_h_0p5_config.o
LOAD ./framework/XCVR/MKW41Z4/cfgs_kw4x_3x_2x/fsl_xcvr_gfsk_bt_0p5_h_0p7_config.o
LOAD ./framework/XCVR/MKW41Z4/cfgs_kw4x_3x_2x/fsl_xcvr_gfsk_bt_0p5_h_1p0_config.o
LOAD ./framework/XCVR/MKW41Z4/cfgs_kw4x_3x_2x/fsl_xcvr_gfsk_bt_0p7_h_0p5_config.o
LOAD ./framework/XCVR/MKW41Z4/cfgs_kw4x_3x_2x/fsl_xcvr_mode_datarate_config.o
LOAD ./framework/XCVR/MKW41Z4/cfgs_kw4x_3x_2x/fsl_xcvr_msk_config.o
LOAD ./framework/XCVR/MKW41Z4/cfgs_kw4x_3x_2x/fsl_xcvr_zgbe_config.o
LOAD ./framework/XCVR/MKW41Z4/XCVR_Test/xcvr_test_fsk.o
LOAD ./framework/XCVR/MKW41Z4/dbg_ram_capture.o
LOAD ./framework/XCVR/MKW41Z4/fsl_xcvr.o
LOAD ./framework/XCVR/MKW41Z4/fsl_xcvr_trim.o
LOAD ./framework/XCVR/MKW41Z4/ifr_radio.o
LOAD ./framework/TimersManager/Source/TMR_Adapter.o
LOAD ./framework/TimersManager/Source/TimersManager.o
LOAD ./framework/SerialManager/Source/UART_Adapter/UART_Adapter.o
LOAD ./framework/SerialManager/Source/SPI_Adapter/SPI_Adapter.o
LOAD ./framework/SerialManager/Source/I2C_Adapter/I2C_Adapter.o
LOAD ./framework/SerialManager/Source/SerialManager.o
LOAD ./framework/SecLib/SecLib.o
LOAD ./framework/Reset/Reset.o
LOAD ./framework/RNG/Source/RNG.o
LOAD ./framework/Panic/Source/Panic.o
LOAD ./framework/OSAbstraction/Source/fsl_os_abstraction_free_rtos.o
LOAD ./framework/ModuleInfo/ModuleInfo.o
LOAD ./framework/Messaging/Source/Messaging.o
LOAD ./framework/MemManager/Source/MemManager.o
LOAD ./framework/MWSCoexistence/Source/MWS.o
LOAD ./framework/LowPower/Source/MKW41Z/PWR.o
LOAD ./framework/LowPower/Source/MKW41Z/PWRLib.o
LOAD ./framework/Lists/GenericList.o
LOAD ./framework/LED/Source/LED.o
LOAD ./framework/Keyboard/Source/Keyboard.o
LOAD ./framework/GPIO/GPIO_Adapter.o
LOAD ./framework/FunctionLib/FunctionLib.o
LOAD ./framework/Flash/Internal/Flash_Adapter.o
LOAD ./framework/DCDC/Source/DCDC.o
LOAD ./drivers/fsl_adc16.o
LOAD ./drivers/fsl_clock.o
LOAD ./drivers/fsl_common.o
LOAD ./drivers/fsl_dspi.o
LOAD ./drivers/fsl_dspi_freertos.o
LOAD ./drivers/fsl_flash.o
LOAD ./drivers/fsl_gpio.o
LOAD ./drivers/fsl_i2c.o
LOAD ./drivers/fsl_i2c_freertos.o
LOAD ./drivers/fsl_llwu.o
LOAD ./drivers/fsl_lptmr.o
LOAD ./drivers/fsl_lpuart.o
LOAD ./drivers/fsl_lpuart_freertos.o
LOAD ./drivers/fsl_ltc.o
LOAD ./drivers/fsl_pmc.o
LOAD ./drivers/fsl_rtc.o
LOAD ./drivers/fsl_smc.o
LOAD ./drivers/fsl_tpm.o
LOAD ./drivers/fsl_trng.o
LOAD ./board/board.o
LOAD ./board/clock_config.o
LOAD ./board/gpio_pins.o
LOAD ./board/pin_mux.o
LOAD ./CMSIS/system_MKW41Z4.o
LOAD c:/nxp/mcuxpressoide_10.0.2_411/ide/tools/bin/../lib/gcc/arm-none-eabi/5.4.1/../../../../arm-none-eabi/lib/armv6-m\libm.a
LOAD c:/nxp/mcuxpressoide_10.0.2_411/ide/tools/bin/../lib/gcc/arm-none-eabi/5.4.1/../../../../arm-none-eabi/lib/armv6-m\libc.a
LOAD c:/nxp/mcuxpressoide_10.0.2_411/ide/tools/bin/../lib/gcc/arm-none-eabi/5.4.1/armv6-m\libgcc.a
LOAD c:/nxp/mcuxpressoide_10.0.2_411/ide/tools/bin/../lib/gcc/arm-none-eabi/5.4.1/../../../../arm-none-eabi/lib/armv6-m\libnosys.a
LOAD C:\Users\Kiran\Documents\Homework\COMP3215\Lab3\frdmkw41z_wireless_examples_genfsk_connectivity_test_freertos_node\libs\lib_crypto_m0.a
START GROUP
LOAD c:/nxp/mcuxpressoide_10.0.2_411/ide/tools/bin/../lib/gcc/arm-none-eabi/5.4.1/armv6-m\libgcc.a
LOAD c:/nxp/mcuxpressoide_10.0.2_411/ide/tools/bin/../lib/gcc/arm-none-eabi/5.4.1/../../../../arm-none-eabi/lib/armv6-m\libc.a
END GROUP
LOAD c:/nxp/mcuxpressoide_10.0.2_411/ide/tools/bin/../lib/gcc/arm-none-eabi/5.4.1/armv6-m/crtend.o
LOAD c:/nxp/mcuxpressoide_10.0.2_411/ide/tools/bin/../lib/gcc/arm-none-eabi/5.4.1/armv6-m/crtn.o
                0x1fff8000                _RAM_START_ = 0x1fff8000
                0x20017fff                _RAM_END_ = 0x20017fff
                0x0007f800                FREESCALE_PROD_DATA_BASE_ADDR = 0x7f800
                0x000000c0                __RAM_VECTOR_TABLE_SIZE = 0xc0
                0x20017dea                __BOOT_STACK_ADDRESS = 0x20017dea
                0x1ffffffb                __dummy_start = 0x1ffffffb

.interrupts     0x00000000       0xc0
                0x00000000                __VECTOR_TABLE = .
                0x00000000                . = ALIGN (0x4)
 *(.isr_vector)
 .isr_vector    0x00000000       0xc0 ./startup/startup_MKW41Z4.o
                0x00000000                __isr_vector
                0x000000c0                . = ALIGN (0x4)

.freescale_prod_data
                0x0007f800        0x0
                0x0007f800                . = ALIGN (0x4)
 *(.FREESCALE_PROD_DATA)
                0x0007f800                . = ALIGN (0x4)

.flash_config   0x00000400       0x10
                0x00000400                . = ALIGN (0x4)
 *(.FlashConfig)
 .FlashConfig   0x00000400       0x10 ./startup/startup_MKW41Z4.o
                0x00000410                . = ALIGN (0x4)

.text           0x00000420    0x1ddd4
                0x00000420                . = ALIGN (0x4)
 *(.text)
 .text          0x00000420       0x60 c:/nxp/mcuxpressoide_10.0.2_411/ide/tools/bin/../lib/gcc/arm-none-eabi/5.4.1/armv6-m/crtbegin.o
 .text          0x00000480       0x78 c:/nxp/mcuxpressoide_10.0.2_411/ide/tools/bin/../lib/gcc/arm-none-eabi/5.4.1/../../../../arm-none-eabi/lib/armv6-m/crt0.o
                0x00000480                _start
                0x00000480                _mainCRTStartup
 .text          0x000004f8       0xc0 ./startup/startup_MKW41Z4.o
                0x000004f8                Reset_Handler
                0x00000540                Radio_0_IRQHandler
                0x00000540                DMA0_DriverIRQHandler
                0x00000540                CMP0_IRQHandler
                0x00000540                DMA2_DriverIRQHandler
                0x00000540                LPTMR0_IRQHandler
                0x00000540                TPM0_IRQHandler
                0x00000540                Radio_1_IRQHandler
                0x00000540                LLWU_IRQHandler
                0x00000540                TSI0_IRQHandler
                0x00000540                ADC0_IRQHandler
                0x00000540                CMT_IRQHandler
                0x00000540                FTFA_IRQHandler
                0x00000540                DefaultISR
                0x00000540                PORTB_PORTC_IRQHandler
                0x00000540                TPM2_IRQHandler
                0x00000540                RTC_IRQHandler
                0x00000540                LVD_LVW_DCDC_IRQHandler
                0x00000540                DMA3_DriverIRQHandler
                0x00000540                RTC_Seconds_IRQHandler
                0x00000540                MCG_IRQHandler
                0x00000540                TRNG0_IRQHandler
                0x00000540                Reserved20_IRQHandler
                0x00000540                LTC0_IRQHandler
                0x00000540                PIT_IRQHandler
                0x00000540                DMA1_DriverIRQHandler
                0x00000540                PORTA_IRQHandler
                0x00000540                TPM1_IRQHandler
                0x00000540                DAC0_IRQHandler
                0x00000548                HardFault_Handler
                0x00000558                DMA0_IRQHandler
                0x0000055c                DMA1_IRQHandler
                0x00000560                DMA2_IRQHandler
                0x00000564                DMA3_IRQHandler
                0x00000568                I2C0_IRQHandler
                0x0000056c                I2C1_IRQHandler
                0x00000570                SPI0_IRQHandler
                0x00000574                LPUART0_IRQHandler
                0x00000578                SPI1_IRQHandler
 .text          0x000005b8      0x114 c:/nxp/mcuxpressoide_10.0.2_411/ide/tools/bin/../lib/gcc/arm-none-eabi/5.4.1/armv6-m\libgcc.a(_udivsi3.o)
                0x000005b8                __aeabi_uidiv
                0x000005b8                __udivsi3
                0x000006c4                __aeabi_uidivmod
 .text          0x000006cc      0x1d4 c:/nxp/mcuxpressoide_10.0.2_411/ide/tools/bin/../lib/gcc/arm-none-eabi/5.4.1/armv6-m\libgcc.a(_divsi3.o)
                0x000006cc                __divsi3
                0x000006cc                __aeabi_idiv
                0x00000898                __aeabi_idivmod
 .text          0x000008a0        0x4 c:/nxp/mcuxpressoide_10.0.2_411/ide/tools/bin/../lib/gcc/arm-none-eabi/5.4.1/armv6-m\libgcc.a(_dvmd_tls.o)
                0x000008a0                __aeabi_idiv0
                0x000008a0                __aeabi_ldiv0
 .text          0x000008a4       0x7c c:/nxp/mcuxpressoide_10.0.2_411/ide/tools/bin/../lib/gcc/arm-none-eabi/5.4.1/armv6-m\libgcc.a(_arm_cmpdf2.o)
                0x000008a4                __aeabi_cdrcmple
                0x000008b4                __aeabi_cdcmple
                0x000008b4                __aeabi_cdcmpeq
                0x000008c4                __aeabi_dcmpeq
                0x000008d0                __aeabi_dcmplt
                0x000008e4                __aeabi_dcmple
                0x000008f8                __aeabi_dcmpgt
                0x0000090c                __aeabi_dcmpge
 .text          0x00000920       0x74 c:/nxp/mcuxpressoide_10.0.2_411/ide/tools/bin/../lib/gcc/arm-none-eabi/5.4.1/armv6-m\libgcc.a(_arm_cmpsf2.o)
                0x00000920                __aeabi_cfrcmple
                0x00000928                __aeabi_cfcmpeq
                0x00000928                __aeabi_cfcmple
                0x00000938                __aeabi_fcmpeq
                0x00000944                __aeabi_fcmplt
                0x00000958                __aeabi_fcmple
                0x0000096c                __aeabi_fcmpgt
                0x00000980                __aeabi_fcmpge
 .text          0x00000994       0x40 c:/nxp/mcuxpressoide_10.0.2_411/ide/tools/bin/../lib/gcc/arm-none-eabi/5.4.1/armv6-m\libgcc.a(_aeabi_uldivmod.o)
                0x00000994                __aeabi_uldivmod
 .text          0x000009d4       0x58 c:/nxp/mcuxpressoide_10.0.2_411/ide/tools/bin/../lib/gcc/arm-none-eabi/5.4.1/armv6-m\libgcc.a(_muldi3.o)
                0x000009d4                __muldi3
                0x000009d4                __aeabi_lmul
 .text          0x00000a2c       0x30 c:/nxp/mcuxpressoide_10.0.2_411/ide/tools/bin/../lib/gcc/arm-none-eabi/5.4.1/armv6-m\libgcc.a(_fixunssfsi.o)
                0x00000a2c                __fixunssfsi
                0x00000a2c                __aeabi_f2uiz
 .text          0x00000a5c      0x180 c:/nxp/mcuxpressoide_10.0.2_411/ide/tools/bin/../lib/gcc/arm-none-eabi/5.4.1/armv6-m\libgcc.a(_udivmoddi4.o)
                0x00000a5c                __udivmoddi4
 .text          0x00000bdc      0x2ec c:/nxp/mcuxpressoide_10.0.2_411/ide/tools/bin/../lib/gcc/arm-none-eabi/5.4.1/armv6-m\libgcc.a(addsf3.o)
                0x00000bdc                __aeabi_fadd
 .text          0x00000ec8      0x234 c:/nxp/mcuxpressoide_10.0.2_411/ide/tools/bin/../lib/gcc/arm-none-eabi/5.4.1/armv6-m\libgcc.a(divsf3.o)
                0x00000ec8                __aeabi_fdiv
 .text          0x000010fc       0x50 c:/nxp/mcuxpressoide_10.0.2_411/ide/tools/bin/../lib/gcc/arm-none-eabi/5.4.1/armv6-m\libgcc.a(eqsf2.o)
                0x000010fc                __eqsf2
                0x000010fc                __nesf2
 .text          0x0000114c       0x88 c:/nxp/mcuxpressoide_10.0.2_411/ide/tools/bin/../lib/gcc/arm-none-eabi/5.4.1/armv6-m\libgcc.a(gesf2.o)
                0x0000114c                __gesf2
                0x0000114c                __gtsf2
 .text          0x000011d4       0x88 c:/nxp/mcuxpressoide_10.0.2_411/ide/tools/bin/../lib/gcc/arm-none-eabi/5.4.1/armv6-m\libgcc.a(lesf2.o)
                0x000011d4                __ltsf2
                0x000011d4                __lesf2
 .text          0x0000125c      0x228 c:/nxp/mcuxpressoide_10.0.2_411/ide/tools/bin/../lib/gcc/arm-none-eabi/5.4.1/armv6-m\libgcc.a(mulsf3.o)
                0x0000125c                __aeabi_fmul
 .text          0x00001484      0x30c c:/nxp/mcuxpressoide_10.0.2_411/ide/tools/bin/../lib/gcc/arm-none-eabi/5.4.1/armv6-m\libgcc.a(subsf3.o)
                0x00001484                __aeabi_fsub
 .text          0x00001790       0x44 c:/nxp/mcuxpressoide_10.0.2_411/ide/tools/bin/../lib/gcc/arm-none-eabi/5.4.1/armv6-m\libgcc.a(fixsfsi.o)
                0x00001790                __aeabi_f2iz
 .text          0x000017d4       0x90 c:/nxp/mcuxpressoide_10.0.2_411/ide/tools/bin/../lib/gcc/arm-none-eabi/5.4.1/armv6-m\libgcc.a(floatsisf.o)
                0x000017d4                __aeabi_i2f
 .text          0x00001864       0x7c c:/nxp/mcuxpressoide_10.0.2_411/ide/tools/bin/../lib/gcc/arm-none-eabi/5.4.1/armv6-m\libgcc.a(floatunsisf.o)
                0x00001864                __aeabi_ui2f
 .text          0x000018e0      0x658 c:/nxp/mcuxpressoide_10.0.2_411/ide/tools/bin/../lib/gcc/arm-none-eabi/5.4.1/armv6-m\libgcc.a(adddf3.o)
                0x000018e0                __aeabi_dadd
 .text          0x00001f38      0x62c c:/nxp/mcuxpressoide_10.0.2_411/ide/tools/bin/../lib/gcc/arm-none-eabi/5.4.1/armv6-m\libgcc.a(divdf3.o)
                0x00001f38                __aeabi_ddiv
 .text          0x00002564       0x80 c:/nxp/mcuxpressoide_10.0.2_411/ide/tools/bin/../lib/gcc/arm-none-eabi/5.4.1/armv6-m\libgcc.a(eqdf2.o)
                0x00002564                __nedf2
                0x00002564                __eqdf2
 .text          0x000025e4       0xc8 c:/nxp/mcuxpressoide_10.0.2_411/ide/tools/bin/../lib/gcc/arm-none-eabi/5.4.1/armv6-m\libgcc.a(gedf2.o)
                0x000025e4                __gedf2
                0x000025e4                __gtdf2
 .text          0x000026ac       0xd4 c:/nxp/mcuxpressoide_10.0.2_411/ide/tools/bin/../lib/gcc/arm-none-eabi/5.4.1/armv6-m\libgcc.a(ledf2.o)
                0x000026ac                __ledf2
                0x000026ac                __ltdf2
 .text          0x00002780      0x4f4 c:/nxp/mcuxpressoide_10.0.2_411/ide/tools/bin/../lib/gcc/arm-none-eabi/5.4.1/armv6-m\libgcc.a(muldf3.o)
                0x00002780                __aeabi_dmul
 .text          0x00002c74      0x6a8 c:/nxp/mcuxpressoide_10.0.2_411/ide/tools/bin/../lib/gcc/arm-none-eabi/5.4.1/armv6-m\libgcc.a(subdf3.o)
                0x00002c74                __aeabi_dsub
 .text          0x0000331c       0x40 c:/nxp/mcuxpressoide_10.0.2_411/ide/tools/bin/../lib/gcc/arm-none-eabi/5.4.1/armv6-m\libgcc.a(unorddf2.o)
                0x0000331c                __aeabi_dcmpun
 .text          0x0000335c       0x6c c:/nxp/mcuxpressoide_10.0.2_411/ide/tools/bin/../lib/gcc/arm-none-eabi/5.4.1/armv6-m\libgcc.a(fixdfsi.o)
                0x0000335c                __aeabi_d2iz
 .text          0x000033c8       0x84 c:/nxp/mcuxpressoide_10.0.2_411/ide/tools/bin/../lib/gcc/arm-none-eabi/5.4.1/armv6-m\libgcc.a(floatsidf.o)
                0x000033c8                __aeabi_i2d
 .text          0x0000344c       0x70 c:/nxp/mcuxpressoide_10.0.2_411/ide/tools/bin/../lib/gcc/arm-none-eabi/5.4.1/armv6-m\libgcc.a(floatunsidf.o)
                0x0000344c                __aeabi_ui2d
 .text          0x000034bc       0x3c c:/nxp/mcuxpressoide_10.0.2_411/ide/tools/bin/../lib/gcc/arm-none-eabi/5.4.1/armv6-m\libgcc.a(_clzsi2.o)
                0x000034bc                __clzsi2
 .text          0x000034f8       0x18 c:/nxp/mcuxpressoide_10.0.2_411/ide/tools/bin/../lib/gcc/arm-none-eabi/5.4.1/armv6-m\libgcc.a(_clzdi2.o)
                0x000034f8                __clzdi2
 .text          0x00003510       0x38 C:\Users\Kiran\Documents\Homework\COMP3215\Lab3\frdmkw41z_wireless_examples_genfsk_connectivity_test_freertos_node\libs\lib_crypto_m0.a(SW_RNG.o)
                0x00003510                SecLib_set_rng_seed
                0x00003520                SecLib_get_random
 *(.text*)
 .text.DbgConsole_Printf
                0x00003548       0x44 ./utilities/fsl_debug_console.o
                0x00003548                DbgConsole_Printf
 .text.DbgConsole_Putchar
                0x0000358c       0x34 ./utilities/fsl_debug_console.o
                0x0000358c                DbgConsole_Putchar
 .text.DbgConsole_PrintfPaddingCharacter
                0x000035c0       0x48 ./utilities/fsl_debug_console.o
 .text.DbgConsole_ConvertRadixNumToString
                0x00003608      0x114 ./utilities/fsl_debug_console.o
 .text.DbgConsole_PrintfFormattedData
                0x0000371c      0x334 ./utilities/fsl_debug_console.o
 .text.main_task
                0x00003a50      0x140 ./source/connectivity_test.o
                0x00003a50                main_task
 .text.App_Thread
                0x00003b90       0x54 ./source/connectivity_test.o
 .text.App_HandleEvents
                0x00003be4       0x9c ./source/connectivity_test.o
 .text.App_GenFskReceiveCallback
                0x00003c80       0x60 ./source/connectivity_test.o
 .text.App_GenFskEventNotificationCallback
                0x00003ce0       0x6c ./source/connectivity_test.o
 .text.App_SerialCallback
                0x00003d4c       0x14 ./source/connectivity_test.o
 .text.App_NotifyAppThread
                0x00003d60        0xc ./source/connectivity_test.o
 .text.App_TimerCallback
                0x00003d6c       0x20 ./source/connectivity_test.o
 .text.CT_GenFskInit
                0x00003d8c      0x1c8 ./source/gen_fsk_tests.o
                0x00003d8c                CT_GenFskInit
 .text.CT_PacketErrorRate
                0x00003f54       0x68 ./source/gen_fsk_tests.o
                0x00003f54                CT_PacketErrorRate
 .text.CT_PacketErrorRateRx
                0x00003fbc      0x298 ./source/gen_fsk_tests.o
 .text.CT_PacketErrorRateTx
                0x00004254      0x240 ./source/gen_fsk_tests.o
                0x00004254                CT_PacketErrorRateTx
 .text.PrintPerRxInfo
                0x00004494      0x110 ./source/menus.o
                0x00004494                PrintPerRxInfo
 .text.PrintPerRxFinal
                0x000045a4       0xe0 ./source/menus.o
                0x000045a4                PrintPerRxFinal
 .text.PrintPerTxPackets
                0x00004684       0x74 ./source/menus.o
                0x00004684                PrintPerTxPackets
 .text.pppInitStruct
                0x000046f8       0xa4 ./source/ppp-blinky.o
                0x000046f8                pppInitStruct
 .text.checkPc  0x0000479c        0xc ./source/ppp-blinky.o
                0x0000479c                checkPc
 .text.putsWhileCheckingInput
                0x000047a8       0x10 ./source/ppp-blinky.o
                0x000047a8                putsWhileCheckingInput
 .text.fcsReset
                0x000047b8       0x18 ./source/ppp-blinky.o
                0x000047b8                fcsReset
 .text.fcsDo    0x000047d0       0x58 ./source/ppp-blinky.o
                0x000047d0                fcsDo
 .text.fcsBuf   0x00004828       0x40 ./source/ppp-blinky.o
                0x00004828                fcsBuf
 .text.pc_getBuf
                0x00004868       0x50 ./source/ppp-blinky.o
                0x00004868                pc_getBuf
 .text.dumpPPPFrame
                0x000048b8       0x8c ./source/ppp-blinky.o
                0x000048b8                dumpPPPFrame
 .text.processPPPFrame
                0x00004944      0x150 ./source/ppp-blinky.o
                0x00004944                processPPPFrame
 .text.pcPutcWhileCheckingInput
                0x00004a94       0x30 ./source/ppp-blinky.o
                0x00004a94                pcPutcWhileCheckingInput
 .text.hdlcPut  0x00004ac4       0x48 ./source/ppp-blinky.o
                0x00004ac4                hdlcPut
 .text.sendPppFrame
                0x00004b0c       0xb0 ./source/ppp-blinky.o
                0x00004b0c                sendPppFrame
 .text.bufferToIP
                0x00004bbc       0x38 ./source/ppp-blinky.o
                0x00004bbc                bufferToIP
 .text.ipcpConfigRequestHandler
                0x00004bf4       0x68 ./source/ppp-blinky.o
                0x00004bf4                ipcpConfigRequestHandler
 .text.ipcpAckHandler
                0x00004c5c        0xc ./source/ppp-blinky.o
                0x00004c5c                ipcpAckHandler
 .text.ipcpNackHandler
                0x00004c68       0x24 ./source/ppp-blinky.o
                0x00004c68                ipcpNackHandler
 .text.ipcpDefaultHandler
                0x00004c8c        0xc ./source/ppp-blinky.o
                0x00004c8c                ipcpDefaultHandler
 .text.IPCPframe
                0x00004c98       0x40 ./source/ppp-blinky.o
                0x00004c98                IPCPframe
 .text.dataCheckSum
                0x00004cd8       0xc8 ./source/ppp-blinky.o
                0x00004cd8                dataCheckSum
 .text.IpHeaderCheckSum
                0x00004da0       0x50 ./source/ppp-blinky.o
                0x00004da0                IpHeaderCheckSum
 .text.swapIpAddresses
                0x00004df0       0x30 ./source/ppp-blinky.o
                0x00004df0                swapIpAddresses
 .text.swapIpPorts
                0x00004e20       0x5c ./source/ppp-blinky.o
                0x00004e20                swapIpPorts
 .text.checkSumPseudoHeader
                0x00004e7c       0x64 ./source/ppp-blinky.o
                0x00004e7c                checkSumPseudoHeader
 .text.initIP   0x00004ee0       0xf4 ./source/ppp-blinky.o
                0x00004ee0                initIP
 .text.sendUdp  0x00004fd4      0x110 ./source/ppp-blinky.o
                0x00004fd4                sendUdp
 .text.UDPpacket
                0x000050e4      0x218 ./source/ppp-blinky.o
                0x000050e4                UDPpacket
 .text.ICMPpacket
                0x000052fc       0xd8 ./source/ppp-blinky.o
                0x000052fc                ICMPpacket
 .text.IGMPpacket
                0x000053d4        0xc ./source/ppp-blinky.o
                0x000053d4                IGMPpacket
 .text.dumpHeaderIP
                0x000053e0       0x10 ./source/ppp-blinky.o
                0x000053e0                dumpHeaderIP
 .text.dumpHeaderTCP
                0x000053f0       0x10 ./source/ppp-blinky.o
                0x000053f0                dumpHeaderTCP
 .text.httpResponse
                0x00005400      0x240 ./source/ppp-blinky.o
                0x00005400                httpResponse
 .text.dumpDataTCP
                0x00005640       0x10 ./source/ppp-blinky.o
                0x00005640                dumpDataTCP
 .text.tcpHandler
                0x00005650      0x288 ./source/ppp-blinky.o
                0x00005650                tcpHandler
 .text.TCPpacket
                0x000058d8       0x20 ./source/ppp-blinky.o
                0x000058d8                TCPpacket
 .text.otherProtocol
                0x000058f8        0xc ./source/ppp-blinky.o
                0x000058f8                otherProtocol
 .text.IPframe  0x00005904       0x50 ./source/ppp-blinky.o
                0x00005904                IPframe
 .text.LCPconfReq
                0x00005954       0x50 ./source/ppp-blinky.o
                0x00005954                LCPconfReq
 .text.LCPconfAck
                0x000059a4        0xc ./source/ppp-blinky.o
                0x000059a4                LCPconfAck
 .text.LCPend   0x000059b0       0x24 ./source/ppp-blinky.o
                0x000059b0                LCPend
 .text.LCPother
                0x000059d4       0x10 ./source/ppp-blinky.o
                0x000059d4                LCPother
 .text.LCPframe
                0x000059e4       0x40 ./source/ppp-blinky.o
                0x000059e4                LCPframe
 .text.discardedFrame
                0x00005a24        0xc ./source/ppp-blinky.o
                0x00005a24                discardedFrame
 .text.determinePacketType
                0x00005a30       0x70 ./source/ppp-blinky.o
                0x00005a30                determinePacketType
 .text.pppReceiveHandler
                0x00005aa0      0x154 ./source/ppp-blinky.o
                0x00005aa0                pppReceiveHandler
 .text.initializePpp
                0x00005bf4       0x38 ./source/ppp-blinky.o
                0x00005bf4                initializePpp
 .text.NVIC_EnableIRQ
                0x00005c2c       0x2c ./genfsk/genfsk_isr.o
 .text.NVIC_ClearPendingIRQ
                0x00005c58       0x30 ./genfsk/genfsk_isr.o
 .text.NVIC_SetPriority
                0x00005c88       0xdc ./genfsk/genfsk_isr.o
 .text.GENFSK_UnprotectFromXcvrInterrupt
                0x00005d64       0x58 ./genfsk/genfsk_isr.o
                0x00005d64                GENFSK_UnprotectFromXcvrInterrupt
 .text.GENFSK_DisableInterrupts
                0x00005dbc       0x68 ./genfsk/genfsk_isr.o
                0x00005dbc                GENFSK_DisableInterrupts
 .text.GENFSK_EnableInterrupts
                0x00005e24       0x68 ./genfsk/genfsk_isr.o
                0x00005e24                GENFSK_EnableInterrupts
 .text.PWRLib_ClearRSIMDsmInt
                0x00005e8c        0xc ./genfsk/genfsk_isr.o
                0x00005e8c                PWRLib_ClearRSIMDsmInt
 .text.GENFSK_InterruptHandler
                0x00005e98      0x2b0 ./genfsk/genfsk_isr.o
                0x00005e98                GENFSK_InterruptHandler
 .text.GENFSK_InstallInterrupt
                0x00006148       0x54 ./genfsk/genfsk_isr.o
                0x00006148                GENFSK_InstallInterrupt
 .text.GENFSK_Command
                0x0000619c       0x20 ./genfsk/genfsk_ll.o
 .text.GENFSK_RxTimeoutCallback
                0x000061bc       0x68 ./genfsk/genfsk_ll.o
 .text.GENFSK_Init
                0x00006224       0xd0 ./genfsk/genfsk_ll.o
                0x00006224                GENFSK_Init
 .text.GENFSK_AllocInstance
                0x000062f4      0x248 ./genfsk/genfsk_ll.o
                0x000062f4                GENFSK_AllocInstance
 .text.GENFSK_RadioConfig
                0x0000653c      0x2c0 ./genfsk/genfsk_ll.o
                0x0000653c                GENFSK_RadioConfig
 .text.GENFSK_SetPacketConfig
                0x000067fc      0x4a0 ./genfsk/genfsk_ll.o
                0x000067fc                GENFSK_SetPacketConfig
 .text.GENFSK_SetCrcConfig
                0x00006c9c      0x3ac ./genfsk/genfsk_ll.o
                0x00006c9c                GENFSK_SetCrcConfig
 .text.GENFSK_SetWhitenerConfig
                0x00007048      0x538 ./genfsk/genfsk_ll.o
                0x00007048                GENFSK_SetWhitenerConfig
 .text.GENFSK_SetNetworkAddress
                0x00007580      0x428 ./genfsk/genfsk_ll.o
                0x00007580                GENFSK_SetNetworkAddress
 .text.GENFSK_EnableNetworkAddress
                0x000079a8      0x148 ./genfsk/genfsk_ll.o
                0x000079a8                GENFSK_EnableNetworkAddress
 .text.GENFSK_SetChannelNumber
                0x00007af0      0x12c ./genfsk/genfsk_ll.o
                0x00007af0                GENFSK_SetChannelNumber
 .text.GENFSK_SetTxPowerLevel
                0x00007c1c      0x158 ./genfsk/genfsk_ll.o
                0x00007c1c                GENFSK_SetTxPowerLevel
 .text.GENFSK_StartTx
                0x00007d74      0x3bc ./genfsk/genfsk_ll.o
                0x00007d74                GENFSK_StartTx
 .text.GENFSK_StartRx
                0x00008130      0x3e0 ./genfsk/genfsk_ll.o
                0x00008130                GENFSK_StartRx
 .text.GENFSK_AbortAll
                0x00008510       0xa0 ./genfsk/genfsk_ll.o
                0x00008510                GENFSK_AbortAll
 .text.GENFSK_GetTimestamp
                0x000085b0       0x34 ./genfsk/genfsk_ll.o
                0x000085b0                GENFSK_GetTimestamp
 .text.GENFSK_RegisterCallbacks
                0x000085e4       0x78 ./genfsk/genfsk_ll.o
                0x000085e4                GENFSK_RegisterCallbacks
 .text.GENFSK_PacketToByteArray
                0x0000865c      0x4c8 ./genfsk/genfsk_ll.o
                0x0000865c                GENFSK_PacketToByteArray
 .text.GENFSK_ByteArrayToPacket
                0x00008b24      0x458 ./genfsk/genfsk_ll.o
                0x00008b24                GENFSK_ByteArrayToPacket
 .text.GENFSK_Task
                0x00008f7c      0xc3c ./genfsk/genfsk_ll.o
 .text.GENFSK_TimeSetWaitTimeout
                0x00009bb8       0x54 ./genfsk/genfsk_time.o
 .text.GENFSK_TimeRunCallback
                0x00009c0c       0x3c ./genfsk/genfsk_time.o
 .text.GENFSK_TimeMaintenance
                0x00009c48       0x78 ./genfsk/genfsk_time.o
 .text.GENFSK_TimeOverflowCb
                0x00009cc0       0x34 ./genfsk/genfsk_time.o
 .text.GENFSK_TimeGetNextEvent
                0x00009cf4       0x84 ./genfsk/genfsk_time.o
 .text.GENFSK_TimeInit
                0x00009d78       0x58 ./genfsk/genfsk_time.o
                0x00009d78                GENFSK_TimeInit
 .text.GENFSK_TimeGetTimestamp
                0x00009dd0       0x88 ./genfsk/genfsk_time.o
                0x00009dd0                GENFSK_TimeGetTimestamp
 .text.GENFSK_TimeDisableWaitTimeout
                0x00009e58       0x28 ./genfsk/genfsk_time.o
                0x00009e58                GENFSK_TimeDisableWaitTimeout
 .text.GENFSK_TimeScheduleEvent
                0x00009e80       0xe4 ./genfsk/genfsk_time.o
                0x00009e80                GENFSK_TimeScheduleEvent
 .text.GENFSK_TimeCancelEvent
                0x00009f64       0x70 ./genfsk/genfsk_time.o
                0x00009f64                GENFSK_TimeCancelEvent
 .text.GENFSK_TimeISR
                0x00009fd4       0x40 ./genfsk/genfsk_time.o
                0x00009fd4                GENFSK_TimeISR
 .text.GENFSK_WritePacketBuffer
                0x0000a014       0x78 ./genfsk/genfsk_utils.o
                0x0000a014                GENFSK_WritePacketBuffer
 .text.GENFSK_ReadPacketBuffer
                0x0000a08c       0x78 ./genfsk/genfsk_utils.o
                0x0000a08c                GENFSK_ReadPacketBuffer
 .text.GENFSK_Reverse9Bit
                0x0000a104       0xf8 ./genfsk/genfsk_utils.o
                0x0000a104                GENFSK_Reverse9Bit
 .text.GENFSK_SwitchToInstance
                0x0000a1fc      0x320 ./genfsk/genfsk_utils.o
                0x0000a1fc                GENFSK_SwitchToInstance
 .text.GENFSK_MskPreProcessing
                0x0000a51c       0xcc ./genfsk/genfsk_utils.o
                0x0000a51c                GENFSK_MskPreProcessing
 .text.GENFSK_MskPostProcessing
                0x0000a5e8      0x1ec ./genfsk/genfsk_utils.o
                0x0000a5e8                GENFSK_MskPostProcessing
 .text.xEventGroupCreate
                0x0000a7d4       0x30 ./freertos/event_groups.o
                0x0000a7d4                xEventGroupCreate
 .text.xEventGroupWaitBits
                0x0000a804      0x148 ./freertos/event_groups.o
                0x0000a804                xEventGroupWaitBits
 .text.xEventGroupSetBits
                0x0000a94c       0xf4 ./freertos/event_groups.o
                0x0000a94c                xEventGroupSetBits
 .text.vEventGroupSetBitsCallback
                0x0000aa40       0x20 ./freertos/event_groups.o
                0x0000aa40                vEventGroupSetBitsCallback
 .text.prvTestWaitCondition
                0x0000aa60       0x40 ./freertos/event_groups.o
 .text.xEventGroupSetBitsFromISR
                0x0000aaa0       0x2c ./freertos/event_groups.o
                0x0000aaa0                xEventGroupSetBitsFromISR
 .text.prvSetupTimerInterrupt
                0x0000aacc       0x3c ./freertos/fsl_tickless_lptmr.o
                0x0000aacc                prvSetupTimerInterrupt
 .text.pvPortMalloc
                0x0000ab08      0x14c ./freertos/heap_4.o
                0x0000ab08                pvPortMalloc
 .text.vPortFree
                0x0000ac54       0x90 ./freertos/heap_4.o
                0x0000ac54                vPortFree
 .text.prvHeapInit
                0x0000ace4       0xc0 ./freertos/heap_4.o
 .text.prvInsertBlockIntoFreeList
                0x0000ada4       0xb0 ./freertos/heap_4.o
 .text.vListInitialise
                0x0000ae54       0x3c ./freertos/list.o
                0x0000ae54                vListInitialise
 .text.vListInitialiseItem
                0x0000ae90       0x18 ./freertos/list.o
                0x0000ae90                vListInitialiseItem
 .text.vListInsertEnd
                0x0000aea8       0x44 ./freertos/list.o
                0x0000aea8                vListInsertEnd
 .text.vListInsert
                0x0000aeec       0x6c ./freertos/list.o
                0x0000aeec                vListInsert
 .text.uxListRemove
                0x0000af58       0x50 ./freertos/list.o
                0x0000af58                uxListRemove
 .text.pxPortInitialiseStack
                0x0000afa8       0x54 ./freertos/port.o
                0x0000afa8                pxPortInitialiseStack
 .text.prvTaskExitError
                0x0000affc       0x18 ./freertos/port.o
 .text.SVC_Handler
                0x0000b014        0xc ./freertos/port.o
                0x0000b014                SVC_Handler
 .text.vPortStartFirstTask
                0x0000b020       0x38 ./freertos/port.o
 .text.xPortStartScheduler
                0x0000b058       0x44 ./freertos/port.o
                0x0000b058                xPortStartScheduler
 .text.vPortYield
                0x0000b09c       0x20 ./freertos/port.o
                0x0000b09c                vPortYield
 .text.vPortEnterCritical
                0x0000b0bc       0x24 ./freertos/port.o
                0x0000b0bc                vPortEnterCritical
 .text.vPortExitCritical
                0x0000b0e0       0x30 ./freertos/port.o
                0x0000b0e0                vPortExitCritical
 .text.ulSetInterruptMaskFromISR
                0x0000b110        0xc ./freertos/port.o
                0x0000b110                ulSetInterruptMaskFromISR
 .text.vClearInterruptMaskFromISR
                0x0000b11c        0x8 ./freertos/port.o
                0x0000b11c                vClearInterruptMaskFromISR
 *fill*         0x0000b124        0xc 
 .text.PendSV_Handler
                0x0000b130       0x48 ./freertos/port.o
                0x0000b130                PendSV_Handler
 .text.SysTick_Handler
                0x0000b178       0x34 ./freertos/port.o
                0x0000b178                SysTick_Handler
 .text.xQueueGenericReset
                0x0000b1ac       0xa8 ./freertos/queue.o
                0x0000b1ac                xQueueGenericReset
 .text.xQueueGenericCreate
                0x0000b254       0x64 ./freertos/queue.o
                0x0000b254                xQueueGenericCreate
 .text.prvInitialiseNewQueue
                0x0000b2b8       0x50 ./freertos/queue.o
 .text.prvInitialiseMutex
                0x0000b308       0x34 ./freertos/queue.o
 .text.xQueueCreateMutex
                0x0000b33c       0x38 ./freertos/queue.o
                0x0000b33c                xQueueCreateMutex
 .text.xQueueCreateCountingSemaphore
                0x0000b374       0x48 ./freertos/queue.o
                0x0000b374                xQueueCreateCountingSemaphore
 .text.xQueueGenericSend
                0x0000b3bc      0x188 ./freertos/queue.o
                0x0000b3bc                xQueueGenericSend
 .text.xQueueGenericSendFromISR
                0x0000b544       0xe4 ./freertos/queue.o
                0x0000b544                xQueueGenericSendFromISR
 .text.xQueueGiveFromISR
                0x0000b628       0xcc ./freertos/queue.o
                0x0000b628                xQueueGiveFromISR
 .text.xQueueGenericReceive
                0x0000b6f4      0x1c8 ./freertos/queue.o
                0x0000b6f4                xQueueGenericReceive
 .text.prvCopyDataToQueue
                0x0000b8bc       0xd8 ./freertos/queue.o
 .text.prvCopyDataFromQueue
                0x0000b994       0x4c ./freertos/queue.o
 .text.prvUnlockQueue
                0x0000b9e0       0xc0 ./freertos/queue.o
 .text.prvIsQueueEmpty
                0x0000baa0       0x2c ./freertos/queue.o
 .text.prvIsQueueFull
                0x0000bacc       0x30 ./freertos/queue.o
 .text.vQueueAddToRegistry
                0x0000bafc       0x50 ./freertos/queue.o
                0x0000bafc                vQueueAddToRegistry
 .text.vQueueWaitForMessageRestricted
                0x0000bb4c       0x68 ./freertos/queue.o
                0x0000bb4c                vQueueWaitForMessageRestricted
 .text.xTaskCreate
                0x0000bbb4       0x90 ./freertos/tasks.o
                0x0000bbb4                xTaskCreate
 .text.prvInitialiseNewTask
                0x0000bc44      0x12c ./freertos/tasks.o
 .text.prvAddNewTaskToReadyList
                0x0000bd70       0xd0 ./freertos/tasks.o
 .text.vTaskStartScheduler
                0x0000be40       0x78 ./freertos/tasks.o
                0x0000be40                vTaskStartScheduler
 .text.vTaskSuspendAll
                0x0000beb8       0x18 ./freertos/tasks.o
                0x0000beb8                vTaskSuspendAll
 .text.xTaskResumeAll
                0x0000bed0      0x118 ./freertos/tasks.o
                0x0000bed0                xTaskResumeAll
 .text.xTaskGetTickCount
                0x0000bfe8       0x1c ./freertos/tasks.o
                0x0000bfe8                xTaskGetTickCount
 .text.xTaskIncrementTick
                0x0000c004      0x14c ./freertos/tasks.o
                0x0000c004                xTaskIncrementTick
 .text.vTaskSwitchContext
                0x0000c150       0xa4 ./freertos/tasks.o
                0x0000c150                vTaskSwitchContext
 .text.vTaskPlaceOnEventList
                0x0000c1f4       0x3c ./freertos/tasks.o
                0x0000c1f4                vTaskPlaceOnEventList
 .text.vTaskPlaceOnUnorderedEventList
                0x0000c230       0x5c ./freertos/tasks.o
                0x0000c230                vTaskPlaceOnUnorderedEventList
 .text.vTaskPlaceOnEventListRestricted
                0x0000c28c       0x4c ./freertos/tasks.o
                0x0000c28c                vTaskPlaceOnEventListRestricted
 .text.xTaskRemoveFromEventList
                0x0000c2d8       0xb8 ./freertos/tasks.o
                0x0000c2d8                xTaskRemoveFromEventList
 .text.xTaskRemoveFromUnorderedEventList
                0x0000c390       0xb0 ./freertos/tasks.o
                0x0000c390                xTaskRemoveFromUnorderedEventList
 .text.vTaskSetTimeOutState
                0x0000c440       0x34 ./freertos/tasks.o
                0x0000c440                vTaskSetTimeOutState
 .text.xTaskCheckForTimeOut
                0x0000c474       0x9c ./freertos/tasks.o
                0x0000c474                xTaskCheckForTimeOut
 .text.vTaskMissedYield
                0x0000c510       0x14 ./freertos/tasks.o
                0x0000c510                vTaskMissedYield
 .text.prvIdleTask
                0x0000c524       0x20 ./freertos/tasks.o
 .text.prvInitialiseTaskLists
                0x0000c544       0x88 ./freertos/tasks.o
 .text.prvCheckTasksWaitingTermination
                0x0000c5cc       0x74 ./freertos/tasks.o
 .text.prvDeleteTCB
                0x0000c640       0x24 ./freertos/tasks.o
 .text.prvResetNextTaskUnblockTime
                0x0000c664       0x48 ./freertos/tasks.o
 .text.xTaskGetCurrentTaskHandle
                0x0000c6ac       0x1c ./freertos/tasks.o
                0x0000c6ac                xTaskGetCurrentTaskHandle
 .text.xTaskGetSchedulerState
                0x0000c6c8       0x38 ./freertos/tasks.o
                0x0000c6c8                xTaskGetSchedulerState
 .text.vTaskPriorityInherit
                0x0000c700       0xbc ./freertos/tasks.o
                0x0000c700                vTaskPriorityInherit
 .text.xTaskPriorityDisinherit
                0x0000c7bc       0xb8 ./freertos/tasks.o
                0x0000c7bc                xTaskPriorityDisinherit
 .text.uxTaskResetEventItemValue
                0x0000c874       0x2c ./freertos/tasks.o
                0x0000c874                uxTaskResetEventItemValue
 .text.pvTaskIncrementMutexHeldCount
                0x0000c8a0       0x24 ./freertos/tasks.o
                0x0000c8a0                pvTaskIncrementMutexHeldCount
 .text.prvAddCurrentTaskToDelayedList
                0x0000c8c4       0xa8 ./freertos/tasks.o
 .text.xTimerCreateTimerTask
                0x0000c96c       0x54 ./freertos/timers.o
                0x0000c96c                xTimerCreateTimerTask
 .text.xTimerGenericCommand
                0x0000c9c0       0x9c ./freertos/timers.o
                0x0000c9c0                xTimerGenericCommand
 .text.prvProcessExpiredTimer
                0x0000ca5c       0x70 ./freertos/timers.o
 .text.prvTimerTask
                0x0000cacc       0x28 ./freertos/timers.o
 .text.prvProcessTimerOrBlockTask
                0x0000caf4       0x8c ./freertos/timers.o
 .text.prvGetNextExpireTime
                0x0000cb80       0x40 ./freertos/timers.o
 .text.prvSampleTimeNow
                0x0000cbc0       0x40 ./freertos/timers.o
 .text.prvInsertTimerInActiveList
                0x0000cc00       0x84 ./freertos/timers.o
 .text.prvProcessReceivedCommands
                0x0000cc84      0x12c ./freertos/timers.o
 .text.prvSwitchTimerLists
                0x0000cdb0       0xb4 ./freertos/timers.o
 .text.prvCheckForValidListAndQueue
                0x0000ce64       0x74 ./freertos/timers.o
 .text.xTimerPendFunctionCallFromISR
                0x0000ced8       0x54 ./freertos/timers.o
                0x0000ced8                xTimerPendFunctionCallFromISR
 .text.XCVR_Init
                0x0000cf2c      0x134 ./framework/XCVR/MKW41Z4/fsl_xcvr.o
                0x0000cf2c                XCVR_Init
 .text.XCVR_GetDefaultConfig
                0x0000d060      0x170 ./framework/XCVR/MKW41Z4/fsl_xcvr.o
                0x0000d060                XCVR_GetDefaultConfig
 .text.XCVR_Configure
                0x0000d1d0      0x98c ./framework/XCVR/MKW41Z4/fsl_xcvr.o
                0x0000d1d0                XCVR_Configure
 .text.XCVR_ChangeMode
                0x0000db5c       0x88 ./framework/XCVR/MKW41Z4/fsl_xcvr.o
                0x0000db5c                XCVR_ChangeMode
 .text.XcvrPanic
                0x0000dbe4       0x40 ./framework/XCVR/MKW41Z4/fsl_xcvr.o
                0x0000dbe4                XcvrPanic
 .text.XCVR_SetXtalTrim
                0x0000dc24       0x68 ./framework/XCVR/MKW41Z4/fsl_xcvr.o
                0x0000dc24                XCVR_SetXtalTrim
 .text.XCVR_OverrideChannel
                0x0000dc8c      0x13c ./framework/XCVR/MKW41Z4/fsl_xcvr.o
                0x0000dc8c                XCVR_OverrideChannel
 .text.XCVR_ForceRxWu
                0x0000ddc8       0x1c ./framework/XCVR/MKW41Z4/fsl_xcvr.o
                0x0000ddc8                XCVR_ForceRxWu
 .text.XCVR_ForceRxWd
                0x0000dde4       0x1c ./framework/XCVR/MKW41Z4/fsl_xcvr.o
                0x0000dde4                XCVR_ForceRxWd
 .text.calc_dcoc_dac_step
                0x0000de00       0x88 ./framework/XCVR/MKW41Z4/fsl_xcvr_trim.o
                0x0000de00                calc_dcoc_dac_step
 .text.XcvrCalDelay
                0x0000de88       0x20 ./framework/XCVR/MKW41Z4/fsl_xcvr_trim.o
                0x0000de88                XcvrCalDelay
 .text.rx_dc_est_average
                0x0000dea8      0x1a4 ./framework/XCVR/MKW41Z4/fsl_xcvr_trim.o
                0x0000dea8                rx_dc_est_average
 .text.rx_bba_dcoc_dac_trim_DCest
                0x0000e04c      0x7d8 ./framework/XCVR/MKW41Z4/fsl_xcvr_trim.o
                0x0000e04c                rx_bba_dcoc_dac_trim_DCest
 .text.DCOC_DAC_INIT_Cal
                0x0000e824      0x680 ./framework/XCVR/MKW41Z4/fsl_xcvr_trim.o
                0x0000e824                DCOC_DAC_INIT_Cal
 .text.read_first_ifr_word
                0x0000eea4       0x20 ./framework/XCVR/MKW41Z4/ifr_radio.o
                0x0000eea4                read_first_ifr_word
 .text.read_another_ifr_word
                0x0000eec4       0x2c ./framework/XCVR/MKW41Z4/ifr_radio.o
                0x0000eec4                read_another_ifr_word
 .text.read_resource_ifr
                0x0000eef0       0xd0 ./framework/XCVR/MKW41Z4/ifr_radio.o
                0x0000eef0                read_resource_ifr
 .text.store_sw_trim
                0x0000efc0       0x9c ./framework/XCVR/MKW41Z4/ifr_radio.o
                0x0000efc0                store_sw_trim
 .text.handle_ifr
                0x0000f05c      0x184 ./framework/XCVR/MKW41Z4/ifr_radio.o
                0x0000f05c                handle_ifr
 .text.NVIC_EnableIRQ
                0x0000f1e0       0x2c ./framework/TimersManager/Source/TMR_Adapter.o
 .text.NVIC_ClearPendingIRQ
                0x0000f20c       0x30 ./framework/TimersManager/Source/TMR_Adapter.o
 .text.NVIC_SetPriority
                0x0000f23c       0xdc ./framework/TimersManager/Source/TMR_Adapter.o
 .text.TPM_GetStatusFlags
                0x0000f318       0x14 ./framework/TimersManager/Source/TMR_Adapter.o
 .text.TPM_ClearStatusFlags
                0x0000f32c       0x18 ./framework/TimersManager/Source/TMR_Adapter.o
 .text.TPM_StartTimer
                0x0000f344       0x3c ./framework/TimersManager/Source/TMR_Adapter.o
 .text.TPM_StopTimer
                0x0000f380       0x2c ./framework/TimersManager/Source/TMR_Adapter.o
 .text.StackTimer_Init
                0x0000f3ac       0xa0 ./framework/TimersManager/Source/TMR_Adapter.o
                0x0000f3ac                StackTimer_Init
 .text.StackTimer_Enable
                0x0000f44c       0x1c ./framework/TimersManager/Source/TMR_Adapter.o
                0x0000f44c                StackTimer_Enable
 .text.StackTimer_Disable
                0x0000f468       0x18 ./framework/TimersManager/Source/TMR_Adapter.o
                0x0000f468                StackTimer_Disable
 .text.StackTimer_GetInputFrequency
                0x0000f480       0x24 ./framework/TimersManager/Source/TMR_Adapter.o
                0x0000f480                StackTimer_GetInputFrequency
 .text.StackTimer_GetCounterValue
                0x0000f4a4       0x14 ./framework/TimersManager/Source/TMR_Adapter.o
                0x0000f4a4                StackTimer_GetCounterValue
 .text.StackTimer_SetOffsetTicks
                0x0000f4b8       0x24 ./framework/TimersManager/Source/TMR_Adapter.o
                0x0000f4b8                StackTimer_SetOffsetTicks
 .text.StackTimer_ClearIntFlag
                0x0000f4dc       0x30 ./framework/TimersManager/Source/TMR_Adapter.o
                0x0000f4dc                StackTimer_ClearIntFlag
 .text.TMR_GetTimerStatus
                0x0000f50c       0x28 ./framework/TimersManager/Source/TimersManager.o
 .text.TMR_SetTimerStatus
                0x0000f534       0x44 ./framework/TimersManager/Source/TimersManager.o
 .text.TMR_GetTimerType
                0x0000f578       0x28 ./framework/TimersManager/Source/TimersManager.o
 .text.TMR_SetTimerType
                0x0000f5a0       0x44 ./framework/TimersManager/Source/TimersManager.o
 .text.TmrTicksFromMilliseconds
                0x0000f5e4       0x4c ./framework/TimersManager/Source/TimersManager.o
                0x0000f5e4                TmrTicksFromMilliseconds
 .text.TMR_Init
                0x0000f630       0x80 ./framework/TimersManager/Source/TimersManager.o
                0x0000f630                TMR_Init
 .text.TMR_NotifyClkChanged
                0x0000f6b0       0x44 ./framework/TimersManager/Source/TimersManager.o
                0x0000f6b0                TMR_NotifyClkChanged
 .text.TMR_AllocateTimer
                0x0000f6f4       0x50 ./framework/TimersManager/Source/TimersManager.o
                0x0000f6f4                TMR_AllocateTimer
 .text.StackTimer_ISR
                0x0000f744       0x24 ./framework/TimersManager/Source/TimersManager.o
 .text.TMR_StartTimer
                0x0000f768       0xf4 ./framework/TimersManager/Source/TimersManager.o
                0x0000f768                TMR_StartTimer
 .text.TMR_StartLowPowerTimer
                0x0000f85c       0x44 ./framework/TimersManager/Source/TimersManager.o
                0x0000f85c                TMR_StartLowPowerTimer
 .text.TMR_StopTimer
                0x0000f8a0       0xec ./framework/TimersManager/Source/TimersManager.o
                0x0000f8a0                TMR_StopTimer
 .text.TMR_Task
                0x0000f98c      0x574 ./framework/TimersManager/Source/TimersManager.o
                0x0000f98c                TMR_Task
 .text.TMR_EnableTimer
                0x0000ff00       0x84 ./framework/TimersManager/Source/TimersManager.o
                0x0000ff00                TMR_EnableTimer
 .text.NVIC_EnableIRQ
                0x0000ff84       0x2c ./framework/SerialManager/Source/UART_Adapter/UART_Adapter.o
 .text.NVIC_SetPriority
                0x0000ffb0       0xdc ./framework/SerialManager/Source/UART_Adapter/UART_Adapter.o
 .text.LPUART_WriteByte
                0x0001008c       0x20 ./framework/SerialManager/Source/UART_Adapter/UART_Adapter.o
 .text.LPUART_ReadByte
                0x000100ac       0x18 ./framework/SerialManager/Source/UART_Adapter/UART_Adapter.o
 .text.LPUART_Initialize
                0x000100c4       0xec ./framework/SerialManager/Source/UART_Adapter/UART_Adapter.o
                0x000100c4                LPUART_Initialize
 .text.LPUART_SetBaudrate
                0x000101b0       0x44 ./framework/SerialManager/Source/UART_Adapter/UART_Adapter.o
                0x000101b0                LPUART_SetBaudrate
 .text.LPUART_SendData
                0x000101f4       0xc0 ./framework/SerialManager/Source/UART_Adapter/UART_Adapter.o
                0x000101f4                LPUART_SendData
 .text.LPUART_InstallRxCalback
                0x000102b4       0x44 ./framework/SerialManager/Source/UART_Adapter/UART_Adapter.o
                0x000102b4                LPUART_InstallRxCalback
 .text.LPUART_InstallTxCalback
                0x000102f8       0x44 ./framework/SerialManager/Source/UART_Adapter/UART_Adapter.o
                0x000102f8                LPUART_InstallTxCalback
 .text.LPUART_IsTxActive
                0x0001033c       0x58 ./framework/SerialManager/Source/UART_Adapter/UART_Adapter.o
                0x0001033c                LPUART_IsTxActive
 .text.LPUART_ISR
                0x00010394      0x17c ./framework/SerialManager/Source/UART_Adapter/UART_Adapter.o
 .text.SerialManager_Init
                0x00010510       0x80 ./framework/SerialManager/Source/SerialManager.o
                0x00010510                SerialManager_Init
 .text.SerialManagerTask
                0x00010590      0x188 ./framework/SerialManager/Source/SerialManager.o
                0x00010590                SerialManagerTask
 .text.Serial_InitInterface
                0x00010718      0x184 ./framework/SerialManager/Source/SerialManager.o
                0x00010718                Serial_InitInterface
 .text.Serial_AsyncWrite
                0x0001089c      0x198 ./framework/SerialManager/Source/SerialManager.o
                0x0001089c                Serial_AsyncWrite
 .text.Serial_SyncWrite
                0x00010a34       0xd8 ./framework/SerialManager/Source/SerialManager.o
                0x00010a34                Serial_SyncWrite
 .text.Serial_Read
                0x00010b0c      0x12c ./framework/SerialManager/Source/SerialManager.o
                0x00010b0c                Serial_Read
 .text.Serial_RxBufferByteCount
                0x00010c38       0xf0 ./framework/SerialManager/Source/SerialManager.o
                0x00010c38                Serial_RxBufferByteCount
 .text.Serial_SetRxCallBack
                0x00010d28       0x70 ./framework/SerialManager/Source/SerialManager.o
                0x00010d28                Serial_SetRxCallBack
 .text.Serial_SetBaudRate
                0x00010d98       0x88 ./framework/SerialManager/Source/SerialManager.o
                0x00010d98                Serial_SetBaudRate
 .text.Serial_Print
                0x00010e20       0x7c ./framework/SerialManager/Source/SerialManager.o
                0x00010e20                Serial_Print
 .text.Serial_PrintDec
                0x00010e9c       0xa8 ./framework/SerialManager/Source/SerialManager.o
                0x00010e9c                Serial_PrintDec
 .text.Serial_WriteInternal
                0x00010f44      0x108 ./framework/SerialManager/Source/SerialManager.o
 .text.SerialManager_RxNotify
                0x0001104c       0xb0 ./framework/SerialManager/Source/SerialManager.o
                0x0001104c                SerialManager_RxNotify
 .text.SerialManager_TxNotify
                0x000110fc       0xd0 ./framework/SerialManager/Source/SerialManager.o
                0x000110fc                SerialManager_TxNotify
 .text.Serial_TxQueueMaintenance
                0x000111cc      0x128 ./framework/SerialManager/Source/SerialManager.o
 .text.Serial_SyncTxCallback
                0x000112f4       0x1c ./framework/SerialManager/Source/SerialManager.o
 .text.Serial_UartRxCb
                0x00011310       0x54 ./framework/SerialManager/Source/SerialManager.o
 .text.Serial_UartTxCb
                0x00011364       0x1c ./framework/SerialManager/Source/SerialManager.o
 .text.SecLib_Init
                0x00011380       0x3c ./framework/SecLib/SecLib.o
                0x00011380                SecLib_Init
 .text.NVIC_EnableIRQ
                0x000113bc       0x2c ./framework/RNG/Source/RNG.o
 .text.EnableIRQ
                0x000113e8       0x2c ./framework/RNG/Source/RNG.o
 .text.RNG_Init
                0x00011414       0xe0 ./framework/RNG/Source/RNG.o
                0x00011414                RNG_Init
 .text.RNG_GetRandomNo
                0x000114f4       0x2c ./framework/RNG/Source/RNG.o
                0x000114f4                RNG_GetRandomNo
 .text.RNG_SetPseudoRandomNoSeed
                0x00011520       0x2c ./framework/RNG/Source/RNG.o
                0x00011520                RNG_SetPseudoRandomNoSeed
 .text.TRNG_ISR
                0x0001154c       0x3c ./framework/RNG/Source/RNG.o
 .text.panic    0x00011588       0x18 ./framework/Panic/Source/Panic.o
                0x00011588                panic
 .text.startup_task
                0x000115a0       0x14 ./framework/OSAbstraction/Source/fsl_os_abstraction_free_rtos.o
                0x000115a0                startup_task
 .text.OSA_TaskGetId
                0x000115b4       0x10 ./framework/OSAbstraction/Source/fsl_os_abstraction_free_rtos.o
                0x000115b4                OSA_TaskGetId
 .text.OSA_TaskCreate
                0x000115c4       0x4c ./framework/OSAbstraction/Source/fsl_os_abstraction_free_rtos.o
                0x000115c4                OSA_TaskCreate
 .text.OSA_SemaphoreCreate
                0x00011610       0x20 ./framework/OSAbstraction/Source/fsl_os_abstraction_free_rtos.o
                0x00011610                OSA_SemaphoreCreate
 .text.OSA_SemaphoreWait
                0x00011630       0x5c ./framework/OSAbstraction/Source/fsl_os_abstraction_free_rtos.o
                0x00011630                OSA_SemaphoreWait
 .text.OSA_SemaphorePost
                0x0001168c       0x9c ./framework/OSAbstraction/Source/fsl_os_abstraction_free_rtos.o
                0x0001168c                OSA_SemaphorePost
 .text.OSA_MutexCreate
                0x00011728       0x1c ./framework/OSAbstraction/Source/fsl_os_abstraction_free_rtos.o
                0x00011728                OSA_MutexCreate
 .text.OSA_EventCreate
                0x00011744       0x70 ./framework/OSAbstraction/Source/fsl_os_abstraction_free_rtos.o
                0x00011744                OSA_EventCreate
 .text.OSA_EventSet
                0x000117b4       0xa0 ./framework/OSAbstraction/Source/fsl_os_abstraction_free_rtos.o
                0x000117b4                OSA_EventSet
 .text.OSA_EventWait
                0x00011854       0xa4 ./framework/OSAbstraction/Source/fsl_os_abstraction_free_rtos.o
                0x00011854                OSA_EventWait
 .text.OSA_InterruptEnable
                0x000118f8       0x4c ./framework/OSAbstraction/Source/fsl_os_abstraction_free_rtos.o
                0x000118f8                OSA_InterruptEnable
 .text.OSA_InterruptDisable
                0x00011944       0x4c ./framework/OSAbstraction/Source/fsl_os_abstraction_free_rtos.o
                0x00011944                OSA_InterruptDisable
 .text.OSA_InstallIntHandler
                0x00011990       0x20 ./framework/OSAbstraction/Source/fsl_os_abstraction_free_rtos.o
                0x00011990                OSA_InstallIntHandler
 .text.main     0x000119b0       0x24 ./framework/OSAbstraction/Source/fsl_os_abstraction_free_rtos.o
                0x000119b0                main
 .text.osObjectAlloc
                0x000119d4       0x4c ./framework/OSAbstraction/Source/fsl_os_abstraction_free_rtos.o
 .text.osObjectIsAllocated
                0x00011a20       0x54 ./framework/OSAbstraction/Source/fsl_os_abstraction_free_rtos.o
 .text.osObjectFree
                0x00011a74       0x48 ./framework/OSAbstraction/Source/fsl_os_abstraction_free_rtos.o
 .text.MEM_Init
                0x00011abc       0xc4 ./framework/MemManager/Source/MemManager.o
                0x00011abc                MEM_Init
 .text.MEM_BufferAllocWithId
                0x00011b80       0xb8 ./framework/MemManager/Source/MemManager.o
                0x00011b80                MEM_BufferAllocWithId
 .text.ListInit
                0x00011c38       0x2c ./framework/Lists/GenericList.o
                0x00011c38                ListInit
 .text.ListAddTail
                0x00011c64       0x78 ./framework/Lists/GenericList.o
                0x00011c64                ListAddTail
 .text.ListRemoveHead
                0x00011cdc       0x68 ./framework/Lists/GenericList.o
                0x00011cdc                ListRemoveHead
 .text.LED_Init
                0x00011d44       0x2c ./framework/LED/Source/LED.o
                0x00011d44                LED_Init
 .text.LED_Operate
                0x00011d70       0x8c ./framework/LED/Source/LED.o
                0x00011d70                LED_Operate
 .text.LED_GpioSet
                0x00011dfc       0x48 ./framework/LED/Source/LED.o
 .text.GPIO_SetPinsOutput
                0x00011e44       0x18 ./framework/GPIO/GPIO_Adapter.o
 .text.GPIO_ClearPinsOutput
                0x00011e5c       0x18 ./framework/GPIO/GPIO_Adapter.o
 .text.GPIO_TogglePinsOutput
                0x00011e74       0x18 ./framework/GPIO/GPIO_Adapter.o
 .text.PORT_SetPinConfig
                0x00011e8c       0x38 ./framework/GPIO/GPIO_Adapter.o
 .text.PORT_SetPinMux
                0x00011ec4       0x40 ./framework/GPIO/GPIO_Adapter.o
 .text.GpioSetPinMux
                0x00011f04       0x44 ./framework/GPIO/GPIO_Adapter.o
                0x00011f04                GpioSetPinMux
 .text.GpioSetPinOutput
                0x00011f48       0x34 ./framework/GPIO/GPIO_Adapter.o
                0x00011f48                GpioSetPinOutput
 .text.GpioClearPinOutput
                0x00011f7c       0x34 ./framework/GPIO/GPIO_Adapter.o
                0x00011f7c                GpioClearPinOutput
 .text.GpioTogglePinOutput
                0x00011fb0       0x34 ./framework/GPIO/GPIO_Adapter.o
                0x00011fb0                GpioTogglePinOutput
 .text.GpioOutputPinInit
                0x00011fe4      0x10c ./framework/GPIO/GPIO_Adapter.o
                0x00011fe4                GpioOutputPinInit
 .text.FLib_MemCpy
                0x000120f0       0x38 ./framework/FunctionLib/FunctionLib.o
                0x000120f0                FLib_MemCpy
 .text.FLib_MemCmp
                0x00012128       0x54 ./framework/FunctionLib/FunctionLib.o
                0x00012128                FLib_MemCmp
 .text.FLib_MemSet
                0x0001217c       0x38 ./framework/FunctionLib/FunctionLib.o
                0x0001217c                FLib_MemSet
 .text.NV_VerifyCrcOverHWParameters
                0x000121b4       0x50 ./framework/Flash/Internal/Flash_Adapter.o
 .text.NV_ComputeCrcOverHWParameters
                0x00012204       0xe0 ./framework/Flash/Internal/Flash_Adapter.o
 .text.NV_ReadHWParameters
                0x000122e4       0x68 ./framework/Flash/Internal/Flash_Adapter.o
                0x000122e4                NV_ReadHWParameters
 .text.CLOCK_EnableClock
                0x0001234c       0x38 ./framework/DCDC/Source/DCDC.o
 .text.ADC16_EnableHardwareTrigger
                0x00012384       0x3c ./framework/DCDC/Source/DCDC.o
 .text.ADC16_GetChannelConversionValue
                0x000123c0       0x30 ./framework/DCDC/Source/DCDC.o
 .text.DCDC_MakeADCConversion
                0x000123f0       0x44 ./framework/DCDC/Source/DCDC.o
 .text.DCDC_AdjustVbatDiv
                0x00012434       0x68 ./framework/DCDC/Source/DCDC.o
 .text.DCDC_Get1P8VOutputTargetAndVBatInmV
                0x0001249c       0xf0 ./framework/DCDC/Source/DCDC.o
 .text.DCDC_mVTo1P8OutputTargetBoost
                0x0001258c      0x168 ./framework/DCDC/Source/DCDC.o
 .text.DCDC_mVTo1P8OutputTargetBuck
                0x000126f4       0xe4 ./framework/DCDC/Source/DCDC.o
 .text.DCDC_mVToMcuVOutputTargetBoost
                0x000127d8       0x8c ./framework/DCDC/Source/DCDC.o
                0x000127d8                DCDC_mVToMcuVOutputTargetBoost
 .text.DCDC_GetOutputTargetsBoost
                0x00012864       0xd4 ./framework/DCDC/Source/DCDC.o
 .text.DCDC_GetOutputTargetsBuck
                0x00012938       0x90 ./framework/DCDC/Source/DCDC.o
 .text.DCDC_VBatMonitorBoost
                0x000129c8      0x1c0 ./framework/DCDC/Source/DCDC.o
 .text.DCDC_VBatMonitorBuck
                0x00012b88      0x1c4 ./framework/DCDC/Source/DCDC.o
 .text.DCDC_Init
                0x00012d4c      0x220 ./framework/DCDC/Source/DCDC.o
                0x00012d4c                DCDC_Init
 .text.CLOCK_EnableClock
                0x00012f6c       0x38 ./drivers/fsl_adc16.o
 .text.ADC16_GetInstance
                0x00012fa4       0x48 ./drivers/fsl_adc16.o
 .text.ADC16_Init
                0x00012fec      0x114 ./drivers/fsl_adc16.o
                0x00012fec                ADC16_Init
 .text.ADC16_DoAutoCalibration
                0x00013100      0x11c ./drivers/fsl_adc16.o
                0x00013100                ADC16_DoAutoCalibration
 .text.ADC16_SetChannelMuxMode
                0x0001321c       0x3c ./drivers/fsl_adc16.o
                0x0001321c                ADC16_SetChannelMuxMode
 .text.ADC16_SetHardwareCompareConfig
                0x00013258       0x8c ./drivers/fsl_adc16.o
                0x00013258                ADC16_SetHardwareCompareConfig
 .text.ADC16_SetHardwareAverage
                0x000132e4       0x40 ./drivers/fsl_adc16.o
                0x000132e4                ADC16_SetHardwareAverage
 .text.ADC16_GetStatusFlags
                0x00013324       0x3c ./drivers/fsl_adc16.o
                0x00013324                ADC16_GetStatusFlags
 .text.ADC16_SetChannelConfig
                0x00013360       0x6c ./drivers/fsl_adc16.o
                0x00013360                ADC16_SetChannelConfig
 .text.ADC16_GetChannelStatusFlags
                0x000133cc       0x40 ./drivers/fsl_adc16.o
                0x000133cc                ADC16_GetChannelStatusFlags
 .text.CLOCK_SetEr32kClock
                0x0001340c       0x30 ./drivers/fsl_clock.o
 .text.CLOCK_GetMcgExtClkFreq
                0x0001343c       0x70 ./drivers/fsl_clock.o
 .text.CLOCK_GetFllExtRefClkFreq
                0x000134ac       0xb8 ./drivers/fsl_clock.o
 .text.CLOCK_GetInternalRefClkSelectFreq
                0x00013564       0x40 ./drivers/fsl_clock.o
 .text.CLOCK_GetFllRefClkFreq
                0x000135a4       0x30 ./drivers/fsl_clock.o
 .text.CLOCK_GetOscRangeFromFreq
                0x000135d4       0x4c ./drivers/fsl_clock.o
 .text.CLOCK_GetOsc0ErClkFreq
                0x00013620       0x28 ./drivers/fsl_clock.o
                0x00013620                CLOCK_GetOsc0ErClkFreq
 .text.CLOCK_SetSimConfig
                0x00013648       0x2c ./drivers/fsl_clock.o
                0x00013648                CLOCK_SetSimConfig
 .text.CLOCK_GetFllFreq
                0x00013674       0x78 ./drivers/fsl_clock.o
                0x00013674                CLOCK_GetFllFreq
 .text.CLOCK_GetInternalRefClkFreq
                0x000136ec       0x28 ./drivers/fsl_clock.o
                0x000136ec                CLOCK_GetInternalRefClkFreq
 .text.CLOCK_SetExternalRefClkConfig
                0x00013714       0x80 ./drivers/fsl_clock.o
                0x00013714                CLOCK_SetExternalRefClkConfig
 .text.CLOCK_SetInternalRefClkConfig
                0x00013794      0x12c ./drivers/fsl_clock.o
                0x00013794                CLOCK_SetInternalRefClkConfig
 .text.CLOCK_InitOsc0
                0x000138c0       0x6c ./drivers/fsl_clock.o
                0x000138c0                CLOCK_InitOsc0
 .text.CLOCK_SetFeeMode
                0x0001392c      0x144 ./drivers/fsl_clock.o
                0x0001392c                CLOCK_SetFeeMode
 .text.CLOCK_BootToFeeMode
                0x00013a70       0x50 ./drivers/fsl_clock.o
                0x00013a70                CLOCK_BootToFeeMode
 .text.DisableGlobalIRQ
                0x00013ac0       0x1c ./drivers/fsl_common.o
 .text.EnableGlobalIRQ
                0x00013adc       0x1c ./drivers/fsl_common.o
 .text.__assertion_failed
                0x00013af8       0x1c ./drivers/fsl_common.o
                0x00013af8                __assertion_failed
 .text.InstallIRQHandler
                0x00013b14       0x98 ./drivers/fsl_common.o
                0x00013b14                InstallIRQHandler
 .text.DSPI_IsMaster
                0x00013bac       0x18 ./drivers/fsl_dspi.o
 .text.DSPI_CommonIRQHandler
                0x00013bc4       0x40 ./drivers/fsl_dspi.o
 .text.SPI0_DriverIRQHandler
                0x00013c04       0x34 ./drivers/fsl_dspi.o
                0x00013c04                SPI0_DriverIRQHandler
 .text.SPI1_DriverIRQHandler
                0x00013c38       0x34 ./drivers/fsl_dspi.o
                0x00013c38                SPI1_DriverIRQHandler
 .text.GPIO_WritePinOutput
                0x00013c6c       0x34 ./drivers/fsl_gpio.o
 .text.GPIO_PinInit
                0x00013ca0       0x64 ./drivers/fsl_gpio.o
                0x00013ca0                GPIO_PinInit
 .text.I2C_TransferCommonIRQHandler
                0x00013d04       0x54 ./drivers/fsl_i2c.o
 .text.I2C0_DriverIRQHandler
                0x00013d58       0x20 ./drivers/fsl_i2c.o
                0x00013d58                I2C0_DriverIRQHandler
 .text.I2C1_DriverIRQHandler
                0x00013d78       0x20 ./drivers/fsl_i2c.o
                0x00013d78                I2C1_DriverIRQHandler
 .text.CLOCK_EnableClock
                0x00013d98       0x38 ./drivers/fsl_lpuart.o
 .text.LPUART_GetInstance
                0x00013dd0       0x48 ./drivers/fsl_lpuart.o
                0x00013dd0                LPUART_GetInstance
 .text.LPUART_Init
                0x00013e18      0x28c ./drivers/fsl_lpuart.o
                0x00013e18                LPUART_Init
 .text.LPUART_GetDefaultConfig
                0x000140a4       0x50 ./drivers/fsl_lpuart.o
                0x000140a4                LPUART_GetDefaultConfig
 .text.LPUART_SetBaudRate
                0x000140f4      0x194 ./drivers/fsl_lpuart.o
                0x000140f4                LPUART_SetBaudRate
 .text.LPUART_EnableInterrupts
                0x00014288       0x3c ./drivers/fsl_lpuart.o
                0x00014288                LPUART_EnableInterrupts
 .text.LPUART_DisableInterrupts
                0x000142c4       0x40 ./drivers/fsl_lpuart.o
                0x000142c4                LPUART_DisableInterrupts
 .text.LPUART_GetEnabledInterrupts
                0x00014304       0x34 ./drivers/fsl_lpuart.o
                0x00014304                LPUART_GetEnabledInterrupts
 .text.LPUART_GetStatusFlags
                0x00014338       0x18 ./drivers/fsl_lpuart.o
                0x00014338                LPUART_GetStatusFlags
 .text.LPUART_ClearStatusFlags
                0x00014350       0x88 ./drivers/fsl_lpuart.o
                0x00014350                LPUART_ClearStatusFlags
 .text.LPUART0_DriverIRQHandler
                0x000143d8       0x24 ./drivers/fsl_lpuart.o
                0x000143d8                LPUART0_DriverIRQHandler
 .text.CLOCK_EnableClock
                0x000143fc       0x38 ./drivers/fsl_ltc.o
 .text.LTC_Init
                0x00014434       0x1c ./drivers/fsl_ltc.o
                0x00014434                LTC_Init
 .text.CLOCK_EnableClock
                0x00014450       0x38 ./drivers/fsl_tpm.o
 .text.TPM_GetInstance
                0x00014488       0x54 ./drivers/fsl_tpm.o
 .text.TPM_Init
                0x000144dc       0xec ./drivers/fsl_tpm.o
                0x000144dc                TPM_Init
 .text.TPM_SetupOutputCompare
                0x000145c8      0x13c ./drivers/fsl_tpm.o
                0x000145c8                TPM_SetupOutputCompare
 .text.TPM_EnableInterrupts
                0x00014704       0x84 ./drivers/fsl_tpm.o
                0x00014704                TPM_EnableInterrupts
 .text.CLOCK_EnableClock
                0x00014788       0x38 ./drivers/fsl_trng.o
 .text.trng_GetInstance
                0x000147c0       0x48 ./drivers/fsl_trng.o
 .text.TRNG_GetDefaultConfig
                0x00014808       0xe0 ./drivers/fsl_trng.o
                0x00014808                TRNG_GetDefaultConfig
 .text.trng_SetRetryCount
                0x000148e8       0x50 ./drivers/fsl_trng.o
 .text.trng_SetStatisticalCheckLimit
                0x00014938      0x31c ./drivers/fsl_trng.o
 .text.trng_ApplyUserConfig
                0x00014c54      0x1c4 ./drivers/fsl_trng.o
 .text.trng_ReadEntropy
                0x00014e18       0x34 ./drivers/fsl_trng.o
 .text.TRNG_Init
                0x00014e4c       0xb8 ./drivers/fsl_trng.o
                0x00014e4c                TRNG_Init
 .text.TRNG_GetRandomData
                0x00014f04       0xec ./drivers/fsl_trng.o
                0x00014f04                TRNG_GetRandomData
 .text.CLOCK_EnableClock
                0x00014ff0       0x38 ./board/board.o
 .text.hardware_init
                0x00015028      0x220 ./board/board.o
                0x00015028                hardware_init
 .text.NMI_Handler
                0x00015248       0x20 ./board/board.o
                0x00015248                NMI_Handler
 .text.BOARD_DCDCInit
                0x00015268       0x18 ./board/board.o
                0x00015268                BOARD_DCDCInit
 .text.BOARD_GetLpuartClock
                0x00015280       0x5c ./board/board.o
                0x00015280                BOARD_GetLpuartClock
 .text.BOARD_GetTpmClock
                0x000152dc       0x5c ./board/board.o
                0x000152dc                BOARD_GetTpmClock
 .text.CLOCK_EnableClock
                0x00015338       0x38 ./board/clock_config.o
 .text.CLOCK_DisableClock
                0x00015370       0x38 ./board/clock_config.o
 .text.CLOCK_SetLpuartClock
                0x000153a8       0x38 ./board/clock_config.o
 .text.CLOCK_SetTpmClock
                0x000153e0       0x38 ./board/clock_config.o
 .text.CLOCK_SetSimSafeDivs
                0x00015418       0x1c ./board/clock_config.o
 .text.CLOCK_SetXtal0Freq
                0x00015434       0x1c ./board/clock_config.o
 .text.CLOCK_SetXtal32Freq
                0x00015450       0x1c ./board/clock_config.o
 .text.RTC_SetOscCapLoad
                0x0001546c       0x34 ./board/clock_config.o
 .text.CLOCK_CONFIG_FllStableDelay
                0x000154a0       0x24 ./board/clock_config.o
 .text.CLOCK_CONFIG_SetRtcClock
                0x000154c4       0x4c ./board/clock_config.o
 .text.CLOCK_CONFIG_EnableRtcOsc
                0x00015510       0x50 ./board/clock_config.o
 .text.BOARD_RfOscInit
                0x00015560       0xc8 ./board/clock_config.o
                0x00015560                BOARD_RfOscInit
 .text.BOARD_InitOsc0
                0x00015628       0x30 ./board/clock_config.o
                0x00015628                BOARD_InitOsc0
 .text.BOARD_BootClockRUN
                0x00015658       0x6c ./board/clock_config.o
                0x00015658                BOARD_BootClockRUN
 .text.CLOCK_EnableClock
                0x000156c4       0x38 ./board/pin_mux.o
 .text.PORT_SetPinMux
                0x000156fc       0x40 ./board/pin_mux.o
 .text.BOARD_InitLEDs
                0x0001573c       0x78 ./board/pin_mux.o
                0x0001573c                BOARD_InitLEDs
 .text.BOARD_InitLPUART
                0x000157b4       0x4c ./board/pin_mux.o
                0x000157b4                BOARD_InitLPUART
 .text.SystemInit
                0x00015800       0x18 ./CMSIS/system_MKW41Z4.o
                0x00015800                SystemInit
 .text.roundf   0x00015818       0x4c c:/nxp/mcuxpressoide_10.0.2_411/ide/tools/bin/../lib/gcc/arm-none-eabi/5.4.1/../../../../arm-none-eabi/lib/armv6-m\libm.a(lib_a-sf_round.o)
                0x00015818                roundf
 .text.exit     0x00015864       0x20 c:/nxp/mcuxpressoide_10.0.2_411/ide/tools/bin/../lib/gcc/arm-none-eabi/5.4.1/../../../../arm-none-eabi/lib/armv6-m\libc.a(lib_a-exit.o)
                0x00015864                exit
 .text.__libc_init_array
                0x00015884       0x48 c:/nxp/mcuxpressoide_10.0.2_411/ide/tools/bin/../lib/gcc/arm-none-eabi/5.4.1/../../../../arm-none-eabi/lib/armv6-m\libc.a(lib_a-init.o)
                0x00015884                __libc_init_array
 .text.memcpy   0x000158cc       0x7c c:/nxp/mcuxpressoide_10.0.2_411/ide/tools/bin/../lib/gcc/arm-none-eabi/5.4.1/../../../../arm-none-eabi/lib/armv6-m\libc.a(lib_a-memcpy-stub.o)
                0x000158cc                memcpy
 .text.memset   0x00015948       0x8c c:/nxp/mcuxpressoide_10.0.2_411/ide/tools/bin/../lib/gcc/arm-none-eabi/5.4.1/../../../../arm-none-eabi/lib/armv6-m\libc.a(lib_a-memset.o)
                0x00015948                memset
 .text.snprintf
                0x000159d4       0x84 c:/nxp/mcuxpressoide_10.0.2_411/ide/tools/bin/../lib/gcc/arm-none-eabi/5.4.1/../../../../arm-none-eabi/lib/armv6-m\libc.a(lib_a-snprintf.o)
                0x000159d4                snprintf
 .text.sprintf  0x00015a58       0x44 c:/nxp/mcuxpressoide_10.0.2_411/ide/tools/bin/../lib/gcc/arm-none-eabi/5.4.1/../../../../arm-none-eabi/lib/armv6-m\libc.a(lib_a-sprintf.o)
                0x00015a58                sprintf
 .text.strlen   0x00015a9c       0x68 c:/nxp/mcuxpressoide_10.0.2_411/ide/tools/bin/../lib/gcc/arm-none-eabi/5.4.1/../../../../arm-none-eabi/lib/armv6-m\libc.a(lib_a-strlen-stub.o)
                0x00015a9c                strlen
 .text.strncmp  0x00015b04       0x98 c:/nxp/mcuxpressoide_10.0.2_411/ide/tools/bin/../lib/gcc/arm-none-eabi/5.4.1/../../../../arm-none-eabi/lib/armv6-m\libc.a(lib_a-strncmp.o)
                0x00015b04                strncmp
 .text._svfprintf_r
                0x00015b9c     0x1820 c:/nxp/mcuxpressoide_10.0.2_411/ide/tools/bin/../lib/gcc/arm-none-eabi/5.4.1/../../../../arm-none-eabi/lib/armv6-m\libc.a(lib_a-svfprintf.o)
                0x00015b9c                _svfprintf_r
 .text.startup.register_fini
                0x000173bc       0x18 c:/nxp/mcuxpressoide_10.0.2_411/ide/tools/bin/../lib/gcc/arm-none-eabi/5.4.1/../../../../arm-none-eabi/lib/armv6-m\libc.a(lib_a-__call_atexit.o)
 .text.__call_exitprocs
                0x000173d4       0xfc c:/nxp/mcuxpressoide_10.0.2_411/ide/tools/bin/../lib/gcc/arm-none-eabi/5.4.1/../../../../arm-none-eabi/lib/armv6-m\libc.a(lib_a-__call_atexit.o)
                0x000173d4                __call_exitprocs
 .text.atexit   0x000174d0       0x10 c:/nxp/mcuxpressoide_10.0.2_411/ide/tools/bin/../lib/gcc/arm-none-eabi/5.4.1/../../../../arm-none-eabi/lib/armv6-m\libc.a(lib_a-atexit.o)
                0x000174d0                atexit
 .text.quorem   0x000174e0      0x150 c:/nxp/mcuxpressoide_10.0.2_411/ide/tools/bin/../lib/gcc/arm-none-eabi/5.4.1/../../../../arm-none-eabi/lib/armv6-m\libc.a(lib_a-dtoa.o)
 .text._dtoa_r  0x00017630      0xf54 c:/nxp/mcuxpressoide_10.0.2_411/ide/tools/bin/../lib/gcc/arm-none-eabi/5.4.1/../../../../arm-none-eabi/lib/armv6-m\libc.a(lib_a-dtoa.o)
                0x00017630                _dtoa_r
 .text.__libc_fini_array
                0x00018584       0x34 c:/nxp/mcuxpressoide_10.0.2_411/ide/tools/bin/../lib/gcc/arm-none-eabi/5.4.1/../../../../arm-none-eabi/lib/armv6-m\libc.a(lib_a-fini.o)
                0x00018584                __libc_fini_array
 .text._localeconv_r
                0x000185b8       0x1c c:/nxp/mcuxpressoide_10.0.2_411/ide/tools/bin/../lib/gcc/arm-none-eabi/5.4.1/../../../../arm-none-eabi/lib/armv6-m\libc.a(lib_a-localeconv.o)
                0x000185b8                _localeconv_r
 .text._malloc_r
                0x000185d4      0x554 c:/nxp/mcuxpressoide_10.0.2_411/ide/tools/bin/../lib/gcc/arm-none-eabi/5.4.1/../../../../arm-none-eabi/lib/armv6-m\libc.a(lib_a-mallocr.o)
                0x000185d4                _malloc_r
 .text.memchr   0x00018b28       0x90 c:/nxp/mcuxpressoide_10.0.2_411/ide/tools/bin/../lib/gcc/arm-none-eabi/5.4.1/../../../../arm-none-eabi/lib/armv6-m\libc.a(lib_a-memchr-stub.o)
                0x00018b28                memchr
 .text.__malloc_lock
                0x00018bb8        0x4 c:/nxp/mcuxpressoide_10.0.2_411/ide/tools/bin/../lib/gcc/arm-none-eabi/5.4.1/../../../../arm-none-eabi/lib/armv6-m\libc.a(lib_a-mlock.o)
                0x00018bb8                __malloc_lock
 .text.__malloc_unlock
                0x00018bbc        0x4 c:/nxp/mcuxpressoide_10.0.2_411/ide/tools/bin/../lib/gcc/arm-none-eabi/5.4.1/../../../../arm-none-eabi/lib/armv6-m\libc.a(lib_a-mlock.o)
                0x00018bbc                __malloc_unlock
 .text._Balloc  0x00018bc0       0x50 c:/nxp/mcuxpressoide_10.0.2_411/ide/tools/bin/../lib/gcc/arm-none-eabi/5.4.1/../../../../arm-none-eabi/lib/armv6-m\libc.a(lib_a-mprec.o)
                0x00018bc0                _Balloc
 .text._Bfree   0x00018c10       0x14 c:/nxp/mcuxpressoide_10.0.2_411/ide/tools/bin/../lib/gcc/arm-none-eabi/5.4.1/../../../../arm-none-eabi/lib/armv6-m\libc.a(lib_a-mprec.o)
                0x00018c10                _Bfree
 .text.__multadd
                0x00018c24       0x8c c:/nxp/mcuxpressoide_10.0.2_411/ide/tools/bin/../lib/gcc/arm-none-eabi/5.4.1/../../../../arm-none-eabi/lib/armv6-m\libc.a(lib_a-mprec.o)
                0x00018c24                __multadd
 .text.__hi0bits
                0x00018cb0       0x3c c:/nxp/mcuxpressoide_10.0.2_411/ide/tools/bin/../lib/gcc/arm-none-eabi/5.4.1/../../../../arm-none-eabi/lib/armv6-m\libc.a(lib_a-mprec.o)
                0x00018cb0                __hi0bits
 .text.__lo0bits
                0x00018cec       0x5c c:/nxp/mcuxpressoide_10.0.2_411/ide/tools/bin/../lib/gcc/arm-none-eabi/5.4.1/../../../../arm-none-eabi/lib/armv6-m\libc.a(lib_a-mprec.o)
                0x00018cec                __lo0bits
 .text.__i2b    0x00018d48       0x14 c:/nxp/mcuxpressoide_10.0.2_411/ide/tools/bin/../lib/gcc/arm-none-eabi/5.4.1/../../../../arm-none-eabi/lib/armv6-m\libc.a(lib_a-mprec.o)
                0x00018d48                __i2b
 .text.__multiply
                0x00018d5c      0x15c c:/nxp/mcuxpressoide_10.0.2_411/ide/tools/bin/../lib/gcc/arm-none-eabi/5.4.1/../../../../arm-none-eabi/lib/armv6-m\libc.a(lib_a-mprec.o)
                0x00018d5c                __multiply
 .text.__pow5mult
                0x00018eb8       0xbc c:/nxp/mcuxpressoide_10.0.2_411/ide/tools/bin/../lib/gcc/arm-none-eabi/5.4.1/../../../../arm-none-eabi/lib/armv6-m\libc.a(lib_a-mprec.o)
                0x00018eb8                __pow5mult
 .text.__lshift
                0x00018f74       0xc0 c:/nxp/mcuxpressoide_10.0.2_411/ide/tools/bin/../lib/gcc/arm-none-eabi/5.4.1/../../../../arm-none-eabi/lib/armv6-m\libc.a(lib_a-mprec.o)
                0x00018f74                __lshift
 .text.__mcmp   0x00019034       0x3c c:/nxp/mcuxpressoide_10.0.2_411/ide/tools/bin/../lib/gcc/arm-none-eabi/5.4.1/../../../../arm-none-eabi/lib/armv6-m\libc.a(lib_a-mprec.o)
                0x00019034                __mcmp
 .text.__mdiff  0x00019070      0x11c c:/nxp/mcuxpressoide_10.0.2_411/ide/tools/bin/../lib/gcc/arm-none-eabi/5.4.1/../../../../arm-none-eabi/lib/armv6-m\libc.a(lib_a-mprec.o)
                0x00019070                __mdiff
 .text.__d2b    0x0001918c       0xbc c:/nxp/mcuxpressoide_10.0.2_411/ide/tools/bin/../lib/gcc/arm-none-eabi/5.4.1/../../../../arm-none-eabi/lib/armv6-m\libc.a(lib_a-mprec.o)
                0x0001918c                __d2b
 .text._sbrk_r  0x00019248       0x24 c:/nxp/mcuxpressoide_10.0.2_411/ide/tools/bin/../lib/gcc/arm-none-eabi/5.4.1/../../../../arm-none-eabi/lib/armv6-m\libc.a(lib_a-sbrkr.o)
                0x00019248                _sbrk_r
 .text.__ssprint_r
                0x0001926c      0x130 c:/nxp/mcuxpressoide_10.0.2_411/ide/tools/bin/../lib/gcc/arm-none-eabi/5.4.1/../../../../arm-none-eabi/lib/armv6-m\libc.a(lib_a-svfiprintf.o)
                0x0001926c                __ssprint_r
 .text.__register_exitproc
                0x0001939c       0xd4 c:/nxp/mcuxpressoide_10.0.2_411/ide/tools/bin/../lib/gcc/arm-none-eabi/5.4.1/../../../../arm-none-eabi/lib/armv6-m\libc.a(lib_a-__atexit.o)
                0x0001939c                __register_exitproc
 .text._calloc_r
                0x00019470       0x60 c:/nxp/mcuxpressoide_10.0.2_411/ide/tools/bin/../lib/gcc/arm-none-eabi/5.4.1/../../../../arm-none-eabi/lib/armv6-m\libc.a(lib_a-callocr.o)
                0x00019470                _calloc_r
 .text._malloc_trim_r
                0x000194d0       0xa0 c:/nxp/mcuxpressoide_10.0.2_411/ide/tools/bin/../lib/gcc/arm-none-eabi/5.4.1/../../../../arm-none-eabi/lib/armv6-m\libc.a(lib_a-freer.o)
                0x000194d0                _malloc_trim_r
 .text._free_r  0x00019570      0x1c4 c:/nxp/mcuxpressoide_10.0.2_411/ide/tools/bin/../lib/gcc/arm-none-eabi/5.4.1/../../../../arm-none-eabi/lib/armv6-m\libc.a(lib_a-freer.o)
                0x00019570                _free_r
 .text.__ascii_mbtowc
                0x00019734       0x2c c:/nxp/mcuxpressoide_10.0.2_411/ide/tools/bin/../lib/gcc/arm-none-eabi/5.4.1/../../../../arm-none-eabi/lib/armv6-m\libc.a(lib_a-mbtowc_r.o)
                0x00019734                __ascii_mbtowc
 .text.memmove  0x00019760       0x98 c:/nxp/mcuxpressoide_10.0.2_411/ide/tools/bin/../lib/gcc/arm-none-eabi/5.4.1/../../../../arm-none-eabi/lib/armv6-m\libc.a(lib_a-memmove.o)
                0x00019760                memmove
 .text._realloc_r
                0x000197f8      0x3dc c:/nxp/mcuxpressoide_10.0.2_411/ide/tools/bin/../lib/gcc/arm-none-eabi/5.4.1/../../../../arm-none-eabi/lib/armv6-m\libc.a(lib_a-reallocr.o)
                0x000197f8                _realloc_r
 .text.__ascii_wctomb
                0x00019bd4       0x1c c:/nxp/mcuxpressoide_10.0.2_411/ide/tools/bin/../lib/gcc/arm-none-eabi/5.4.1/../../../../arm-none-eabi/lib/armv6-m\libc.a(lib_a-wctomb_r.o)
                0x00019bd4                __ascii_wctomb
 .text._sbrk    0x00019bf0       0x1c c:/nxp/mcuxpressoide_10.0.2_411/ide/tools/bin/../lib/gcc/arm-none-eabi/5.4.1/../../../../arm-none-eabi/lib/armv6-m\libnosys.a(sbrk.o)
                0x00019bf0                _sbrk
 .text._exit    0x00019c0c        0x4 c:/nxp/mcuxpressoide_10.0.2_411/ide/tools/bin/../lib/gcc/arm-none-eabi/5.4.1/../../../../arm-none-eabi/lib/armv6-m\libnosys.a(_exit.o)
                0x00019c0c                _exit
 *(.rodata)
 .rodata        0x00019c10       0x24 ./source/gen_fsk_tests.o
 .rodata        0x00019c34     0x122b ./source/menus.o
 *fill*         0x0001ae5f        0x1 
 .rodata        0x0001ae60      0x1e4 ./source/ppp-blinky.o
 .rodata        0x0001b044        0xc ./genfsk/genfsk_ll.o
 .rodata        0x0001b050       0x15 ./genfsk/genfsk_utils.o
 *fill*         0x0001b065        0x3 
 .rodata        0x0001b068       0x18 ./freertos/tasks.o
                0x0001b070                FreeRTOSDebugConfig
 .rodata        0x0001b080        0xd ./freertos/timers.o
 *fill*         0x0001b08d        0x3 
 .rodata        0x0001b090       0x18 ./framework/XCVR/MKW41Z4/fsl_xcvr.o
 .rodata        0x0001b0a8        0xe ./framework/TimersManager/Source/TimersManager.o
 *fill*         0x0001b0b6        0x2 
 .rodata        0x0001b0b8       0x12 ./framework/SerialManager/Source/SerialManager.o
 *fill*         0x0001b0ca        0x2 
 .rodata        0x0001b0cc        0xd ./framework/OSAbstraction/Source/fsl_os_abstraction_free_rtos.o
 *fill*         0x0001b0d9        0x3 
 .rodata        0x0001b0dc       0x1e ./framework/ModuleInfo/ModuleInfo.o
 *fill*         0x0001b0fa        0x2 
 .rodata        0x0001b0fc       0x93 ./framework/GPIO/GPIO_Adapter.o
 *fill*         0x0001b18f        0x1 
 .rodata        0x0001b190       0xa8 ./framework/DCDC/Source/DCDC.o
 .rodata        0x0001b238      0x13a ./drivers/fsl_adc16.o
 *fill*         0x0001b372        0x2 
 .rodata        0x0001b374       0xd9 ./drivers/fsl_clock.o
 *fill*         0x0001b44d        0x3 
 .rodata        0x0001b450        0x4 ./drivers/fsl_common.o
 .rodata        0x0001b454      0x46d ./drivers/fsl_dspi.o
 *fill*         0x0001b8c1        0x3 
 .rodata        0x0001b8c4       0xc7 ./drivers/fsl_gpio.o
 *fill*         0x0001b98b        0x1 
 .rodata        0x0001b98c      0x4da ./drivers/fsl_lpuart.o
 *fill*         0x0001be66        0x2 
 .rodata        0x0001be68      0x473 ./drivers/fsl_tpm.o
 *fill*         0x0001c2db        0x1 
 .rodata        0x0001c2dc       0x40 ./drivers/fsl_trng.o
 .rodata        0x0001c31c       0x80 c:/nxp/mcuxpressoide_10.0.2_411/ide/tools/bin/../lib/gcc/arm-none-eabi/5.4.1/armv6-m\libgcc.a(divsf3.o)
 .rodata        0x0001c39c       0x40 c:/nxp/mcuxpressoide_10.0.2_411/ide/tools/bin/../lib/gcc/arm-none-eabi/5.4.1/armv6-m\libgcc.a(mulsf3.o)
 .rodata        0x0001c3dc       0x40 c:/nxp/mcuxpressoide_10.0.2_411/ide/tools/bin/../lib/gcc/arm-none-eabi/5.4.1/armv6-m\libgcc.a(divdf3.o)
 .rodata        0x0001c41c       0x40 c:/nxp/mcuxpressoide_10.0.2_411/ide/tools/bin/../lib/gcc/arm-none-eabi/5.4.1/armv6-m\libgcc.a(muldf3.o)
 *(.rodata*)
 .rodata.cu8PerRxMessages
                0x0001c45c       0x14 ./source/menus.o
                0x0001c45c                cu8PerRxMessages
 .rodata.cu8PerTxMessages
                0x0001c470       0x1c ./source/menus.o
                0x0001c470                cu8PerTxMessages
 .rodata.rootWebPage
                0x0001c48c      0x301 ./source/ppp-blinky.o
 *fill*         0x0001c78d        0x3 
 .rodata.tcpHandler
                0x0001c790       0x68 ./source/ppp-blinky.o
 .rodata.mDefaultRadioConfig
                0x0001c7f8        0x2 ./genfsk/genfsk_ll.o
 *fill*         0x0001c7fa        0x2 
 .rodata.mDefaultPacketConfig
                0x0001c7fc       0x10 ./genfsk/genfsk_ll.o
 .rodata.mDefaultCrcConfig
                0x0001c80c       0x14 ./genfsk/genfsk_ll.o
 .rodata.mDefaultWhitenerConfig
                0x0001c820       0x12 ./genfsk/genfsk_ll.o
 *fill*         0x0001c832        0x2 
 .rodata.GENFSK_RadioConfig
                0x0001c834       0x20 ./genfsk/genfsk_ll.o
 .rodata.GENFSK_StartTx
                0x0001c854       0x18 ./genfsk/genfsk_ll.o
 .rodata.GENFSK_StartRx
                0x0001c86c       0x18 ./genfsk/genfsk_ll.o
 .rodata.GENFSK_SwitchToInstance
                0x0001c884       0x1c ./genfsk/genfsk_utils.o
 .rodata.prvProcessReceivedCommands
                0x0001c8a0       0x28 ./freertos/timers.o
 .rodata.ant_mode_config
                0x0001c8c8       0x48 ./framework/XCVR/MKW41Z4/cfgs_kw4x_3x_2x/fsl_xcvr_ant_config.o
                0x0001c8c8                ant_mode_config
 .rodata.xcvr_ANT_1mbps_config
                0x0001c910       0x68 ./framework/XCVR/MKW41Z4/cfgs_kw4x_3x_2x/fsl_xcvr_ant_config.o
                0x0001c910                xcvr_ANT_1mbps_config
 .rodata.ble_mode_config
                0x0001c978       0x48 ./framework/XCVR/MKW41Z4/cfgs_kw4x_3x_2x/fsl_xcvr_ble_config.o
                0x0001c978                ble_mode_config
 .rodata.xcvr_BLE_1mbps_config
                0x0001c9c0       0x68 ./framework/XCVR/MKW41Z4/cfgs_kw4x_3x_2x/fsl_xcvr_ble_config.o
                0x0001c9c0                xcvr_BLE_1mbps_config
 .rodata.xcvr_common_config
                0x0001ca28      0x23c ./framework/XCVR/MKW41Z4/cfgs_kw4x_3x_2x/fsl_xcvr_common_config.o
                0x0001ca28                xcvr_common_config
 .rodata.gfsk_bt_0p3_h_0p5_mode_config
                0x0001cc64       0x48 ./framework/XCVR/MKW41Z4/cfgs_kw4x_3x_2x/fsl_xcvr_gfsk_bt_0p3_h_0p5_config.o
                0x0001cc64                gfsk_bt_0p3_h_0p5_mode_config
 .rodata.xcvr_GFSK_BT_0p3_h_0p5_1mbps_config
                0x0001ccac       0x68 ./framework/XCVR/MKW41Z4/cfgs_kw4x_3x_2x/fsl_xcvr_gfsk_bt_0p3_h_0p5_config.o
                0x0001ccac                xcvr_GFSK_BT_0p3_h_0p5_1mbps_config
 .rodata.xcvr_GFSK_BT_0p3_h_0p5_500kbps_config
                0x0001cd14       0x68 ./framework/XCVR/MKW41Z4/cfgs_kw4x_3x_2x/fsl_xcvr_gfsk_bt_0p3_h_0p5_config.o
                0x0001cd14                xcvr_GFSK_BT_0p3_h_0p5_500kbps_config
 .rodata.xcvr_GFSK_BT_0p3_h_0p5_250kbps_config
                0x0001cd7c       0x68 ./framework/XCVR/MKW41Z4/cfgs_kw4x_3x_2x/fsl_xcvr_gfsk_bt_0p3_h_0p5_config.o
                0x0001cd7c                xcvr_GFSK_BT_0p3_h_0p5_250kbps_config
 .rodata.gfsk_bt_0p5_h_0p32_mode_config
                0x0001cde4       0x48 ./framework/XCVR/MKW41Z4/cfgs_kw4x_3x_2x/fsl_xcvr_gfsk_bt_0p5_h_0p32_config.o
                0x0001cde4                gfsk_bt_0p5_h_0p32_mode_config
 .rodata.xcvr_GFSK_BT_0p5_h_0p32_1mbps_config
                0x0001ce2c       0x68 ./framework/XCVR/MKW41Z4/cfgs_kw4x_3x_2x/fsl_xcvr_gfsk_bt_0p5_h_0p32_config.o
                0x0001ce2c                xcvr_GFSK_BT_0p5_h_0p32_1mbps_config
 .rodata.xcvr_GFSK_BT_0p5_h_0p32_500kbps_config
                0x0001ce94       0x68 ./framework/XCVR/MKW41Z4/cfgs_kw4x_3x_2x/fsl_xcvr_gfsk_bt_0p5_h_0p32_config.o
                0x0001ce94                xcvr_GFSK_BT_0p5_h_0p32_500kbps_config
 .rodata.xcvr_GFSK_BT_0p5_h_0p32_250kbps_config
                0x0001cefc       0x68 ./framework/XCVR/MKW41Z4/cfgs_kw4x_3x_2x/fsl_xcvr_gfsk_bt_0p5_h_0p32_config.o
                0x0001cefc                xcvr_GFSK_BT_0p5_h_0p32_250kbps_config
 .rodata.gfsk_bt_0p5_h_0p5_mode_config
                0x0001cf64       0x48 ./framework/XCVR/MKW41Z4/cfgs_kw4x_3x_2x/fsl_xcvr_gfsk_bt_0p5_h_0p5_config.o
                0x0001cf64                gfsk_bt_0p5_h_0p5_mode_config
 .rodata.xcvr_GFSK_BT_0p5_h_0p5_1mbps_config
                0x0001cfac       0x68 ./framework/XCVR/MKW41Z4/cfgs_kw4x_3x_2x/fsl_xcvr_gfsk_bt_0p5_h_0p5_config.o
                0x0001cfac                xcvr_GFSK_BT_0p5_h_0p5_1mbps_config
 .rodata.xcvr_GFSK_BT_0p5_h_0p5_500kbps_config
                0x0001d014       0x68 ./framework/XCVR/MKW41Z4/cfgs_kw4x_3x_2x/fsl_xcvr_gfsk_bt_0p5_h_0p5_config.o
                0x0001d014                xcvr_GFSK_BT_0p5_h_0p5_500kbps_config
 .rodata.xcvr_GFSK_BT_0p5_h_0p5_250kbps_config
                0x0001d07c       0x68 ./framework/XCVR/MKW41Z4/cfgs_kw4x_3x_2x/fsl_xcvr_gfsk_bt_0p5_h_0p5_config.o
                0x0001d07c                xcvr_GFSK_BT_0p5_h_0p5_250kbps_config
 .rodata.gfsk_bt_0p5_h_0p7_mode_config
                0x0001d0e4       0x48 ./framework/XCVR/MKW41Z4/cfgs_kw4x_3x_2x/fsl_xcvr_gfsk_bt_0p5_h_0p7_config.o
                0x0001d0e4                gfsk_bt_0p5_h_0p7_mode_config
 .rodata.xcvr_GFSK_BT_0p5_h_0p7_1mbps_config
                0x0001d12c       0x68 ./framework/XCVR/MKW41Z4/cfgs_kw4x_3x_2x/fsl_xcvr_gfsk_bt_0p5_h_0p7_config.o
                0x0001d12c                xcvr_GFSK_BT_0p5_h_0p7_1mbps_config
 .rodata.xcvr_GFSK_BT_0p5_h_0p7_500kbps_config
                0x0001d194       0x68 ./framework/XCVR/MKW41Z4/cfgs_kw4x_3x_2x/fsl_xcvr_gfsk_bt_0p5_h_0p7_config.o
                0x0001d194                xcvr_GFSK_BT_0p5_h_0p7_500kbps_config
 .rodata.xcvr_GFSK_BT_0p5_h_0p7_250kbps_config
                0x0001d1fc       0x68 ./framework/XCVR/MKW41Z4/cfgs_kw4x_3x_2x/fsl_xcvr_gfsk_bt_0p5_h_0p7_config.o
                0x0001d1fc                xcvr_GFSK_BT_0p5_h_0p7_250kbps_config
 .rodata.gfsk_bt_0p5_h_1p0_mode_config
                0x0001d264       0x48 ./framework/XCVR/MKW41Z4/cfgs_kw4x_3x_2x/fsl_xcvr_gfsk_bt_0p5_h_1p0_config.o
                0x0001d264                gfsk_bt_0p5_h_1p0_mode_config
 .rodata.xcvr_GFSK_BT_0p5_h_1p0_1mbps_config
                0x0001d2ac       0x68 ./framework/XCVR/MKW41Z4/cfgs_kw4x_3x_2x/fsl_xcvr_gfsk_bt_0p5_h_1p0_config.o
                0x0001d2ac                xcvr_GFSK_BT_0p5_h_1p0_1mbps_config
 .rodata.xcvr_GFSK_BT_0p5_h_1p0_500kbps_config
                0x0001d314       0x68 ./framework/XCVR/MKW41Z4/cfgs_kw4x_3x_2x/fsl_xcvr_gfsk_bt_0p5_h_1p0_config.o
                0x0001d314                xcvr_GFSK_BT_0p5_h_1p0_500kbps_config
 .rodata.xcvr_GFSK_BT_0p5_h_1p0_250kbps_config
                0x0001d37c       0x68 ./framework/XCVR/MKW41Z4/cfgs_kw4x_3x_2x/fsl_xcvr_gfsk_bt_0p5_h_1p0_config.o
                0x0001d37c                xcvr_GFSK_BT_0p5_h_1p0_250kbps_config