Archive member included to satisfy reference by file (symbol)

c:/nxp/mcuxpressoide_10.0.2_411/ide/tools/bin/../lib/gcc/arm-none-eabi/5.4.1/../../../../arm-none-eabi/lib/armv6-m\libm.a(lib_a-s_round.o)
                              ./framework/XCVR/MKW41Z4/fsl_xcvr.o (round)
c:/nxp/mcuxpressoide_10.0.2_411/ide/tools/bin/../lib/gcc/arm-none-eabi/5.4.1/../../../../arm-none-eabi/lib/armv6-m\libm.a(lib_a-s_trunc.o)
                              ./framework/XCVR/MKW41Z4/fsl_xcvr.o (trunc)
c:/nxp/mcuxpressoide_10.0.2_411/ide/tools/bin/../lib/gcc/arm-none-eabi/5.4.1/../../../../arm-none-eabi/lib/armv6-m\libm.a(lib_a-sf_round.o)
                              ./framework/XCVR/MKW41Z4/fsl_xcvr_trim.o (roundf)
c:/nxp/mcuxpressoide_10.0.2_411/ide/tools/bin/../lib/gcc/arm-none-eabi/5.4.1/../../../../arm-none-eabi/lib/armv6-m\libc.a(lib_a-exit.o)
                              c:/nxp/mcuxpressoide_10.0.2_411/ide/tools/bin/../lib/gcc/arm-none-eabi/5.4.1/../../../../arm-none-eabi/lib/armv6-m/crt0.o (exit)
c:/nxp/mcuxpressoide_10.0.2_411/ide/tools/bin/../lib/gcc/arm-none-eabi/5.4.1/../../../../arm-none-eabi/lib/armv6-m\libc.a(lib_a-impure.o)
                              c:/nxp/mcuxpressoide_10.0.2_411/ide/tools/bin/../lib/gcc/arm-none-eabi/5.4.1/../../../../arm-none-eabi/lib/armv6-m\libc.a(lib_a-exit.o) (_global_impure_ptr)
c:/nxp/mcuxpressoide_10.0.2_411/ide/tools/bin/../lib/gcc/arm-none-eabi/5.4.1/../../../../arm-none-eabi/lib/armv6-m\libc.a(lib_a-init.o)
                              c:/nxp/mcuxpressoide_10.0.2_411/ide/tools/bin/../lib/gcc/arm-none-eabi/5.4.1/../../../../arm-none-eabi/lib/armv6-m/crt0.o (__libc_init_array)
c:/nxp/mcuxpressoide_10.0.2_411/ide/tools/bin/../lib/gcc/arm-none-eabi/5.4.1/../../../../arm-none-eabi/lib/armv6-m\libc.a(lib_a-memcpy-stub.o)
                              ./source/ppp-blinky.o (memcpy)
c:/nxp/mcuxpressoide_10.0.2_411/ide/tools/bin/../lib/gcc/arm-none-eabi/5.4.1/../../../../arm-none-eabi/lib/armv6-m\libc.a(lib_a-memset.o)
                              c:/nxp/mcuxpressoide_10.0.2_411/ide/tools/bin/../lib/gcc/arm-none-eabi/5.4.1/../../../../arm-none-eabi/lib/armv6-m/crt0.o (memset)
c:/nxp/mcuxpressoide_10.0.2_411/ide/tools/bin/../lib/gcc/arm-none-eabi/5.4.1/../../../../arm-none-eabi/lib/armv6-m\libc.a(lib_a-snprintf.o)
                              ./source/ppp-blinky.o (snprintf)
c:/nxp/mcuxpressoide_10.0.2_411/ide/tools/bin/../lib/gcc/arm-none-eabi/5.4.1/../../../../arm-none-eabi/lib/armv6-m\libc.a(lib_a-sprintf.o)
                              ./source/ppp-blinky.o (sprintf)
c:/nxp/mcuxpressoide_10.0.2_411/ide/tools/bin/../lib/gcc/arm-none-eabi/5.4.1/../../../../arm-none-eabi/lib/armv6-m\libc.a(lib_a-strlen-stub.o)
                              ./utilities/fsl_debug_console.o (strlen)
c:/nxp/mcuxpressoide_10.0.2_411/ide/tools/bin/../lib/gcc/arm-none-eabi/5.4.1/../../../../arm-none-eabi/lib/armv6-m\libc.a(lib_a-strncmp.o)
                              ./source/ppp-blinky.o (strncmp)
c:/nxp/mcuxpressoide_10.0.2_411/ide/tools/bin/../lib/gcc/arm-none-eabi/5.4.1/../../../../arm-none-eabi/lib/armv6-m\libc.a(lib_a-strstr.o)
                              ./source/ppp-blinky.o (strstr)
c:/nxp/mcuxpressoide_10.0.2_411/ide/tools/bin/../lib/gcc/arm-none-eabi/5.4.1/../../../../arm-none-eabi/lib/armv6-m\libc.a(lib_a-svfprintf.o)
                              c:/nxp/mcuxpressoide_10.0.2_411/ide/tools/bin/../lib/gcc/arm-none-eabi/5.4.1/../../../../arm-none-eabi/lib/armv6-m\libc.a(lib_a-snprintf.o) (_svfprintf_r)
c:/nxp/mcuxpressoide_10.0.2_411/ide/tools/bin/../lib/gcc/arm-none-eabi/5.4.1/../../../../arm-none-eabi/lib/armv6-m\libc.a(lib_a-__call_atexit.o)
                              c:/nxp/mcuxpressoide_10.0.2_411/ide/tools/bin/../lib/gcc/arm-none-eabi/5.4.1/../../../../arm-none-eabi/lib/armv6-m\libc.a(lib_a-exit.o) (__call_exitprocs)
c:/nxp/mcuxpressoide_10.0.2_411/ide/tools/bin/../lib/gcc/arm-none-eabi/5.4.1/../../../../arm-none-eabi/lib/armv6-m\libc.a(lib_a-atexit.o)
                              c:/nxp/mcuxpressoide_10.0.2_411/ide/tools/bin/../lib/gcc/arm-none-eabi/5.4.1/../../../../arm-none-eabi/lib/armv6-m\libc.a(lib_a-__call_atexit.o) (atexit)
c:/nxp/mcuxpressoide_10.0.2_411/ide/tools/bin/../lib/gcc/arm-none-eabi/5.4.1/../../../../arm-none-eabi/lib/armv6-m\libc.a(lib_a-dtoa.o)
                              c:/nxp/mcuxpressoide_10.0.2_411/ide/tools/bin/../lib/gcc/arm-none-eabi/5.4.1/../../../../arm-none-eabi/lib/armv6-m\libc.a(lib_a-svfprintf.o) (_dtoa_r)
c:/nxp/mcuxpressoide_10.0.2_411/ide/tools/bin/../lib/gcc/arm-none-eabi/5.4.1/../../../../arm-none-eabi/lib/armv6-m\libc.a(lib_a-fini.o)
                              c:/nxp/mcuxpressoide_10.0.2_411/ide/tools/bin/../lib/gcc/arm-none-eabi/5.4.1/../../../../arm-none-eabi/lib/armv6-m\libc.a(lib_a-__call_atexit.o) (__libc_fini_array)
c:/nxp/mcuxpressoide_10.0.2_411/ide/tools/bin/../lib/gcc/arm-none-eabi/5.4.1/../../../../arm-none-eabi/lib/armv6-m\libc.a(lib_a-localeconv.o)
[...]
Memory Configuration

Name             Origin             Length             Attributes
TEXT_region1     0x00000000         0x00000400         xr
m_flash_config_region 0x00000400         0x00000010         xr
TEXT_region2     0x00000411         0x0007f3ee         xr
DATA_region      0x1fff8000         0x00020000         rw
PRODUCT_INFO_region 0x0007f800         0x000007ff         xr
*default*        0x00000000         0xffffffff

Linker script and memory map

LOAD c:/nxp/mcuxpressoide_10.0.2_411/ide/tools/bin/../lib/gcc/arm-none-eabi/5.4.1/armv6-m/crti.o
LOAD c:/nxp/mcuxpressoide_10.0.2_411/ide/tools/bin/../lib/gcc/arm-none-eabi/5.4.1/armv6-m/crtbegin.o
LOAD c:/nxp/mcuxpressoide_10.0.2_411/ide/tools/bin/../lib/gcc/arm-none-eabi/5.4.1/../../../../arm-none-eabi/lib/armv6-m/crt0.o
LOAD ./utilities/fsl_debug_console.o
LOAD ./startup/startup_MKW41Z4.o
LOAD ./source/connectivity_test.o
LOAD ./source/gen_fsk_tests.o
LOAD ./source/menus.o
LOAD ./source/ppp-blinky.o
LOAD ./source/sha1.o
LOAD ./genfsk/genfsk_isr.o
LOAD ./genfsk/genfsk_ll.o
LOAD ./genfsk/genfsk_time.o
LOAD ./genfsk/genfsk_utils.o
LOAD ./freertos/croutine.o
LOAD ./freertos/event_groups.o
LOAD ./freertos/fsl_tickless_lptmr.o
LOAD ./freertos/fsl_tickless_systick.o
LOAD ./freertos/heap_4.o
LOAD ./freertos/list.o
LOAD ./freertos/port.o
LOAD ./freertos/queue.o
LOAD ./freertos/tasks.o
LOAD ./freertos/timers.o
LOAD ./framework/XCVR/MKW41Z4/cfgs_kw4x_3x_2x/fsl_xcvr_ant_config.o
LOAD ./framework/XCVR/MKW41Z4/cfgs_kw4x_3x_2x/fsl_xcvr_ble_config.o
LOAD ./framework/XCVR/MKW41Z4/cfgs_kw4x_3x_2x/fsl_xcvr_common_config.o
LOAD ./framework/XCVR/MKW41Z4/cfgs_kw4x_3x_2x/fsl_xcvr_gfsk_bt_0p3_h_0p5_config.o
LOAD ./framework/XCVR/MKW41Z4/cfgs_kw4x_3x_2x/fsl_xcvr_gfsk_bt_0p5_h_0p32_config.o
LOAD ./framework/XCVR/MKW41Z4/cfgs_kw4x_3x_2x/fsl_xcvr_gfsk_bt_0p5_h_0p5_config.o
LOAD ./framework/XCVR/MKW41Z4/cfgs_kw4x_3x_2x/fsl_xcvr_gfsk_bt_0p5_h_0p7_config.o
LOAD ./framework/XCVR/MKW41Z4/cfgs_kw4x_3x_2x/fsl_xcvr_gfsk_bt_0p5_h_1p0_config.o
LOAD ./framework/XCVR/MKW41Z4/cfgs_kw4x_3x_2x/fsl_xcvr_gfsk_bt_0p7_h_0p5_config.o
LOAD ./framework/XCVR/MKW41Z4/cfgs_kw4x_3x_2x/fsl_xcvr_mode_datarate_config.o
LOAD ./framework/XCVR/MKW41Z4/cfgs_kw4x_3x_2x/fsl_xcvr_msk_config.o
LOAD ./framework/XCVR/MKW41Z4/cfgs_kw4x_3x_2x/fsl_xcvr_zgbe_config.o
LOAD ./framework/XCVR/MKW41Z4/XCVR_Test/xcvr_test_fsk.o
LOAD ./framework/XCVR/MKW41Z4/dbg_ram_capture.o
LOAD ./framework/XCVR/MKW41Z4/fsl_xcvr.o
LOAD ./framework/XCVR/MKW41Z4/fsl_xcvr_trim.o
LOAD ./framework/XCVR/MKW41Z4/ifr_radio.o
LOAD ./framework/TimersManager/Source/TMR_Adapter.o
LOAD ./framework/TimersManager/Source/TimersManager.o
LOAD ./framework/SerialManager/Source/UART_Adapter/UART_Adapter.o
LOAD ./framework/SerialManager/Source/SPI_Adapter/SPI_Adapter.o
LOAD ./framework/SerialManager/Source/I2C_Adapter/I2C_Adapter.o
LOAD ./framework/SerialManager/Source/SerialManager.o
LOAD ./framework/SecLib/SecLib.o
LOAD ./framework/Reset/Reset.o
LOAD ./framework/RNG/Source/RNG.o
LOAD ./framework/Panic/Source/Panic.o
LOAD ./framework/OSAbstraction/Source/fsl_os_abstraction_free_rtos.o
LOAD ./framework/ModuleInfo/ModuleInfo.o
LOAD ./framework/Messaging/Source/Messaging.o
LOAD ./framework/MemManager/Source/MemManager.o
LOAD ./framework/MWSCoexistence/Source/MWS.o
LOAD ./framework/LowPower/Source/MKW41Z/PWR.o
LOAD ./framework/LowPower/Source/MKW41Z/PWRLib.o
LOAD ./framework/Lists/GenericList.o
LOAD ./framework/LED/Source/LED.o
LOAD ./framework/Keyboard/Source/Keyboard.o
LOAD ./framework/GPIO/GPIO_Adapter.o
LOAD ./framework/FunctionLib/FunctionLib.o
LOAD ./framework/Flash/Internal/Flash_Adapter.o
LOAD ./framework/DCDC/Source/DCDC.o
LOAD ./drivers/fsl_adc16.o
LOAD ./drivers/fsl_clock.o
LOAD ./drivers/fsl_common.o
LOAD ./drivers/fsl_dspi.o
LOAD ./drivers/fsl_dspi_freertos.o
LOAD ./drivers/fsl_flash.o
LOAD ./drivers/fsl_gpio.o
LOAD ./drivers/fsl_i2c.o
LOAD ./drivers/fsl_i2c_freertos.o
LOAD ./drivers/fsl_llwu.o
LOAD ./drivers/fsl_lptmr.o
LOAD ./drivers/fsl_lpuart.o
LOAD ./drivers/fsl_lpuart_freertos.o
LOAD ./drivers/fsl_ltc.o
LOAD ./drivers/fsl_pmc.o
LOAD ./drivers/fsl_rtc.o
LOAD ./drivers/fsl_smc.o
LOAD ./drivers/fsl_tpm.o
LOAD ./drivers/fsl_trng.o
LOAD ./board/board.o
LOAD ./board/clock_config.o
LOAD ./board/gpio_pins.o
LOAD ./board/pin_mux.o
LOAD ./CMSIS/system_MKW41Z4.o
LOAD c:/nxp/mcuxpressoide_10.0.2_411/ide/tools/bin/../lib/gcc/arm-none-eabi/5.4.1/../../../../arm-none-eabi/lib/armv6-m\libm.a
LOAD c:/nxp/mcuxpressoide_10.0.2_411/ide/tools/bin/../lib/gcc/arm-none-eabi/5.4.1/../../../../arm-none-eabi/lib/armv6-m\libc.a
LOAD c:/nxp/mcuxpressoide_10.0.2_411/ide/tools/bin/../lib/gcc/arm-none-eabi/5.4.1/armv6-m\libgcc.a
LOAD c:/nxp/mcuxpressoide_10.0.2_411/ide/tools/bin/../lib/gcc/arm-none-eabi/5.4.1/../../../../arm-none-eabi/lib/armv6-m\libnosys.a
LOAD C:\Users\Kiran\Documents\Homework\COMP3215\Lab3\frdmkw41z_wireless_examples_genfsk_connectivity_test_freertos\libs\lib_crypto_m0.a
START GROUP
LOAD c:/nxp/mcuxpressoide_10.0.2_411/ide/tools/bin/../lib/gcc/arm-none-eabi/5.4.1/armv6-m\libgcc.a
LOAD c:/nxp/mcuxpressoide_10.0.2_411/ide/tools/bin/../lib/gcc/arm-none-eabi/5.4.1/../../../../arm-none-eabi/lib/armv6-m\libc.a
END GROUP
LOAD c:/nxp/mcuxpressoide_10.0.2_411/ide/tools/bin/../lib/gcc/arm-none-eabi/5.4.1/armv6-m/crtend.o
LOAD c:/nxp/mcuxpressoide_10.0.2_411/ide/tools/bin/../lib/gcc/arm-none-eabi/5.4.1/armv6-m/crtn.o
                0x1fff8000                _RAM_START_ = 0x1fff8000
                0x20017fff                _RAM_END_ = 0x20017fff
                0x0007f800                FREESCALE_PROD_DATA_BASE_ADDR = 0x7f800
                0x000000c0                __RAM_VECTOR_TABLE_SIZE = 0xc0
                0x20017dea                __BOOT_STACK_ADDRESS = 0x20017dea
                0x1ffffffb                __dummy_start = 0x1ffffffb

.interrupts     0x00000000       0xc0
                0x00000000                __VECTOR_TABLE = .
                0x00000000                . = ALIGN (0x4)
 *(.isr_vector)
 .isr_vector    0x00000000       0xc0 ./startup/startup_MKW41Z4.o
                0x00000000                __isr_vector
                0x000000c0                . = ALIGN (0x4)

.freescale_prod_data
                0x0007f800        0x0
                0x0007f800                . = ALIGN (0x4)
 *(.FREESCALE_PROD_DATA)
                0x0007f800                . = ALIGN (0x4)

.flash_config   0x00000400       0x10
                0x00000400                . = ALIGN (0x4)
 *(.FlashConfig)
 .FlashConfig   0x00000400       0x10 ./startup/startup_MKW41Z4.o
                0x00000410                . = ALIGN (0x4)

.text           0x00000420    0x1d744
                0x00000420                . = ALIGN (0x4)
 *(.text)
 .text          0x00000420       0x60 c:/nxp/mcuxpressoide_10.0.2_411/ide/tools/bin/../lib/gcc/arm-none-eabi/5.4.1/armv6-m/crtbegin.o
 .text          0x00000480       0x78 c:/nxp/mcuxpressoide_10.0.2_411/ide/tools/bin/../lib/gcc/arm-none-eabi/5.4.1/../../../../arm-none-eabi/lib/armv6-m/crt0.o
                0x00000480                _start
                0x00000480                _mainCRTStartup
 .text          0x000004f8       0xc0 ./startup/startup_MKW41Z4.o
                0x000004f8                Reset_Handler
                0x00000540                Radio_0_IRQHandler
                0x00000540                DMA0_DriverIRQHandler
                0x00000540                CMP0_IRQHandler
                0x00000540                DMA2_DriverIRQHandler
                0x00000540                LPTMR0_IRQHandler
                0x00000540                TPM0_IRQHandler
                0x00000540                Radio_1_IRQHandler
                0x00000540                LLWU_IRQHandler
                0x00000540                TSI0_IRQHandler
                0x00000540                ADC0_IRQHandler
                0x00000540                CMT_IRQHandler
                0x00000540                FTFA_IRQHandler
                0x00000540                DefaultISR
                0x00000540                PORTB_PORTC_IRQHandler
                0x00000540                TPM2_IRQHandler
                0x00000540                RTC_IRQHandler
                0x00000540                LVD_LVW_DCDC_IRQHandler
                0x00000540                DMA3_DriverIRQHandler
                0x00000540                RTC_Seconds_IRQHandler
                0x00000540                MCG_IRQHandler
                0x00000540                TRNG0_IRQHandler
                0x00000540                Reserved20_IRQHandler
                0x00000540                LTC0_IRQHandler
                0x00000540                PIT_IRQHandler
                0x00000540                DMA1_DriverIRQHandler
                0x00000540                PORTA_IRQHandler
                0x00000540                TPM1_IRQHandler
                0x00000540                DAC0_IRQHandler
                0x00000548                HardFault_Handler
                0x00000558                DMA0_IRQHandler
                0x0000055c                DMA1_IRQHandler
                0x00000560                DMA2_IRQHandler
                0x00000564                DMA3_IRQHandler
                0x00000568                I2C0_IRQHandler
                0x0000056c                I2C1_IRQHandler
                0x00000570                SPI0_IRQHandler
                0x00000574                LPUART0_IRQHandler
                0x00000578                SPI1_IRQHandler
 .text          0x000005b8      0x114 c:/nxp/mcuxpressoide_10.0.2_411/ide/tools/bin/../lib/gcc/arm-none-eabi/5.4.1/armv6-m\libgcc.a(_udivsi3.o)
                0x000005b8                __aeabi_uidiv
                0x000005b8                __udivsi3
                0x000006c4                __aeabi_uidivmod
 .text          0x000006cc      0x1d4 c:/nxp/mcuxpressoide_10.0.2_411/ide/tools/bin/../lib/gcc/arm-none-eabi/5.4.1/armv6-m\libgcc.a(_divsi3.o)
                0x000006cc                __divsi3
                0x000006cc                __aeabi_idiv
                0x00000898                __aeabi_idivmod
 .text          0x000008a0        0x4 c:/nxp/mcuxpressoide_10.0.2_411/ide/tools/bin/../lib/gcc/arm-none-eabi/5.4.1/armv6-m\libgcc.a(_dvmd_tls.o)
                0x000008a0                __aeabi_idiv0
                0x000008a0                __aeabi_ldiv0
 .text          0x000008a4       0x7c c:/nxp/mcuxpressoide_10.0.2_411/ide/tools/bin/../lib/gcc/arm-none-eabi/5.4.1/armv6-m\libgcc.a(_arm_cmpdf2.o)
                0x000008a4                __aeabi_cdrcmple
                0x000008b4                __aeabi_cdcmple
                0x000008b4                __aeabi_cdcmpeq
                0x000008c4                __aeabi_dcmpeq
                0x000008d0                __aeabi_dcmplt
                0x000008e4                __aeabi_dcmple
                0x000008f8                __aeabi_dcmpgt
                0x0000090c                __aeabi_dcmpge
 .text          0x00000920       0x74 c:/nxp/mcuxpressoide_10.0.2_411/ide/tools/bin/../lib/gcc/arm-none-eabi/5.4.1/armv6-m\libgcc.a(_arm_cmpsf2.o)
                0x00000920                __aeabi_cfrcmple
                0x00000928                __aeabi_cfcmpeq
                0x00000928                __aeabi_cfcmple
                0x00000938                __aeabi_fcmpeq
                0x00000944                __aeabi_fcmplt
                0x00000958                __aeabi_fcmple
                0x0000096c                __aeabi_fcmpgt
                0x00000980                __aeabi_fcmpge
 .text          0x00000994       0x40 c:/nxp/mcuxpressoide_10.0.2_411/ide/tools/bin/../lib/gcc/arm-none-eabi/5.4.1/armv6-m\libgcc.a(_aeabi_uldivmod.o)
                0x00000994                __aeabi_uldivmod
 .text          0x000009d4       0x58 c:/nxp/mcuxpressoide_10.0.2_411/ide/tools/bin/../lib/gcc/arm-none-eabi/5.4.1/armv6-m\libgcc.a(_muldi3.o)
                0x000009d4                __muldi3
                0x000009d4                __aeabi_lmul
 .text          0x00000a2c       0x30 c:/nxp/mcuxpressoide_10.0.2_411/ide/tools/bin/../lib/gcc/arm-none-eabi/5.4.1/armv6-m\libgcc.a(_fixunssfsi.o)
                0x00000a2c                __fixunssfsi
                0x00000a2c                __aeabi_f2uiz
 .text          0x00000a5c      0x180 c:/nxp/mcuxpressoide_10.0.2_411/ide/tools/bin/../lib/gcc/arm-none-eabi/5.4.1/armv6-m\libgcc.a(_udivmoddi4.o)
                0x00000a5c                __udivmoddi4
 .text          0x00000bdc      0x2ec c:/nxp/mcuxpressoide_10.0.2_411/ide/tools/bin/../lib/gcc/arm-none-eabi/5.4.1/armv6-m\libgcc.a(addsf3.o)
                0x00000bdc                __aeabi_fadd
 .text          0x00000ec8      0x234 c:/nxp/mcuxpressoide_10.0.2_411/ide/tools/bin/../lib/gcc/arm-none-eabi/5.4.1/armv6-m\libgcc.a(divsf3.o)
                0x00000ec8                __aeabi_fdiv
 .text          0x000010fc       0x50 c:/nxp/mcuxpressoide_10.0.2_411/ide/tools/bin/../lib/gcc/arm-none-eabi/5.4.1/armv6-m\libgcc.a(eqsf2.o)
                0x000010fc                __eqsf2
                0x000010fc                __nesf2
 .text          0x0000114c       0x88 c:/nxp/mcuxpressoide_10.0.2_411/ide/tools/bin/../lib/gcc/arm-none-eabi/5.4.1/armv6-m\libgcc.a(gesf2.o)
                0x0000114c                __gesf2
                0x0000114c                __gtsf2
 .text          0x000011d4       0x88 c:/nxp/mcuxpressoide_10.0.2_411/ide/tools/bin/../lib/gcc/arm-none-eabi/5.4.1/armv6-m\libgcc.a(lesf2.o)
                0x000011d4                __ltsf2
                0x000011d4                __lesf2
 .text          0x0000125c      0x228 c:/nxp/mcuxpressoide_10.0.2_411/ide/tools/bin/../lib/gcc/arm-none-eabi/5.4.1/armv6-m\libgcc.a(mulsf3.o)
                0x0000125c                __aeabi_fmul
 .text          0x00001484      0x30c c:/nxp/mcuxpressoide_10.0.2_411/ide/tools/bin/../lib/gcc/arm-none-eabi/5.4.1/armv6-m\libgcc.a(subsf3.o)
                0x00001484                __aeabi_fsub
 .text          0x00001790       0x44 c:/nxp/mcuxpressoide_10.0.2_411/ide/tools/bin/../lib/gcc/arm-none-eabi/5.4.1/armv6-m\libgcc.a(fixsfsi.o)
                0x00001790                __aeabi_f2iz
 .text          0x000017d4       0x90 c:/nxp/mcuxpressoide_10.0.2_411/ide/tools/bin/../lib/gcc/arm-none-eabi/5.4.1/armv6-m\libgcc.a(floatsisf.o)
                0x000017d4                __aeabi_i2f
 .text          0x00001864       0x7c c:/nxp/mcuxpressoide_10.0.2_411/ide/tools/bin/../lib/gcc/arm-none-eabi/5.4.1/armv6-m\libgcc.a(floatunsisf.o)
                0x00001864                __aeabi_ui2f
 .text          0x000018e0      0x658 c:/nxp/mcuxpressoide_10.0.2_411/ide/tools/bin/../lib/gcc/arm-none-eabi/5.4.1/armv6-m\libgcc.a(adddf3.o)
                0x000018e0                __aeabi_dadd
 .text          0x00001f38      0x62c c:/nxp/mcuxpressoide_10.0.2_411/ide/tools/bin/../lib/gcc/arm-none-eabi/5.4.1/armv6-m\libgcc.a(divdf3.o)
                0x00001f38                __aeabi_ddiv
 .text          0x00002564       0x80 c:/nxp/mcuxpressoide_10.0.2_411/ide/tools/bin/../lib/gcc/arm-none-eabi/5.4.1/armv6-m\libgcc.a(eqdf2.o)
                0x00002564                __nedf2
                0x00002564                __eqdf2
 .text          0x000025e4       0xc8 c:/nxp/mcuxpressoide_10.0.2_411/ide/tools/bin/../lib/gcc/arm-none-eabi/5.4.1/armv6-m\libgcc.a(gedf2.o)
                0x000025e4                __gedf2
                0x000025e4                __gtdf2
 .text          0x000026ac       0xd4 c:/nxp/mcuxpressoide_10.0.2_411/ide/tools/bin/../lib/gcc/arm-none-eabi/5.4.1/armv6-m\libgcc.a(ledf2.o)
                0x000026ac                __ledf2
                0x000026ac                __ltdf2
 .text          0x00002780      0x4f4 c:/nxp/mcuxpressoide_10.0.2_411/ide/tools/bin/../lib/gcc/arm-none-eabi/5.4.1/armv6-m\libgcc.a(muldf3.o)
                0x00002780                __aeabi_dmul
 .text          0x00002c74      0x6a8 c:/nxp/mcuxpressoide_10.0.2_411/ide/tools/bin/../lib/gcc/arm-none-eabi/5.4.1/armv6-m\libgcc.a(subdf3.o)
                0x00002c74                __aeabi_dsub
 .text          0x0000331c       0x40 c:/nxp/mcuxpressoide_10.0.2_411/ide/tools/bin/../lib/gcc/arm-none-eabi/5.4.1/armv6-m\libgcc.a(unorddf2.o)
                0x0000331c                __aeabi_dcmpun
 .text          0x0000335c       0x6c c:/nxp/mcuxpressoide_10.0.2_411/ide/tools/bin/../lib/gcc/arm-none-eabi/5.4.1/armv6-m\libgcc.a(fixdfsi.o)
                0x0000335c                __aeabi_d2iz
 .text          0x000033c8       0x84 c:/nxp/mcuxpressoide_10.0.2_411/ide/tools/bin/../lib/gcc/arm-none-eabi/5.4.1/armv6-m\libgcc.a(floatsidf.o)
                0x000033c8                __aeabi_i2d
 .text          0x0000344c       0x70 c:/nxp/mcuxpressoide_10.0.2_411/ide/tools/bin/../lib/gcc/arm-none-eabi/5.4.1/armv6-m\libgcc.a(floatunsidf.o)
                0x0000344c                __aeabi_ui2d
 .text          0x000034bc       0x3c c:/nxp/mcuxpressoide_10.0.2_411/ide/tools/bin/../lib/gcc/arm-none-eabi/5.4.1/armv6-m\libgcc.a(_clzsi2.o)
                0x000034bc                __clzsi2
 .text          0x000034f8       0x18 c:/nxp/mcuxpressoide_10.0.2_411/ide/tools/bin/../lib/gcc/arm-none-eabi/5.4.1/armv6-m\libgcc.a(_clzdi2.o)
                0x000034f8                __clzdi2
 .text          0x00003510       0x38 C:\Users\Kiran\Documents\Homework\COMP3215\Lab3\frdmkw41z_wireless_examples_genfsk_connectivity_test_freertos\libs\lib_crypto_m0.a(SW_RNG.o)
                0x00003510                SecLib_set_rng_seed
                0x00003520                SecLib_get_random
 *(.text*)
 .text.DbgConsole_Printf
                0x00003548       0x44 ./utilities/fsl_debug_console.o
                0x00003548                DbgConsole_Printf
 .text.DbgConsole_Putchar
                0x0000358c       0x34 ./utilities/fsl_debug_console.o
                0x0000358c                DbgConsole_Putchar
 .text.DbgConsole_PrintfPaddingCharacter
                0x000035c0       0x48 ./utilities/fsl_debug_console.o
 .text.DbgConsole_ConvertRadixNumToString
                0x00003608      0x114 ./utilities/fsl_debug_console.o
 .text.DbgConsole_PrintfFormattedData
                0x0000371c      0x334 ./utilities/fsl_debug_console.o
 .text.main_task
                0x00003a50      0x138 ./source/connectivity_test.o
                0x00003a50                main_task
 .text.App_Thread
                0x00003b88       0x54 ./source/connectivity_test.o
 .text.App_HandleEvents
                0x00003bdc       0x9c ./source/connectivity_test.o
 .text.App_GenFskReceiveCallback
                0x00003c78       0x60 ./source/connectivity_test.o
 .text.App_GenFskEventNotificationCallback
                0x00003cd8       0x6c ./source/connectivity_test.o
 .text.App_SerialCallback
                0x00003d44       0x14 ./source/connectivity_test.o
 .text.App_NotifyAppThread
                0x00003d58        0xc ./source/connectivity_test.o
 .text.App_TimerCallback
                0x00003d64       0x20 ./source/connectivity_test.o
 .text.CT_GenFskInit
                0x00003d84      0x1c8 ./source/gen_fsk_tests.o
                0x00003d84                CT_GenFskInit
 .text.CT_PacketErrorRate
                0x00003f4c       0x74 ./source/gen_fsk_tests.o
                0x00003f4c                CT_PacketErrorRate
 .text.CT_PacketErrorRateRx
                0x00003fc0      0x278 ./source/gen_fsk_tests.o
 .text.PrintPerRxInfo
                0x00004238      0x110 ./source/menus.o
                0x00004238                PrintPerRxInfo
 .text.PrintPerRxFinal
                0x00004348       0xe0 ./source/menus.o
                0x00004348                PrintPerRxFinal
 .text.pppInitStruct
                0x00004428       0xa4 ./source/ppp-blinky.o
                0x00004428                pppInitStruct
 .text.checkPc  0x000044cc        0xc ./source/ppp-blinky.o
                0x000044cc                checkPc
 .text.putsWhileCheckingInput
                0x000044d8       0x10 ./source/ppp-blinky.o
                0x000044d8                putsWhileCheckingInput
 .text.fcsReset
                0x000044e8       0x18 ./source/ppp-blinky.o
                0x000044e8                fcsReset
 .text.fcsDo    0x00004500       0x58 ./source/ppp-blinky.o
                0x00004500                fcsDo
 .text.fcsBuf   0x00004558       0x40 ./source/ppp-blinky.o
                0x00004558                fcsBuf
 .text.pc_getBuf
                0x00004598       0x50 ./source/ppp-blinky.o
                0x00004598                pc_getBuf
 .text.dumpPPPFrame
                0x000045e8       0x8c ./source/ppp-blinky.o
                0x000045e8                dumpPPPFrame
 .text.processPPPFrame
                0x00004674      0x150 ./source/ppp-blinky.o
                0x00004674                processPPPFrame
 .text.pcPutcWhileCheckingInput
                0x000047c4       0x30 ./source/ppp-blinky.o
                0x000047c4                pcPutcWhileCheckingInput
 .text.hdlcPut  0x000047f4       0x48 ./source/ppp-blinky.o
                0x000047f4                hdlcPut
 .text.sendPppFrame
                0x0000483c       0xb0 ./source/ppp-blinky.o
                0x0000483c                sendPppFrame
 .text.bufferToIP
                0x000048ec       0x38 ./source/ppp-blinky.o
                0x000048ec                bufferToIP
 .text.ipcpConfigRequestHandler
                0x00004924       0x68 ./source/ppp-blinky.o
                0x00004924                ipcpConfigRequestHandler
 .text.ipcpAckHandler
                0x0000498c        0xc ./source/ppp-blinky.o
                0x0000498c                ipcpAckHandler
 .text.ipcpNackHandler
                0x00004998       0x24 ./source/ppp-blinky.o
                0x00004998                ipcpNackHandler
 .text.ipcpDefaultHandler
                0x000049bc        0xc ./source/ppp-blinky.o
                0x000049bc                ipcpDefaultHandler
 .text.IPCPframe
                0x000049c8       0x40 ./source/ppp-blinky.o
                0x000049c8                IPCPframe
 .text.dataCheckSum
                0x00004a08       0xc8 ./source/ppp-blinky.o
                0x00004a08                dataCheckSum
 .text.IpHeaderCheckSum
                0x00004ad0       0x50 ./source/ppp-blinky.o
                0x00004ad0                IpHeaderCheckSum
 .text.swapIpAddresses
                0x00004b20       0x30 ./source/ppp-blinky.o
                0x00004b20                swapIpAddresses
 .text.swapIpPorts
                0x00004b50       0x5c ./source/ppp-blinky.o
                0x00004b50                swapIpPorts
 .text.checkSumPseudoHeader
                0x00004bac       0x64 ./source/ppp-blinky.o
                0x00004bac                checkSumPseudoHeader
 .text.initIP   0x00004c10       0xf4 ./source/ppp-blinky.o
                0x00004c10                initIP
 .text.sendUdp  0x00004d04      0x110 ./source/ppp-blinky.o
                0x00004d04                sendUdp
 .text.UDPpacket
                0x00004e14      0x218 ./source/ppp-blinky.o
                0x00004e14                UDPpacket
 .text.ICMPpacket
                0x0000502c       0xd8 ./source/ppp-blinky.o
                0x0000502c                ICMPpacket
 .text.IGMPpacket
                0x00005104        0xc ./source/ppp-blinky.o
                0x00005104                IGMPpacket
 .text.dumpHeaderIP
                0x00005110       0x10 ./source/ppp-blinky.o
                0x00005110                dumpHeaderIP
 .text.dumpHeaderTCP
                0x00005120       0x10 ./source/ppp-blinky.o
                0x00005120                dumpHeaderTCP
 .text.httpResponse
                0x00005130      0x1ac ./source/ppp-blinky.o
                0x00005130                httpResponse
 .text.dumpDataTCP
                0x000052dc       0x10 ./source/ppp-blinky.o
                0x000052dc                dumpDataTCP
 .text.tcpHandler
                0x000052ec      0x288 ./source/ppp-blinky.o
                0x000052ec                tcpHandler
 .text.TCPpacket
                0x00005574       0x20 ./source/ppp-blinky.o
                0x00005574                TCPpacket
 .text.otherProtocol
                0x00005594        0xc ./source/ppp-blinky.o
                0x00005594                otherProtocol
 .text.IPframe  0x000055a0       0x50 ./source/ppp-blinky.o
                0x000055a0                IPframe
 .text.LCPconfReq
                0x000055f0       0x50 ./source/ppp-blinky.o
                0x000055f0                LCPconfReq
 .text.LCPconfAck
                0x00005640        0xc ./source/ppp-blinky.o
                0x00005640                LCPconfAck
 .text.LCPend   0x0000564c       0x24 ./source/ppp-blinky.o
                0x0000564c                LCPend
 .text.LCPother
                0x00005670       0x10 ./source/ppp-blinky.o
                0x00005670                LCPother
 .text.LCPframe
                0x00005680       0x40 ./source/ppp-blinky.o
                0x00005680                LCPframe
 .text.discardedFrame
                0x000056c0        0xc ./source/ppp-blinky.o
                0x000056c0                discardedFrame
 .text.determinePacketType
                0x000056cc       0x70 ./source/ppp-blinky.o
                0x000056cc                determinePacketType
 .text.pppReceiveHandler
                0x0000573c      0x154 ./source/ppp-blinky.o
                0x0000573c                pppReceiveHandler
 .text.waitForPcConnectString
                0x00005890       0x60 ./source/ppp-blinky.o
                0x00005890                waitForPcConnectString
 .text.initializePpp
                0x000058f0       0x38 ./source/ppp-blinky.o
                0x000058f0                initializePpp
 .text.NVIC_EnableIRQ
                0x00005928       0x2c ./genfsk/genfsk_isr.o
 .text.NVIC_ClearPendingIRQ
                0x00005954       0x30 ./genfsk/genfsk_isr.o
 .text.NVIC_SetPriority
                0x00005984       0xdc ./genfsk/genfsk_isr.o
 .text.GENFSK_UnprotectFromXcvrInterrupt
                0x00005a60       0x58 ./genfsk/genfsk_isr.o
                0x00005a60                GENFSK_UnprotectFromXcvrInterrupt
 .text.GENFSK_DisableInterrupts
                0x00005ab8       0x68 ./genfsk/genfsk_isr.o
                0x00005ab8                GENFSK_DisableInterrupts
 .text.GENFSK_EnableInterrupts
                0x00005b20       0x68 ./genfsk/genfsk_isr.o
                0x00005b20                GENFSK_EnableInterrupts
 .text.PWRLib_ClearRSIMDsmInt
                0x00005b88        0xc ./genfsk/genfsk_isr.o
                0x00005b88                PWRLib_ClearRSIMDsmInt
 .text.GENFSK_InterruptHandler
                0x00005b94      0x2b0 ./genfsk/genfsk_isr.o
                0x00005b94                GENFSK_InterruptHandler
 .text.GENFSK_InstallInterrupt
                0x00005e44       0x54 ./genfsk/genfsk_isr.o
                0x00005e44                GENFSK_InstallInterrupt
 .text.GENFSK_Command
                0x00005e98       0x20 ./genfsk/genfsk_ll.o
 .text.GENFSK_RxTimeoutCallback
                0x00005eb8       0x68 ./genfsk/genfsk_ll.o
 .text.GENFSK_Init
                0x00005f20       0xd0 ./genfsk/genfsk_ll.o
                0x00005f20                GENFSK_Init
 .text.GENFSK_AllocInstance
                0x00005ff0      0x248 ./genfsk/genfsk_ll.o
                0x00005ff0                GENFSK_AllocInstance
 .text.GENFSK_RadioConfig
                0x00006238      0x2c0 ./genfsk/genfsk_ll.o
                0x00006238                GENFSK_RadioConfig
 .text.GENFSK_SetPacketConfig
                0x000064f8      0x4a0 ./genfsk/genfsk_ll.o
                0x000064f8                GENFSK_SetPacketConfig
 .text.GENFSK_SetCrcConfig
                0x00006998      0x3ac ./genfsk/genfsk_ll.o
                0x00006998                GENFSK_SetCrcConfig
 .text.GENFSK_SetWhitenerConfig
                0x00006d44      0x538 ./genfsk/genfsk_ll.o
                0x00006d44                GENFSK_SetWhitenerConfig
 .text.GENFSK_SetNetworkAddress
                0x0000727c      0x428 ./genfsk/genfsk_ll.o
                0x0000727c                GENFSK_SetNetworkAddress
 .text.GENFSK_EnableNetworkAddress
                0x000076a4      0x148 ./genfsk/genfsk_ll.o
                0x000076a4                GENFSK_EnableNetworkAddress
 .text.GENFSK_SetChannelNumber
                0x000077ec      0x12c ./genfsk/genfsk_ll.o
                0x000077ec                GENFSK_SetChannelNumber
 .text.GENFSK_SetTxPowerLevel
                0x00007918      0x158 ./genfsk/genfsk_ll.o
                0x00007918                GENFSK_SetTxPowerLevel
 .text.GENFSK_StartRx
                0x00007a70      0x3e0 ./genfsk/genfsk_ll.o
                0x00007a70                GENFSK_StartRx
 .text.GENFSK_AbortAll
                0x00007e50       0xa0 ./genfsk/genfsk_ll.o
                0x00007e50                GENFSK_AbortAll
 .text.GENFSK_GetTimestamp
                0x00007ef0       0x34 ./genfsk/genfsk_ll.o
                0x00007ef0                GENFSK_GetTimestamp
 .text.GENFSK_RegisterCallbacks
                0x00007f24       0x78 ./genfsk/genfsk_ll.o
                0x00007f24                GENFSK_RegisterCallbacks
 .text.GENFSK_ByteArrayToPacket
                0x00007f9c      0x458 ./genfsk/genfsk_ll.o
                0x00007f9c                GENFSK_ByteArrayToPacket
 .text.GENFSK_Task
                0x000083f4      0xc3c ./genfsk/genfsk_ll.o
 .text.GENFSK_TimeSetWaitTimeout
                0x00009030       0x54 ./genfsk/genfsk_time.o
 .text.GENFSK_TimeRunCallback
                0x00009084       0x3c ./genfsk/genfsk_time.o
 .text.GENFSK_TimeMaintenance
                0x000090c0       0x78 ./genfsk/genfsk_time.o
 .text.GENFSK_TimeOverflowCb
                0x00009138       0x34 ./genfsk/genfsk_time.o
 .text.GENFSK_TimeGetNextEvent
                0x0000916c       0x84 ./genfsk/genfsk_time.o
 .text.GENFSK_TimeInit
                0x000091f0       0x58 ./genfsk/genfsk_time.o
                0x000091f0                GENFSK_TimeInit
 .text.GENFSK_TimeGetTimestamp
                0x00009248       0x88 ./genfsk/genfsk_time.o
                0x00009248                GENFSK_TimeGetTimestamp
 .text.GENFSK_TimeDisableWaitTimeout
                0x000092d0       0x28 ./genfsk/genfsk_time.o
                0x000092d0                GENFSK_TimeDisableWaitTimeout
 .text.GENFSK_TimeScheduleEvent
                0x000092f8       0xe4 ./genfsk/genfsk_time.o
                0x000092f8                GENFSK_TimeScheduleEvent
 .text.GENFSK_TimeCancelEvent
                0x000093dc       0x70 ./genfsk/genfsk_time.o
                0x000093dc                GENFSK_TimeCancelEvent
 .text.GENFSK_TimeISR
                0x0000944c       0x40 ./genfsk/genfsk_time.o
                0x0000944c                GENFSK_TimeISR
 .text.GENFSK_ReadPacketBuffer
                0x0000948c       0x78 ./genfsk/genfsk_utils.o
                0x0000948c                GENFSK_ReadPacketBuffer
 .text.GENFSK_Reverse9Bit
                0x00009504       0xf8 ./genfsk/genfsk_utils.o
                0x00009504                GENFSK_Reverse9Bit
 .text.GENFSK_SwitchToInstance
                0x000095fc      0x320 ./genfsk/genfsk_utils.o
                0x000095fc                GENFSK_SwitchToInstance
 .text.GENFSK_MskPreProcessing
                0x0000991c       0xcc ./genfsk/genfsk_utils.o
                0x0000991c                GENFSK_MskPreProcessing
 .text.GENFSK_MskPostProcessing
                0x000099e8      0x1ec ./genfsk/genfsk_utils.o
                0x000099e8                GENFSK_MskPostProcessing
 .text.xEventGroupCreate
                0x00009bd4       0x30 ./freertos/event_groups.o
                0x00009bd4                xEventGroupCreate
 .text.xEventGroupWaitBits
                0x00009c04      0x148 ./freertos/event_groups.o
                0x00009c04                xEventGroupWaitBits
 .text.xEventGroupSetBits
                0x00009d4c       0xf4 ./freertos/event_groups.o
                0x00009d4c                xEventGroupSetBits
 .text.vEventGroupSetBitsCallback
                0x00009e40       0x20 ./freertos/event_groups.o
                0x00009e40                vEventGroupSetBitsCallback
 .text.prvTestWaitCondition
                0x00009e60       0x40 ./freertos/event_groups.o
 .text.xEventGroupSetBitsFromISR
                0x00009ea0       0x2c ./freertos/event_groups.o
                0x00009ea0                xEventGroupSetBitsFromISR
 .text.prvSetupTimerInterrupt
                0x00009ecc       0x3c ./freertos/fsl_tickless_lptmr.o
                0x00009ecc                prvSetupTimerInterrupt
 .text.pvPortMalloc
                0x00009f08      0x14c ./freertos/heap_4.o
                0x00009f08                pvPortMalloc
 .text.vPortFree
                0x0000a054       0x90 ./freertos/heap_4.o
                0x0000a054                vPortFree
 .text.prvHeapInit
                0x0000a0e4       0xc0 ./freertos/heap_4.o
 .text.prvInsertBlockIntoFreeList
                0x0000a1a4       0xb0 ./freertos/heap_4.o
 .text.vListInitialise
                0x0000a254       0x3c ./freertos/list.o
                0x0000a254                vListInitialise
 .text.vListInitialiseItem
                0x0000a290       0x18 ./freertos/list.o
                0x0000a290                vListInitialiseItem
 .text.vListInsertEnd
                0x0000a2a8       0x44 ./freertos/list.o
                0x0000a2a8                vListInsertEnd
 .text.vListInsert
                0x0000a2ec       0x6c ./freertos/list.o
                0x0000a2ec                vListInsert
 .text.uxListRemove
                0x0000a358       0x50 ./freertos/list.o
                0x0000a358                uxListRemove
 .text.pxPortInitialiseStack
                0x0000a3a8       0x54 ./freertos/port.o
                0x0000a3a8                pxPortInitialiseStack
 .text.prvTaskExitError
                0x0000a3fc       0x18 ./freertos/port.o
 .text.SVC_Handler
                0x0000a414        0xc ./freertos/port.o
                0x0000a414                SVC_Handler
 .text.vPortStartFirstTask
                0x0000a420       0x38 ./freertos/port.o
 .text.xPortStartScheduler
                0x0000a458       0x44 ./freertos/port.o
                0x0000a458                xPortStartScheduler
 .text.vPortYield
                0x0000a49c       0x20 ./freertos/port.o
                0x0000a49c                vPortYield
 .text.vPortEnterCritical
                0x0000a4bc       0x24 ./freertos/port.o
                0x0000a4bc                vPortEnterCritical
 .text.vPortExitCritical
                0x0000a4e0       0x30 ./freertos/port.o
                0x0000a4e0                vPortExitCritical
 .text.ulSetInterruptMaskFromISR
                0x0000a510        0xc ./freertos/port.o
                0x0000a510                ulSetInterruptMaskFromISR
 .text.vClearInterruptMaskFromISR
                0x0000a51c        0x8 ./freertos/port.o
                0x0000a51c                vClearInterruptMaskFromISR
 *fill*         0x0000a524        0xc 
 .text.PendSV_Handler
                0x0000a530       0x48 ./freertos/port.o
                0x0000a530                PendSV_Handler
 .text.SysTick_Handler
                0x0000a578       0x34 ./freertos/port.o
                0x0000a578                SysTick_Handler
 .text.xQueueGenericReset
                0x0000a5ac       0xa8 ./freertos/queue.o
                0x0000a5ac                xQueueGenericReset
 .text.xQueueGenericCreate
                0x0000a654       0x64 ./freertos/queue.o
                0x0000a654                xQueueGenericCreate
 .text.prvInitialiseNewQueue
                0x0000a6b8       0x50 ./freertos/queue.o
 .text.prvInitialiseMutex
                0x0000a708       0x34 ./freertos/queue.o
 .text.xQueueCreateMutex
                0x0000a73c       0x38 ./freertos/queue.o
                0x0000a73c                xQueueCreateMutex
 .text.xQueueCreateCountingSemaphore
                0x0000a774       0x48 ./freertos/queue.o
                0x0000a774                xQueueCreateCountingSemaphore
 .text.xQueueGenericSend
                0x0000a7bc      0x188 ./freertos/queue.o
                0x0000a7bc                xQueueGenericSend
 .text.xQueueGenericSendFromISR
                0x0000a944       0xe4 ./freertos/queue.o
                0x0000a944                xQueueGenericSendFromISR
 .text.xQueueGiveFromISR
                0x0000aa28       0xcc ./freertos/queue.o
                0x0000aa28                xQueueGiveFromISR
 .text.xQueueGenericReceive
                0x0000aaf4      0x1c8 ./freertos/queue.o
                0x0000aaf4                xQueueGenericReceive
 .text.prvCopyDataToQueue
                0x0000acbc       0xd8 ./freertos/queue.o
 .text.prvCopyDataFromQueue
                0x0000ad94       0x4c ./freertos/queue.o
 .text.prvUnlockQueue
                0x0000ade0       0xc0 ./freertos/queue.o
 .text.prvIsQueueEmpty
                0x0000aea0       0x2c ./freertos/queue.o
 .text.prvIsQueueFull
                0x0000aecc       0x30 ./freertos/queue.o
 .text.vQueueAddToRegistry
                0x0000aefc       0x50 ./freertos/queue.o
                0x0000aefc                vQueueAddToRegistry
 .text.vQueueWaitForMessageRestricted
                0x0000af4c       0x68 ./freertos/queue.o
                0x0000af4c                vQueueWaitForMessageRestricted
 .text.xTaskCreate
                0x0000afb4       0x90 ./freertos/tasks.o
                0x0000afb4                xTaskCreate
 .text.prvInitialiseNewTask
                0x0000b044      0x12c ./freertos/tasks.o
 .text.prvAddNewTaskToReadyList
                0x0000b170       0xd0 ./freertos/tasks.o
 .text.vTaskStartScheduler
                0x0000b240       0x78 ./freertos/tasks.o
                0x0000b240                vTaskStartScheduler
 .text.vTaskSuspendAll
                0x0000b2b8       0x18 ./freertos/tasks.o
                0x0000b2b8                vTaskSuspendAll
 .text.xTaskResumeAll
                0x0000b2d0      0x118 ./freertos/tasks.o
                0x0000b2d0                xTaskResumeAll
 .text.xTaskGetTickCount
                0x0000b3e8       0x1c ./freertos/tasks.o
                0x0000b3e8                xTaskGetTickCount
 .text.xTaskIncrementTick
                0x0000b404      0x14c ./freertos/tasks.o
                0x0000b404                xTaskIncrementTick
 .text.vTaskSwitchContext
                0x0000b550       0xa4 ./freertos/tasks.o
                0x0000b550                vTaskSwitchContext
 .text.vTaskPlaceOnEventList
                0x0000b5f4       0x3c ./freertos/tasks.o
                0x0000b5f4                vTaskPlaceOnEventList
 .text.vTaskPlaceOnUnorderedEventList
                0x0000b630       0x5c ./freertos/tasks.o
                0x0000b630                vTaskPlaceOnUnorderedEventList
 .text.vTaskPlaceOnEventListRestricted
                0x0000b68c       0x4c ./freertos/tasks.o
                0x0000b68c                vTaskPlaceOnEventListRestricted
 .text.xTaskRemoveFromEventList
                0x0000b6d8       0xb8 ./freertos/tasks.o
                0x0000b6d8                xTaskRemoveFromEventList
 .text.xTaskRemoveFromUnorderedEventList
                0x0000b790       0xb0 ./freertos/tasks.o
                0x0000b790                xTaskRemoveFromUnorderedEventList
 .text.vTaskSetTimeOutState
                0x0000b840       0x34 ./freertos/tasks.o
                0x0000b840                vTaskSetTimeOutState
 .text.xTaskCheckForTimeOut
                0x0000b874       0x9c ./freertos/tasks.o
                0x0000b874                xTaskCheckForTimeOut
 .text.vTaskMissedYield
                0x0000b910       0x14 ./freertos/tasks.o
                0x0000b910                vTaskMissedYield
 .text.prvIdleTask
                0x0000b924       0x20 ./freertos/tasks.o
 .text.prvInitialiseTaskLists
                0x0000b944       0x88 ./freertos/tasks.o
 .text.prvCheckTasksWaitingTermination
                0x0000b9cc       0x74 ./freertos/tasks.o
 .text.prvDeleteTCB
                0x0000ba40       0x24 ./freertos/tasks.o
 .text.prvResetNextTaskUnblockTime
                0x0000ba64       0x48 ./freertos/tasks.o
 .text.xTaskGetCurrentTaskHandle
                0x0000baac       0x1c ./freertos/tasks.o
                0x0000baac                xTaskGetCurrentTaskHandle
 .text.xTaskGetSchedulerState
                0x0000bac8       0x38 ./freertos/tasks.o
                0x0000bac8                xTaskGetSchedulerState
 .text.vTaskPriorityInherit
                0x0000bb00       0xbc ./freertos/tasks.o
                0x0000bb00                vTaskPriorityInherit
 .text.xTaskPriorityDisinherit
                0x0000bbbc       0xb8 ./freertos/tasks.o
                0x0000bbbc                xTaskPriorityDisinherit
 .text.uxTaskResetEventItemValue
                0x0000bc74       0x2c ./freertos/tasks.o
                0x0000bc74                uxTaskResetEventItemValue
 .text.pvTaskIncrementMutexHeldCount
                0x0000bca0       0x24 ./freertos/tasks.o
                0x0000bca0                pvTaskIncrementMutexHeldCount
 .text.prvAddCurrentTaskToDelayedList
                0x0000bcc4       0xa8 ./freertos/tasks.o
 .text.xTimerCreateTimerTask
                0x0000bd6c       0x54 ./freertos/timers.o
                0x0000bd6c                xTimerCreateTimerTask
 .text.xTimerGenericCommand
                0x0000bdc0       0x9c ./freertos/timers.o
                0x0000bdc0                xTimerGenericCommand
 .text.prvProcessExpiredTimer
                0x0000be5c       0x70 ./freertos/timers.o
 .text.prvTimerTask
                0x0000becc       0x28 ./freertos/timers.o
 .text.prvProcessTimerOrBlockTask
                0x0000bef4       0x8c ./freertos/timers.o
 .text.prvGetNextExpireTime
                0x0000bf80       0x40 ./freertos/timers.o
 .text.prvSampleTimeNow
                0x0000bfc0       0x40 ./freertos/timers.o
 .text.prvInsertTimerInActiveList
                0x0000c000       0x84 ./freertos/timers.o
 .text.prvProcessReceivedCommands
                0x0000c084      0x12c ./freertos/timers.o
 .text.prvSwitchTimerLists
                0x0000c1b0       0xb4 ./freertos/timers.o
 .text.prvCheckForValidListAndQueue
                0x0000c264       0x74 ./freertos/timers.o
 .text.xTimerPendFunctionCallFromISR
                0x0000c2d8       0x54 ./freertos/timers.o
                0x0000c2d8                xTimerPendFunctionCallFromISR
 .text.XCVR_Init
                0x0000c32c      0x134 ./framework/XCVR/MKW41Z4/fsl_xcvr.o
                0x0000c32c                XCVR_Init
 .text.XCVR_GetDefaultConfig
                0x0000c460      0x170 ./framework/XCVR/MKW41Z4/fsl_xcvr.o
                0x0000c460                XCVR_GetDefaultConfig
 .text.XCVR_Configure
                0x0000c5d0      0x98c ./framework/XCVR/MKW41Z4/fsl_xcvr.o
                0x0000c5d0                XCVR_Configure
 .text.XCVR_ChangeMode
                0x0000cf5c       0x88 ./framework/XCVR/MKW41Z4/fsl_xcvr.o
                0x0000cf5c                XCVR_ChangeMode
 .text.XcvrPanic
                0x0000cfe4       0x40 ./framework/XCVR/MKW41Z4/fsl_xcvr.o
                0x0000cfe4                XcvrPanic
 .text.XCVR_SetXtalTrim
                0x0000d024       0x68 ./framework/XCVR/MKW41Z4/fsl_xcvr.o
                0x0000d024                XCVR_SetXtalTrim
 .text.XCVR_OverrideChannel
                0x0000d08c      0x13c ./framework/XCVR/MKW41Z4/fsl_xcvr.o
                0x0000d08c                XCVR_OverrideChannel
 .text.XCVR_ForceRxWu
                0x0000d1c8       0x1c ./framework/XCVR/MKW41Z4/fsl_xcvr.o
                0x0000d1c8                XCVR_ForceRxWu
 .text.XCVR_ForceRxWd
                0x0000d1e4       0x1c ./framework/XCVR/MKW41Z4/fsl_xcvr.o
                0x0000d1e4                XCVR_ForceRxWd
 .text.calc_dcoc_dac_step
                0x0000d200       0x88 ./framework/XCVR/MKW41Z4/fsl_xcvr_trim.o
                0x0000d200                calc_dcoc_dac_step
 .text.XcvrCalDelay
                0x0000d288       0x20 ./framework/XCVR/MKW41Z4/fsl_xcvr_trim.o
                0x0000d288                XcvrCalDelay
 .text.rx_dc_est_average
                0x0000d2a8      0x1a4 ./framework/XCVR/MKW41Z4/fsl_xcvr_trim.o
                0x0000d2a8                rx_dc_est_average
 .text.rx_bba_dcoc_dac_trim_DCest
                0x0000d44c      0x7d8 ./framework/XCVR/MKW41Z4/fsl_xcvr_trim.o
                0x0000d44c                rx_bba_dcoc_dac_trim_DCest
 .text.DCOC_DAC_INIT_Cal
                0x0000dc24      0x680 ./framework/XCVR/MKW41Z4/fsl_xcvr_trim.o
                0x0000dc24                DCOC_DAC_INIT_Cal
 .text.read_first_ifr_word
                0x0000e2a4       0x20 ./framework/XCVR/MKW41Z4/ifr_radio.o
                0x0000e2a4                read_first_ifr_word
 .text.read_another_ifr_word
                0x0000e2c4       0x2c ./framework/XCVR/MKW41Z4/ifr_radio.o
                0x0000e2c4                read_another_ifr_word
 .text.read_resource_ifr
                0x0000e2f0       0xd0 ./framework/XCVR/MKW41Z4/ifr_radio.o
                0x0000e2f0                read_resource_ifr
 .text.store_sw_trim
                0x0000e3c0       0x9c ./framework/XCVR/MKW41Z4/ifr_radio.o
                0x0000e3c0                store_sw_trim
 .text.handle_ifr
                0x0000e45c      0x184 ./framework/XCVR/MKW41Z4/ifr_radio.o
                0x0000e45c                handle_ifr
 .text.NVIC_EnableIRQ
                0x0000e5e0       0x2c ./framework/TimersManager/Source/TMR_Adapter.o
 .text.NVIC_ClearPendingIRQ
                0x0000e60c       0x30 ./framework/TimersManager/Source/TMR_Adapter.o
 .text.NVIC_SetPriority
                0x0000e63c       0xdc ./framework/TimersManager/Source/TMR_Adapter.o
 .text.TPM_GetStatusFlags
                0x0000e718       0x14 ./framework/TimersManager/Source/TMR_Adapter.o
 .text.TPM_ClearStatusFlags
                0x0000e72c       0x18 ./framework/TimersManager/Source/TMR_Adapter.o
 .text.TPM_StartTimer
                0x0000e744       0x3c ./framework/TimersManager/Source/TMR_Adapter.o
 .text.TPM_StopTimer
                0x0000e780       0x2c ./framework/TimersManager/Source/TMR_Adapter.o
 .text.StackTimer_Init
                0x0000e7ac       0xa0 ./framework/TimersManager/Source/TMR_Adapter.o
                0x0000e7ac                StackTimer_Init
 .text.StackTimer_Enable
                0x0000e84c       0x1c ./framework/TimersManager/Source/TMR_Adapter.o
                0x0000e84c                StackTimer_Enable
 .text.StackTimer_Disable
                0x0000e868       0x18 ./framework/TimersManager/Source/TMR_Adapter.o
                0x0000e868                StackTimer_Disable
 .text.StackTimer_GetInputFrequency
                0x0000e880       0x24 ./framework/TimersManager/Source/TMR_Adapter.o
                0x0000e880                StackTimer_GetInputFrequency
 .text.StackTimer_GetCounterValue
                0x0000e8a4       0x14 ./framework/TimersManager/Source/TMR_Adapter.o
                0x0000e8a4                StackTimer_GetCounterValue
 .text.StackTimer_SetOffsetTicks
                0x0000e8b8       0x24 ./framework/TimersManager/Source/TMR_Adapter.o
                0x0000e8b8                StackTimer_SetOffsetTicks
 .text.StackTimer_ClearIntFlag
                0x0000e8dc       0x30 ./framework/TimersManager/Source/TMR_Adapter.o
                0x0000e8dc                StackTimer_ClearIntFlag
 .text.TMR_GetTimerStatus
                0x0000e90c       0x28 ./framework/TimersManager/Source/TimersManager.o
 .text.TMR_SetTimerStatus
                0x0000e934       0x44 ./framework/TimersManager/Source/TimersManager.o
 .text.TMR_GetTimerType
                0x0000e978       0x28 ./framework/TimersManager/Source/TimersManager.o
 .text.TMR_SetTimerType
                0x0000e9a0       0x44 ./framework/TimersManager/Source/TimersManager.o
 .text.TmrTicksFromMilliseconds
                0x0000e9e4       0x4c ./framework/TimersManager/Source/TimersManager.o
                0x0000e9e4                TmrTicksFromMilliseconds
 .text.TMR_Init
                0x0000ea30       0x80 ./framework/TimersManager/Source/TimersManager.o
                0x0000ea30                TMR_Init
 .text.TMR_NotifyClkChanged
                0x0000eab0       0x44 ./framework/TimersManager/Source/TimersManager.o
                0x0000eab0                TMR_NotifyClkChanged
 .text.TMR_AllocateTimer
                0x0000eaf4       0x50 ./framework/TimersManager/Source/TimersManager.o
                0x0000eaf4                TMR_AllocateTimer
 .text.StackTimer_ISR
                0x0000eb44       0x24 ./framework/TimersManager/Source/TimersManager.o
 .text.TMR_StartTimer
                0x0000eb68       0xf4 ./framework/TimersManager/Source/TimersManager.o
                0x0000eb68                TMR_StartTimer
 .text.TMR_StartLowPowerTimer
                0x0000ec5c       0x44 ./framework/TimersManager/Source/TimersManager.o
                0x0000ec5c                TMR_StartLowPowerTimer
 .text.TMR_StopTimer
                0x0000eca0       0xec ./framework/TimersManager/Source/TimersManager.o
                0x0000eca0                TMR_StopTimer
 .text.TMR_Task
                0x0000ed8c      0x574 ./framework/TimersManager/Source/TimersManager.o
                0x0000ed8c                TMR_Task
 .text.TMR_EnableTimer
                0x0000f300       0x84 ./framework/TimersManager/Source/TimersManager.o
                0x0000f300                TMR_EnableTimer
 .text.NVIC_EnableIRQ
                0x0000f384       0x2c ./framework/SerialManager/Source/UART_Adapter/UART_Adapter.o
 .text.NVIC_SetPriority
                0x0000f3b0       0xdc ./framework/SerialManager/Source/UART_Adapter/UART_Adapter.o
 .text.LPUART_WriteByte
                0x0000f48c       0x20 ./framework/SerialManager/Source/UART_Adapter/UART_Adapter.o
 .text.LPUART_ReadByte
                0x0000f4ac       0x18 ./framework/SerialManager/Source/UART_Adapter/UART_Adapter.o
 .text.LPUART_Initialize
                0x0000f4c4       0xec ./framework/SerialManager/Source/UART_Adapter/UART_Adapter.o
                0x0000f4c4                LPUART_Initialize
 .text.LPUART_SetBaudrate
                0x0000f5b0       0x44 ./framework/SerialManager/Source/UART_Adapter/UART_Adapter.o
                0x0000f5b0                LPUART_SetBaudrate
 .text.LPUART_SendData
                0x0000f5f4       0xc0 ./framework/SerialManager/Source/UART_Adapter/UART_Adapter.o
                0x0000f5f4                LPUART_SendData
 .text.LPUART_InstallRxCalback
                0x0000f6b4       0x44 ./framework/SerialManager/Source/UART_Adapter/UART_Adapter.o
                0x0000f6b4                LPUART_InstallRxCalback
 .text.LPUART_InstallTxCalback
                0x0000f6f8       0x44 ./framework/SerialManager/Source/UART_Adapter/UART_Adapter.o
                0x0000f6f8                LPUART_InstallTxCalback
 .text.LPUART_IsTxActive
                0x0000f73c       0x58 ./framework/SerialManager/Source/UART_Adapter/UART_Adapter.o
                0x0000f73c                LPUART_IsTxActive
 .text.LPUART_ISR
                0x0000f794      0x17c ./framework/SerialManager/Source/UART_Adapter/UART_Adapter.o
 .text.SerialManager_Init
                0x0000f910       0x80 ./framework/SerialManager/Source/SerialManager.o
                0x0000f910                SerialManager_Init
 .text.SerialManagerTask
                0x0000f990      0x188 ./framework/SerialManager/Source/SerialManager.o
                0x0000f990                SerialManagerTask
 .text.Serial_InitInterface
                0x0000fb18      0x184 ./framework/SerialManager/Source/SerialManager.o
                0x0000fb18                Serial_InitInterface
 .text.Serial_AsyncWrite
                0x0000fc9c      0x198 ./framework/SerialManager/Source/SerialManager.o
                0x0000fc9c                Serial_AsyncWrite
 .text.Serial_SyncWrite
                0x0000fe34       0xd8 ./framework/SerialManager/Source/SerialManager.o
                0x0000fe34                Serial_SyncWrite
 .text.Serial_Read
                0x0000ff0c      0x12c ./framework/SerialManager/Source/SerialManager.o
                0x0000ff0c                Serial_Read
 .text.Serial_RxBufferByteCount
                0x00010038       0xf0 ./framework/SerialManager/Source/SerialManager.o
                0x00010038                Serial_RxBufferByteCount
 .text.Serial_SetRxCallBack
                0x00010128       0x70 ./framework/SerialManager/Source/SerialManager.o
                0x00010128                Serial_SetRxCallBack
 .text.Serial_SetBaudRate
                0x00010198       0x88 ./framework/SerialManager/Source/SerialManager.o
                0x00010198                Serial_SetBaudRate
 .text.Serial_Print
                0x00010220       0x7c ./framework/SerialManager/Source/SerialManager.o
                0x00010220                Serial_Print
 .text.Serial_PrintDec
                0x0001029c       0xa8 ./framework/SerialManager/Source/SerialManager.o
                0x0001029c                Serial_PrintDec
 .text.Serial_WriteInternal
                0x00010344      0x108 ./framework/SerialManager/Source/SerialManager.o
 .text.SerialManager_RxNotify
                0x0001044c       0xb0 ./framework/SerialManager/Source/SerialManager.o
                0x0001044c                SerialManager_RxNotify
 .text.SerialManager_TxNotify
                0x000104fc       0xd0 ./framework/SerialManager/Source/SerialManager.o
                0x000104fc                SerialManager_TxNotify
 .text.Serial_TxQueueMaintenance
                0x000105cc      0x128 ./framework/SerialManager/Source/SerialManager.o
 .text.Serial_SyncTxCallback
                0x000106f4       0x1c ./framework/SerialManager/Source/SerialManager.o
 .text.Serial_UartRxCb
                0x00010710       0x54 ./framework/SerialManager/Source/SerialManager.o
 .text.Serial_UartTxCb
                0x00010764       0x1c ./framework/SerialManager/Source/SerialManager.o
 .text.SecLib_Init
                0x00010780       0x3c ./framework/SecLib/SecLib.o
                0x00010780                SecLib_Init
 .text.NVIC_EnableIRQ
                0x000107bc       0x2c ./framework/RNG/Source/RNG.o
 .text.EnableIRQ
                0x000107e8       0x2c ./framework/RNG/Source/RNG.o
 .text.RNG_Init
                0x00010814       0xe0 ./framework/RNG/Source/RNG.o
                0x00010814                RNG_Init
 .text.RNG_GetRandomNo
                0x000108f4       0x2c ./framework/RNG/Source/RNG.o
                0x000108f4                RNG_GetRandomNo
 .text.RNG_SetPseudoRandomNoSeed
                0x00010920       0x2c ./framework/RNG/Source/RNG.o
                0x00010920                RNG_SetPseudoRandomNoSeed
 .text.TRNG_ISR
                0x0001094c       0x3c ./framework/RNG/Source/RNG.o
 .text.panic    0x00010988       0x18 ./framework/Panic/Source/Panic.o
                0x00010988                panic
 .text.startup_task
                0x000109a0       0x14 ./framework/OSAbstraction/Source/fsl_os_abstraction_free_rtos.o
                0x000109a0                startup_task
 .text.OSA_TaskGetId
                0x000109b4       0x10 ./framework/OSAbstraction/Source/fsl_os_abstraction_free_rtos.o
                0x000109b4                OSA_TaskGetId
 .text.OSA_TaskCreate
                0x000109c4       0x4c ./framework/OSAbstraction/Source/fsl_os_abstraction_free_rtos.o
                0x000109c4                OSA_TaskCreate
 .text.OSA_SemaphoreCreate
                0x00010a10       0x20 ./framework/OSAbstraction/Source/fsl_os_abstraction_free_rtos.o
                0x00010a10                OSA_SemaphoreCreate
 .text.OSA_SemaphoreWait
                0x00010a30       0x5c ./framework/OSAbstraction/Source/fsl_os_abstraction_free_rtos.o
                0x00010a30                OSA_SemaphoreWait
 .text.OSA_SemaphorePost
                0x00010a8c       0x9c ./framework/OSAbstraction/Source/fsl_os_abstraction_free_rtos.o
                0x00010a8c                OSA_SemaphorePost
 .text.OSA_MutexCreate
                0x00010b28       0x1c ./framework/OSAbstraction/Source/fsl_os_abstraction_free_rtos.o
                0x00010b28                OSA_MutexCreate
 .text.OSA_EventCreate
                0x00010b44       0x70 ./framework/OSAbstraction/Source/fsl_os_abstraction_free_rtos.o
                0x00010b44                OSA_EventCreate
 .text.OSA_EventSet
                0x00010bb4       0xa0 ./framework/OSAbstraction/Source/fsl_os_abstraction_free_rtos.o
                0x00010bb4                OSA_EventSet
 .text.OSA_EventWait
                0x00010c54       0xa4 ./framework/OSAbstraction/Source/fsl_os_abstraction_free_rtos.o
                0x00010c54                OSA_EventWait
 .text.OSA_InterruptEnable
                0x00010cf8       0x4c ./framework/OSAbstraction/Source/fsl_os_abstraction_free_rtos.o
                0x00010cf8                OSA_InterruptEnable
 .text.OSA_InterruptDisable
                0x00010d44       0x4c ./framework/OSAbstraction/Source/fsl_os_abstraction_free_rtos.o
                0x00010d44                OSA_InterruptDisable
 .text.OSA_InstallIntHandler
                0x00010d90       0x20 ./framework/OSAbstraction/Source/fsl_os_abstraction_free_rtos.o
                0x00010d90                OSA_InstallIntHandler
 .text.main     0x00010db0       0x24 ./framework/OSAbstraction/Source/fsl_os_abstraction_free_rtos.o
                0x00010db0                main
 .text.osObjectAlloc
                0x00010dd4       0x4c ./framework/OSAbstraction/Source/fsl_os_abstraction_free_rtos.o
 .text.osObjectIsAllocated
                0x00010e20       0x54 ./framework/OSAbstraction/Source/fsl_os_abstraction_free_rtos.o
 .text.osObjectFree
                0x00010e74       0x48 ./framework/OSAbstraction/Source/fsl_os_abstraction_free_rtos.o
 .text.MEM_Init
                0x00010ebc       0xc4 ./framework/MemManager/Source/MemManager.o
                0x00010ebc                MEM_Init
 .text.MEM_BufferAllocWithId
                0x00010f80       0xb8 ./framework/MemManager/Source/MemManager.o
                0x00010f80                MEM_BufferAllocWithId
 .text.ListInit
                0x00011038       0x2c ./framework/Lists/GenericList.o
                0x00011038                ListInit
 .text.ListAddTail
                0x00011064       0x78 ./framework/Lists/GenericList.o
                0x00011064                ListAddTail
 .text.ListRemoveHead
                0x000110dc       0x68 ./framework/Lists/GenericList.o
                0x000110dc                ListRemoveHead
 .text.LED_Init
                0x00011144       0x2c ./framework/LED/Source/LED.o
                0x00011144                LED_Init
 .text.LED_Operate
                0x00011170       0x8c ./framework/LED/Source/LED.o
                0x00011170                LED_Operate
 .text.LED_GpioSet
                0x000111fc       0x48 ./framework/LED/Source/LED.o
 .text.GPIO_SetPinsOutput
                0x00011244       0x18 ./framework/GPIO/GPIO_Adapter.o
 .text.GPIO_ClearPinsOutput
                0x0001125c       0x18 ./framework/GPIO/GPIO_Adapter.o
 .text.GPIO_TogglePinsOutput
                0x00011274       0x18 ./framework/GPIO/GPIO_Adapter.o
 .text.PORT_SetPinConfig
                0x0001128c       0x38 ./framework/GPIO/GPIO_Adapter.o
 .text.PORT_SetPinMux
                0x000112c4       0x40 ./framework/GPIO/GPIO_Adapter.o
 .text.GpioSetPinMux
                0x00011304       0x44 ./framework/GPIO/GPIO_Adapter.o
                0x00011304                GpioSetPinMux
 .text.GpioSetPinOutput
                0x00011348       0x34 ./framework/GPIO/GPIO_Adapter.o
                0x00011348                GpioSetPinOutput
 .text.GpioClearPinOutput
                0x0001137c       0x34 ./framework/GPIO/GPIO_Adapter.o
                0x0001137c                GpioClearPinOutput
 .text.GpioTogglePinOutput
                0x000113b0       0x34 ./framework/GPIO/GPIO_Adapter.o
                0x000113b0                GpioTogglePinOutput
 .text.GpioOutputPinInit
                0x000113e4      0x10c ./framework/GPIO/GPIO_Adapter.o
                0x000113e4                GpioOutputPinInit
 .text.FLib_MemCpy
                0x000114f0       0x38 ./framework/FunctionLib/FunctionLib.o
                0x000114f0                FLib_MemCpy
 .text.FLib_MemCmp
                0x00011528       0x54 ./framework/FunctionLib/FunctionLib.o
                0x00011528                FLib_MemCmp
 .text.FLib_MemSet
                0x0001157c       0x38 ./framework/FunctionLib/FunctionLib.o
                0x0001157c                FLib_MemSet
 .text.NV_VerifyCrcOverHWParameters
                0x000115b4       0x50 ./framework/Flash/Internal/Flash_Adapter.o
 .text.NV_ComputeCrcOverHWParameters
                0x00011604       0xe0 ./framework/Flash/Internal/Flash_Adapter.o
 .text.NV_ReadHWParameters
                0x000116e4       0x68 ./framework/Flash/Internal/Flash_Adapter.o
                0x000116e4                NV_ReadHWParameters
 .text.CLOCK_EnableClock
                0x0001174c       0x38 ./framework/DCDC/Source/DCDC.o
 .text.ADC16_EnableHardwareTrigger
                0x00011784       0x3c ./framework/DCDC/Source/DCDC.o
 .text.ADC16_GetChannelConversionValue
                0x000117c0       0x30 ./framework/DCDC/Source/DCDC.o
 .text.DCDC_MakeADCConversion
                0x000117f0       0x44 ./framework/DCDC/Source/DCDC.o
 .text.DCDC_AdjustVbatDiv
                0x00011834       0x68 ./framework/DCDC/Source/DCDC.o
 .text.DCDC_Get1P8VOutputTargetAndVBatInmV
                0x0001189c       0xf0 ./framework/DCDC/Source/DCDC.o
 .text.DCDC_mVTo1P8OutputTargetBoost
                0x0001198c      0x168 ./framework/DCDC/Source/DCDC.o
 .text.DCDC_mVTo1P8OutputTargetBuck
                0x00011af4       0xe4 ./framework/DCDC/Source/DCDC.o
 .text.DCDC_mVToMcuVOutputTargetBoost
                0x00011bd8       0x8c ./framework/DCDC/Source/DCDC.o
                0x00011bd8                DCDC_mVToMcuVOutputTargetBoost
 .text.DCDC_GetOutputTargetsBoost
                0x00011c64       0xd4 ./framework/DCDC/Source/DCDC.o
 .text.DCDC_GetOutputTargetsBuck
                0x00011d38       0x90 ./framework/DCDC/Source/DCDC.o
 .text.DCDC_VBatMonitorBoost
                0x00011dc8      0x1c0 ./framework/DCDC/Source/DCDC.o
 .text.DCDC_VBatMonitorBuck
                0x00011f88      0x1c4 ./framework/DCDC/Source/DCDC.o
 .text.DCDC_Init
                0x0001214c      0x220 ./framework/DCDC/Source/DCDC.o
                0x0001214c                DCDC_Init
 .text.CLOCK_EnableClock
                0x0001236c       0x38 ./drivers/fsl_adc16.o
 .text.ADC16_GetInstance
                0x000123a4       0x48 ./drivers/fsl_adc16.o
 .text.ADC16_Init
                0x000123ec      0x114 ./drivers/fsl_adc16.o
                0x000123ec                ADC16_Init
 .text.ADC16_DoAutoCalibration
                0x00012500      0x11c ./drivers/fsl_adc16.o
                0x00012500                ADC16_DoAutoCalibration
 .text.ADC16_SetChannelMuxMode
                0x0001261c       0x3c ./drivers/fsl_adc16.o
                0x0001261c                ADC16_SetChannelMuxMode
 .text.ADC16_SetHardwareCompareConfig
                0x00012658       0x8c ./drivers/fsl_adc16.o
                0x00012658                ADC16_SetHardwareCompareConfig
 .text.ADC16_SetHardwareAverage
                0x000126e4       0x40 ./drivers/fsl_adc16.o
                0x000126e4                ADC16_SetHardwareAverage
 .text.ADC16_GetStatusFlags
                0x00012724       0x3c ./drivers/fsl_adc16.o
                0x00012724                ADC16_GetStatusFlags
 .text.ADC16_SetChannelConfig
                0x00012760       0x6c ./drivers/fsl_adc16.o
                0x00012760                ADC16_SetChannelConfig
 .text.ADC16_GetChannelStatusFlags
                0x000127cc       0x40 ./drivers/fsl_adc16.o
                0x000127cc                ADC16_GetChannelStatusFlags
 .text.CLOCK_SetEr32kClock
                0x0001280c       0x30 ./drivers/fsl_clock.o
 .text.CLOCK_GetMcgExtClkFreq
                0x0001283c       0x70 ./drivers/fsl_clock.o
 .text.CLOCK_GetFllExtRefClkFreq
                0x000128ac       0xb8 ./drivers/fsl_clock.o
 .text.CLOCK_GetInternalRefClkSelectFreq
                0x00012964       0x40 ./drivers/fsl_clock.o
 .text.CLOCK_GetFllRefClkFreq
                0x000129a4       0x30 ./drivers/fsl_clock.o
 .text.CLOCK_GetOscRangeFromFreq
                0x000129d4       0x4c ./drivers/fsl_clock.o
 .text.CLOCK_GetOsc0ErClkFreq
                0x00012a20       0x28 ./drivers/fsl_clock.o
                0x00012a20                CLOCK_GetOsc0ErClkFreq
 .text.CLOCK_SetSimConfig
                0x00012a48       0x2c ./drivers/fsl_clock.o
                0x00012a48                CLOCK_SetSimConfig
 .text.CLOCK_GetFllFreq
                0x00012a74       0x78 ./drivers/fsl_clock.o
                0x00012a74                CLOCK_GetFllFreq
 .text.CLOCK_GetInternalRefClkFreq
                0x00012aec       0x28 ./drivers/fsl_clock.o
                0x00012aec                CLOCK_GetInternalRefClkFreq
 .text.CLOCK_SetExternalRefClkConfig
                0x00012b14       0x80 ./drivers/fsl_clock.o
                0x00012b14                CLOCK_SetExternalRefClkConfig
 .text.CLOCK_SetInternalRefClkConfig
                0x00012b94      0x12c ./drivers/fsl_clock.o
                0x00012b94                CLOCK_SetInternalRefClkConfig
 .text.CLOCK_InitOsc0
                0x00012cc0       0x6c ./drivers/fsl_clock.o
                0x00012cc0                CLOCK_InitOsc0
 .text.CLOCK_SetFeeMode
                0x00012d2c      0x144 ./drivers/fsl_clock.o
                0x00012d2c                CLOCK_SetFeeMode
 .text.CLOCK_BootToFeeMode
                0x00012e70       0x50 ./drivers/fsl_clock.o
                0x00012e70                CLOCK_BootToFeeMode
 .text.DisableGlobalIRQ
                0x00012ec0       0x1c ./drivers/fsl_common.o
 .text.EnableGlobalIRQ
                0x00012edc       0x1c ./drivers/fsl_common.o
 .text.__assertion_failed
                0x00012ef8       0x1c ./drivers/fsl_common.o
                0x00012ef8                __assertion_failed
 .text.InstallIRQHandler
                0x00012f14       0x98 ./drivers/fsl_common.o
                0x00012f14                InstallIRQHandler
 .text.DSPI_IsMaster
                0x00012fac       0x18 ./drivers/fsl_dspi.o
 .text.DSPI_CommonIRQHandler
                0x00012fc4       0x40 ./drivers/fsl_dspi.o
 .text.SPI0_DriverIRQHandler
                0x00013004       0x34 ./drivers/fsl_dspi.o
                0x00013004                SPI0_DriverIRQHandler
 .text.SPI1_DriverIRQHandler
                0x00013038       0x34 ./drivers/fsl_dspi.o
                0x00013038                SPI1_DriverIRQHandler
 .text.GPIO_WritePinOutput
                0x0001306c       0x34 ./drivers/fsl_gpio.o
 .text.GPIO_PinInit
                0x000130a0       0x64 ./drivers/fsl_gpio.o
                0x000130a0                GPIO_PinInit
 .text.I2C_TransferCommonIRQHandler
                0x00013104       0x54 ./drivers/fsl_i2c.o
 .text.I2C0_DriverIRQHandler
                0x00013158       0x20 ./drivers/fsl_i2c.o
                0x00013158                I2C0_DriverIRQHandler
 .text.I2C1_DriverIRQHandler
                0x00013178       0x20 ./drivers/fsl_i2c.o
                0x00013178                I2C1_DriverIRQHandler
 .text.CLOCK_EnableClock
                0x00013198       0x38 ./drivers/fsl_lpuart.o
 .text.LPUART_GetInstance
                0x000131d0       0x48 ./drivers/fsl_lpuart.o
                0x000131d0                LPUART_GetInstance
 .text.LPUART_Init
                0x00013218      0x28c ./drivers/fsl_lpuart.o
                0x00013218                LPUART_Init
 .text.LPUART_GetDefaultConfig
                0x000134a4       0x50 ./drivers/fsl_lpuart.o
                0x000134a4                LPUART_GetDefaultConfig
 .text.LPUART_SetBaudRate
                0x000134f4      0x194 ./drivers/fsl_lpuart.o
                0x000134f4                LPUART_SetBaudRate
 .text.LPUART_EnableInterrupts
                0x00013688       0x3c ./drivers/fsl_lpuart.o
                0x00013688                LPUART_EnableInterrupts
 .text.LPUART_DisableInterrupts
                0x000136c4       0x40 ./drivers/fsl_lpuart.o
                0x000136c4                LPUART_DisableInterrupts
 .text.LPUART_GetEnabledInterrupts
                0x00013704       0x34 ./drivers/fsl_lpuart.o
                0x00013704                LPUART_GetEnabledInterrupts
 .text.LPUART_GetStatusFlags
                0x00013738       0x18 ./drivers/fsl_lpuart.o
                0x00013738                LPUART_GetStatusFlags
 .text.LPUART_ClearStatusFlags
                0x00013750       0x88 ./drivers/fsl_lpuart.o
                0x00013750                LPUART_ClearStatusFlags
 .text.LPUART0_DriverIRQHandler
                0x000137d8       0x24 ./drivers/fsl_lpuart.o
                0x000137d8                LPUART0_DriverIRQHandler
 .text.CLOCK_EnableClock
                0x000137fc       0x38 ./drivers/fsl_ltc.o
 .text.LTC_Init
                0x00013834       0x1c ./drivers/fsl_ltc.o
                0x00013834                LTC_Init
 .text.CLOCK_EnableClock
                0x00013850       0x38 ./drivers/fsl_tpm.o
 .text.TPM_GetInstance
                0x00013888       0x54 ./drivers/fsl_tpm.o
 .text.TPM_Init
                0x000138dc       0xec ./drivers/fsl_tpm.o
                0x000138dc                TPM_Init
 .text.TPM_SetupOutputCompare
                0x000139c8      0x13c ./drivers/fsl_tpm.o
                0x000139c8                TPM_SetupOutputCompare
 .text.TPM_EnableInterrupts
                0x00013b04       0x84 ./drivers/fsl_tpm.o
                0x00013b04                TPM_EnableInterrupts
 .text.CLOCK_EnableClock
                0x00013b88       0x38 ./drivers/fsl_trng.o
 .text.trng_GetInstance
                0x00013bc0       0x48 ./drivers/fsl_trng.o
 .text.TRNG_GetDefaultConfig
                0x00013c08       0xe0 ./drivers/fsl_trng.o
                0x00013c08                TRNG_GetDefaultConfig
 .text.trng_SetRetryCount
                0x00013ce8       0x50 ./drivers/fsl_trng.o
 .text.trng_SetStatisticalCheckLimit
                0x00013d38      0x31c ./drivers/fsl_trng.o
 .text.trng_ApplyUserConfig
                0x00014054      0x1c4 ./drivers/fsl_trng.o
 .text.trng_ReadEntropy
                0x00014218       0x34 ./drivers/fsl_trng.o
 .text.TRNG_Init
                0x0001424c       0xb8 ./drivers/fsl_trng.o
                0x0001424c                TRNG_Init
 .text.TRNG_GetRandomData
                0x00014304       0xec ./drivers/fsl_trng.o
                0x00014304                TRNG_GetRandomData
 .text.CLOCK_EnableClock
                0x000143f0       0x38 ./board/board.o
 .text.hardware_init
                0x00014428      0x220 ./board/board.o
                0x00014428                hardware_init
 .text.NMI_Handler
                0x00014648       0x20 ./board/board.o
                0x00014648                NMI_Handler
 .text.BOARD_DCDCInit
                0x00014668       0x18 ./board/board.o
                0x00014668                BOARD_DCDCInit
 .text.BOARD_GetLpuartClock
                0x00014680       0x5c ./board/board.o
                0x00014680                BOARD_GetLpuartClock
 .text.BOARD_GetTpmClock
                0x000146dc       0x5c ./board/board.o
                0x000146dc                BOARD_GetTpmClock
 .text.CLOCK_EnableClock
                0x00014738       0x38 ./board/clock_config.o
 .text.CLOCK_DisableClock
                0x00014770       0x38 ./board/clock_config.o
 .text.CLOCK_SetLpuartClock
                0x000147a8       0x38 ./board/clock_config.o
 .text.CLOCK_SetTpmClock
                0x000147e0       0x38 ./board/clock_config.o
 .text.CLOCK_SetSimSafeDivs
                0x00014818       0x1c ./board/clock_config.o
 .text.CLOCK_SetXtal0Freq
                0x00014834       0x1c ./board/clock_config.o
 .text.CLOCK_SetXtal32Freq
                0x00014850       0x1c ./board/clock_config.o
 .text.RTC_SetOscCapLoad
                0x0001486c       0x34 ./board/clock_config.o
 .text.CLOCK_CONFIG_FllStableDelay
                0x000148a0       0x24 ./board/clock_config.o
 .text.CLOCK_CONFIG_SetRtcClock
                0x000148c4       0x4c ./board/clock_config.o
 .text.CLOCK_CONFIG_EnableRtcOsc
                0x00014910       0x50 ./board/clock_config.o
 .text.BOARD_RfOscInit
                0x00014960       0xc8 ./board/clock_config.o
                0x00014960                BOARD_RfOscInit
 .text.BOARD_InitOsc0
                0x00014a28       0x30 ./board/clock_config.o
                0x00014a28                BOARD_InitOsc0
 .text.BOARD_BootClockRUN
                0x00014a58       0x6c ./board/clock_config.o
                0x00014a58                BOARD_BootClockRUN
 .text.CLOCK_EnableClock
                0x00014ac4       0x38 ./board/pin_mux.o
 .text.PORT_SetPinMux
                0x00014afc       0x40 ./board/pin_mux.o
 .text.BOARD_InitLEDs
                0x00014b3c       0x78 ./board/pin_mux.o
                0x00014b3c                BOARD_InitLEDs
 .text.BOARD_InitLPUART
                0x00014bb4       0x4c ./board/pin_mux.o
                0x00014bb4                BOARD_InitLPUART
 .text.SystemInit
                0x00014c00       0x18 ./CMSIS/system_MKW41Z4.o
                0x00014c00                SystemInit
 .text.roundf   0x00014c18       0x4c c:/nxp/mcuxpressoide_10.0.2_411/ide/tools/bin/../lib/gcc/arm-none-eabi/5.4.1/../../../../arm-none-eabi/lib/armv6-m\libm.a(lib_a-sf_round.o)
                0x00014c18                roundf
 .text.exit     0x00014c64       0x20 c:/nxp/mcuxpressoide_10.0.2_411/ide/tools/bin/../lib/gcc/arm-none-eabi/5.4.1/../../../../arm-none-eabi/lib/armv6-m\libc.a(lib_a-exit.o)
                0x00014c64                exit
 .text.__libc_init_array
                0x00014c84       0x48 c:/nxp/mcuxpressoide_10.0.2_411/ide/tools/bin/../lib/gcc/arm-none-eabi/5.4.1/../../../../arm-none-eabi/lib/armv6-m\libc.a(lib_a-init.o)
                0x00014c84                __libc_init_array
 .text.memcpy   0x00014ccc       0x7c c:/nxp/mcuxpressoide_10.0.2_411/ide/tools/bin/../lib/gcc/arm-none-eabi/5.4.1/../../../../arm-none-eabi/lib/armv6-m\libc.a(lib_a-memcpy-stub.o)
                0x00014ccc                memcpy
 .text.memset   0x00014d48       0x8c c:/nxp/mcuxpressoide_10.0.2_411/ide/tools/bin/../lib/gcc/arm-none-eabi/5.4.1/../../../../arm-none-eabi/lib/armv6-m\libc.a(lib_a-memset.o)
                0x00014d48                memset
 .text.snprintf
                0x00014dd4       0x84 c:/nxp/mcuxpressoide_10.0.2_411/ide/tools/bin/../lib/gcc/arm-none-eabi/5.4.1/../../../../arm-none-eabi/lib/armv6-m\libc.a(lib_a-snprintf.o)
                0x00014dd4                snprintf
 .text.sprintf  0x00014e58       0x44 c:/nxp/mcuxpressoide_10.0.2_411/ide/tools/bin/../lib/gcc/arm-none-eabi/5.4.1/../../../../arm-none-eabi/lib/armv6-m\libc.a(lib_a-sprintf.o)
                0x00014e58                sprintf
 .text.strlen   0x00014e9c       0x68 c:/nxp/mcuxpressoide_10.0.2_411/ide/tools/bin/../lib/gcc/arm-none-eabi/5.4.1/../../../../arm-none-eabi/lib/armv6-m\libc.a(lib_a-strlen-stub.o)
                0x00014e9c                strlen
 .text.strncmp  0x00014f04       0x98 c:/nxp/mcuxpressoide_10.0.2_411/ide/tools/bin/../lib/gcc/arm-none-eabi/5.4.1/../../../../arm-none-eabi/lib/armv6-m\libc.a(lib_a-strncmp.o)
                0x00014f04                strncmp
 .text.critical_factorization
                0x00014f9c       0xc4 c:/nxp/mcuxpressoide_10.0.2_411/ide/tools/bin/../lib/gcc/arm-none-eabi/5.4.1/../../../../arm-none-eabi/lib/armv6-m\libc.a(lib_a-strstr.o)
 .text.two_way_long_needle
                0x00015060      0x1ec c:/nxp/mcuxpressoide_10.0.2_411/ide/tools/bin/../lib/gcc/arm-none-eabi/5.4.1/../../../../arm-none-eabi/lib/armv6-m\libc.a(lib_a-strstr.o)
 .text.strstr   0x0001524c      0x1f4 c:/nxp/mcuxpressoide_10.0.2_411/ide/tools/bin/../lib/gcc/arm-none-eabi/5.4.1/../../../../arm-none-eabi/lib/armv6-m\libc.a(lib_a-strstr.o)
                0x0001524c                strstr
 .text._svfprintf_r
                0x00015440     0x1820 c:/nxp/mcuxpressoide_10.0.2_411/ide/tools/bin/../lib/gcc/arm-none-eabi/5.4.1/../../../../arm-none-eabi/lib/armv6-m\libc.a(lib_a-svfprintf.o)
                0x00015440                _svfprintf_r
 .text.startup.register_fini
                0x00016c60       0x18 c:/nxp/mcuxpressoide_10.0.2_411/ide/tools/bin/../lib/gcc/arm-none-eabi/5.4.1/../../../../arm-none-eabi/lib/armv6-m\libc.a(lib_a-__call_atexit.o)
 .text.__call_exitprocs
                0x00016c78       0xfc c:/nxp/mcuxpressoide_10.0.2_411/ide/tools/bin/../lib/gcc/arm-none-eabi/5.4.1/../../../../arm-none-eabi/lib/armv6-m\libc.a(lib_a-__call_atexit.o)
                0x00016c78                __call_exitprocs
 .text.atexit   0x00016d74       0x10 c:/nxp/mcuxpressoide_10.0.2_411/ide/tools/bin/../lib/gcc/arm-none-eabi/5.4.1/../../../../arm-none-eabi/lib/armv6-m\libc.a(lib_a-atexit.o)
                0x00016d74                atexit
 .text.quorem   0x00016d84      0x150 c:/nxp/mcuxpressoide_10.0.2_411/ide/tools/bin/../lib/gcc/arm-none-eabi/5.4.1/../../../../arm-none-eabi/lib/armv6-m\libc.a(lib_a-dtoa.o)
 .text._dtoa_r  0x00016ed4      0xf54 c:/nxp/mcuxpressoide_10.0.2_411/ide/tools/bin/../lib/gcc/arm-none-eabi/5.4.1/../../../../arm-none-eabi/lib/armv6-m\libc.a(lib_a-dtoa.o)
                0x00016ed4                _dtoa_r
 .text.__libc_fini_array
                0x00017e28       0x34 c:/nxp/mcuxpressoide_10.0.2_411/ide/tools/bin/../lib/gcc/arm-none-eabi/5.4.1/../../../../arm-none-eabi/lib/armv6-m\libc.a(lib_a-fini.o)
                0x00017e28                __libc_fini_array
 .text._localeconv_r
                0x00017e5c       0x1c c:/nxp/mcuxpressoide_10.0.2_411/ide/tools/bin/../lib/gcc/arm-none-eabi/5.4.1/../../../../arm-none-eabi/lib/armv6-m\libc.a(lib_a-localeconv.o)
                0x00017e5c                _localeconv_r
 .text._malloc_r
                0x00017e78      0x554 c:/nxp/mcuxpressoide_10.0.2_411/ide/tools/bin/../lib/gcc/arm-none-eabi/5.4.1/../../../../arm-none-eabi/lib/armv6-m\libc.a(lib_a-mallocr.o)
                0x00017e78                _malloc_r
 .text.memchr   0x000183cc       0x90 c:/nxp/mcuxpressoide_10.0.2_411/ide/tools/bin/../lib/gcc/arm-none-eabi/5.4.1/../../../../arm-none-eabi/lib/armv6-m\libc.a(lib_a-memchr-stub.o)
                0x000183cc                memchr
 .text.memcmp   0x0001845c       0x50 c:/nxp/mcuxpressoide_10.0.2_411/ide/tools/bin/../lib/gcc/arm-none-eabi/5.4.1/../../../../arm-none-eabi/lib/armv6-m\libc.a(lib_a-memcmp.o)
                0x0001845c                memcmp
 .text.__malloc_lock
                0x000184ac        0x4 c:/nxp/mcuxpressoide_10.0.2_411/ide/tools/bin/../lib/gcc/arm-none-eabi/5.4.1/../../../../arm-none-eabi/lib/armv6-m\libc.a(lib_a-mlock.o)
                0x000184ac                __malloc_lock
 .text.__malloc_unlock
                0x000184b0        0x4 c:/nxp/mcuxpressoide_10.0.2_411/ide/tools/bin/../lib/gcc/arm-none-eabi/5.4.1/../../../../arm-none-eabi/lib/armv6-m\libc.a(lib_a-mlock.o)
                0x000184b0                __malloc_unlock
 .text._Balloc  0x000184b4       0x50 c:/nxp/mcuxpressoide_10.0.2_411/ide/tools/bin/../lib/gcc/arm-none-eabi/5.4.1/../../../../arm-none-eabi/lib/armv6-m\libc.a(lib_a-mprec.o)
                0x000184b4                _Balloc
 .text._Bfree   0x00018504       0x14 c:/nxp/mcuxpressoide_10.0.2_411/ide/tools/bin/../lib/gcc/arm-none-eabi/5.4.1/../../../../arm-none-eabi/lib/armv6-m\libc.a(lib_a-mprec.o)
                0x00018504                _Bfree
 .text.__multadd
                0x00018518       0x8c c:/nxp/mcuxpressoide_10.0.2_411/ide/tools/bin/../lib/gcc/arm-none-eabi/5.4.1/../../../../arm-none-eabi/lib/armv6-m\libc.a(lib_a-mprec.o)
                0x00018518                __multadd
 .text.__hi0bits
                0x000185a4       0x3c c:/nxp/mcuxpressoide_10.0.2_411/ide/tools/bin/../lib/gcc/arm-none-eabi/5.4.1/../../../../arm-none-eabi/lib/armv6-m\libc.a(lib_a-mprec.o)
                0x000185a4                __hi0bits
 .text.__lo0bits
                0x000185e0       0x5c c:/nxp/mcuxpressoide_10.0.2_411/ide/tools/bin/../lib/gcc/arm-none-eabi/5.4.1/../../../../arm-none-eabi/lib/armv6-m\libc.a(lib_a-mprec.o)
                0x000185e0                __lo0bits
 .text.__i2b    0x0001863c       0x14 c:/nxp/mcuxpressoide_10.0.2_411/ide/tools/bin/../lib/gcc/arm-none-eabi/5.4.1/../../../../arm-none-eabi/lib/armv6-m\libc.a(lib_a-mprec.o)
                0x0001863c                __i2b
 .text.__multiply
                0x00018650      0x15c c:/nxp/mcuxpressoide_10.0.2_411/ide/tools/bin/../lib/gcc/arm-none-eabi/5.4.1/../../../../arm-none-eabi/lib/armv6-m\libc.a(lib_a-mprec.o)
                0x00018650                __multiply
 .text.__pow5mult
                0x000187ac       0xbc c:/nxp/mcuxpressoide_10.0.2_411/ide/tools/bin/../lib/gcc/arm-none-eabi/5.4.1/../../../../arm-none-eabi/lib/armv6-m\libc.a(lib_a-mprec.o)
                0x000187ac                __pow5mult
 .text.__lshift
                0x00018868       0xc0 c:/nxp/mcuxpressoide_10.0.2_411/ide/tools/bin/../lib/gcc/arm-none-eabi/5.4.1/../../../../arm-none-eabi/lib/armv6-m\libc.a(lib_a-mprec.o)
                0x00018868                __lshift
 .text.__mcmp   0x00018928       0x3c c:/nxp/mcuxpressoide_10.0.2_411/ide/tools/bin/../lib/gcc/arm-none-eabi/5.4.1/../../../../arm-none-eabi/lib/armv6-m\libc.a(lib_a-mprec.o)
                0x00018928                __mcmp
 .text.__mdiff  0x00018964      0x11c c:/nxp/mcuxpressoide_10.0.2_411/ide/tools/bin/../lib/gcc/arm-none-eabi/5.4.1/../../../../arm-none-eabi/lib/armv6-m\libc.a(lib_a-mprec.o)
                0x00018964                __mdiff
 .text.__d2b    0x00018a80       0xbc c:/nxp/mcuxpressoide_10.0.2_411/ide/tools/bin/../lib/gcc/arm-none-eabi/5.4.1/../../../../arm-none-eabi/lib/armv6-m\libc.a(lib_a-mprec.o)
                0x00018a80                __d2b
 .text._sbrk_r  0x00018b3c       0x24 c:/nxp/mcuxpressoide_10.0.2_411/ide/tools/bin/../lib/gcc/arm-none-eabi/5.4.1/../../../../arm-none-eabi/lib/armv6-m\libc.a(lib_a-sbrkr.o)
                0x00018b3c                _sbrk_r
 .text.strchr   0x00018b60       0xdc c:/nxp/mcuxpressoide_10.0.2_411/ide/tools/bin/../lib/gcc/arm-none-eabi/5.4.1/../../../../arm-none-eabi/lib/armv6-m\libc.a(lib_a-strchr.o)
                0x00018b60                strchr
 .text.__ssprint_r
                0x00018c3c      0x130 c:/nxp/mcuxpressoide_10.0.2_411/ide/tools/bin/../lib/gcc/arm-none-eabi/5.4.1/../../../../arm-none-eabi/lib/armv6-m\libc.a(lib_a-svfiprintf.o)
                0x00018c3c                __ssprint_r
 .text.__register_exitproc
                0x00018d6c       0xd4 c:/nxp/mcuxpressoide_10.0.2_411/ide/tools/bin/../lib/gcc/arm-none-eabi/5.4.1/../../../../arm-none-eabi/lib/armv6-m\libc.a(lib_a-__atexit.o)
                0x00018d6c                __register_exitproc
 .text._calloc_r
                0x00018e40       0x60 c:/nxp/mcuxpressoide_10.0.2_411/ide/tools/bin/../lib/gcc/arm-none-eabi/5.4.1/../../../../arm-none-eabi/lib/armv6-m\libc.a(lib_a-callocr.o)
                0x00018e40                _calloc_r
 .text._malloc_trim_r
                0x00018ea0       0xa0 c:/nxp/mcuxpressoide_10.0.2_411/ide/tools/bin/../lib/gcc/arm-none-eabi/5.4.1/../../../../arm-none-eabi/lib/armv6-m\libc.a(lib_a-freer.o)
                0x00018ea0                _malloc_trim_r
 .text._free_r  0x00018f40      0x1c4 c:/nxp/mcuxpressoide_10.0.2_411/ide/tools/bin/../lib/gcc/arm-none-eabi/5.4.1/../../../../arm-none-eabi/lib/armv6-m\libc.a(lib_a-freer.o)
                0x00018f40                _free_r
 .text.__ascii_mbtowc
                0x00019104       0x2c c:/nxp/mcuxpressoide_10.0.2_411/ide/tools/bin/../lib/gcc/arm-none-eabi/5.4.1/../../../../arm-none-eabi/lib/armv6-m\libc.a(lib_a-mbtowc_r.o)
                0x00019104                __ascii_mbtowc
 .text.memmove  0x00019130       0x98 c:/nxp/mcuxpressoide_10.0.2_411/ide/tools/bin/../lib/gcc/arm-none-eabi/5.4.1/../../../../arm-none-eabi/lib/armv6-m\libc.a(lib_a-memmove.o)
                0x00019130                memmove
 .text._realloc_r
                0x000191c8      0x3dc c:/nxp/mcuxpressoide_10.0.2_411/ide/tools/bin/../lib/gcc/arm-none-eabi/5.4.1/../../../../arm-none-eabi/lib/armv6-m\libc.a(lib_a-reallocr.o)
                0x000191c8                _realloc_r
 .text.__ascii_wctomb
                0x000195a4       0x1c c:/nxp/mcuxpressoide_10.0.2_411/ide/tools/bin/../lib/gcc/arm-none-eabi/5.4.1/../../../../arm-none-eabi/lib/armv6-m\libc.a(lib_a-wctomb_r.o)
                0x000195a4                __ascii_wctomb
 .text._sbrk    0x000195c0       0x1c c:/nxp/mcuxpressoide_10.0.2_411/ide/tools/bin/../lib/gcc/arm-none-eabi/5.4.1/../../../../arm-none-eabi/lib/armv6-m\libnosys.a(sbrk.o)
                0x000195c0                _sbrk
 .text._exit    0x000195dc        0x4 c:/nxp/mcuxpressoide_10.0.2_411/ide/tools/bin/../lib/gcc/arm-none-eabi/5.4.1/../../../../arm-none-eabi/lib/armv6-m\libnosys.a(_exit.o)
                0x000195dc                _exit
 *(.rodata)
 .rodata        0x000195e0       0x24 ./source/gen_fsk_tests.o
 .rodata        0x00019604     0x122b ./source/menus.o
 *fill*         0x0001a82f        0x1 
 .rodata        0x0001a830      0x1e4 ./source/ppp-blinky.o
 .rodata        0x0001aa14        0xc ./genfsk/genfsk_ll.o
 .rodata        0x0001aa20       0x15 ./genfsk/genfsk_utils.o
 *fill*         0x0001aa35        0x3 
 .rodata        0x0001aa38       0x18 ./freertos/tasks.o
                0x0001aa40                FreeRTOSDebugConfig
 .rodata        0x0001aa50        0xd ./freertos/timers.o
 *fill*         0x0001aa5d        0x3 
 .rodata        0x0001aa60       0x18 ./framework/XCVR/MKW41Z4/fsl_xcvr.o
 .rodata        0x0001aa78        0xe ./framework/TimersManager/Source/TimersManager.o
 *fill*         0x0001aa86        0x2 
 .rodata        0x0001aa88       0x12 ./framework/SerialManager/Source/SerialManager.o
 *fill*         0x0001aa9a        0x2 
 .rodata        0x0001aa9c        0xd ./framework/OSAbstraction/Source/fsl_os_abstraction_free_rtos.o
 *fill*         0x0001aaa9        0x3 
 .rodata        0x0001aaac       0x1e ./framework/ModuleInfo/ModuleInfo.o
 *fill*         0x0001aaca        0x2 
 .rodata        0x0001aacc       0x8e ./framework/GPIO/GPIO_Adapter.o
 *fill*         0x0001ab5a        0x2 
 .rodata        0x0001ab5c       0xa3 ./framework/DCDC/Source/DCDC.o
 *fill*         0x0001abff        0x1 
 .rodata        0x0001ac00      0x13a ./drivers/fsl_adc16.o
 *fill*         0x0001ad3a        0x2 
 .rodata        0x0001ad3c       0xd9 ./drivers/fsl_clock.o
 *fill*         0x0001ae15        0x3 
 .rodata        0x0001ae18        0x4 ./drivers/fsl_common.o
 .rodata        0x0001ae1c      0x46d ./drivers/fsl_dspi.o
 *fill*         0x0001b289        0x3 
 .rodata        0x0001b28c       0xc7 ./drivers/fsl_gpio.o
 *fill*         0x0001b353        0x1 
 .rodata        0x0001b354      0x4da ./drivers/fsl_lpuart.o
 *fill*         0x0001b82e        0x2 
 .rodata        0x0001b830      0x473 ./drivers/fsl_tpm.o
 *fill*         0x0001bca3        0x1 
 .rodata        0x0001bca4       0x40 ./drivers/fsl_trng.o
 .rodata        0x0001bce4       0x80 c:/nxp/mcuxpressoide_10.0.2_411/ide/tools/bin/../lib/gcc/arm-none-eabi/5.4.1/armv6-m\libgcc.a(divsf3.o)
 .rodata        0x0001bd64       0x40 c:/nxp/mcuxpressoide_10.0.2_411/ide/tools/bin/../lib/gcc/arm-none-eabi/5.4.1/armv6-m\libgcc.a(mulsf3.o)
 .rodata        0x0001bda4       0x40 c:/nxp/mcuxpressoide_10.0.2_411/ide/tools/bin/../lib/gcc/arm-none-eabi/5.4.1/armv6-m\libgcc.a(divdf3.o)
 .rodata        0x0001bde4       0x40 c:/nxp/mcuxpressoide_10.0.2_411/ide/tools/bin/../lib/gcc/arm-none-eabi/5.4.1/armv6-m\libgcc.a(muldf3.o)
 *(.rodata*)
 .rodata.cu8PerRxMessages
                0x0001be24       0x14 ./source/menus.o
                0x0001be24                cu8PerRxMessages
 .rodata.rootWebPage
                0x0001be38      0x2df ./source/ppp-blinky.o
 *fill*         0x0001c117        0x1 
 .rodata.tcpHandler
                0x0001c118       0x68 ./source/ppp-blinky.o
 .rodata.mDefaultRadioConfig
                0x0001c180        0x2 ./genfsk/genfsk_ll.o
 *fill*         0x0001c182        0x2 
 .rodata.mDefaultPacketConfig
                0x0001c184       0x10 ./genfsk/genfsk_ll.o
 .rodata.mDefaultCrcConfig
                0x0001c194       0x14 ./genfsk/genfsk_ll.o
 .rodata.mDefaultWhitenerConfig
                0x0001c1a8       0x12 ./genfsk/genfsk_ll.o
 *fill*         0x0001c1ba        0x2 
 .rodata.GENFSK_RadioConfig
                0x0001c1bc       0x20 ./genfsk/genfsk_ll.o
 .rodata.GENFSK_StartRx
                0x0001c1dc       0x18 ./genfsk/genfsk_ll.o
 .rodata.GENFSK_SwitchToInstance
                0x0001c1f4       0x1c ./genfsk/genfsk_utils.o
 .rodata.prvProcessReceivedCommands
                0x0001c210       0x28 ./freertos/timers.o
 .rodata.ant_mode_config
                0x0001c238       0x48 ./framework/XCVR/MKW41Z4/cfgs_kw4x_3x_2x/fsl_xcvr_ant_config.o
                0x0001c238                ant_mode_config
 .rodata.xcvr_ANT_1mbps_config
                0x0001c280       0x68 ./framework/XCVR/MKW41Z4/cfgs_kw4x_3x_2x/fsl_xcvr_ant_config.o
                0x0001c280                xcvr_ANT_1mbps_config
 .rodata.ble_mode_config
                0x0001c2e8       0x48 ./framework/XCVR/MKW41Z4/cfgs_kw4x_3x_2x/fsl_xcvr_ble_config.o
                0x0001c2e8                ble_mode_config
 .rodata.xcvr_BLE_1mbps_config
                0x0001c330       0x68 ./framework/XCVR/MKW41Z4/cfgs_kw4x_3x_2x/fsl_xcvr_ble_config.o
                0x0001c330                xcvr_BLE_1mbps_config
 .rodata.xcvr_common_config
                0x0001c398      0x23c ./framework/XCVR/MKW41Z4/cfgs_kw4x_3x_2x/fsl_xcvr_common_config.o
                0x0001c398                xcvr_common_config
 .rodata.gfsk_bt_0p3_h_0p5_mode_config
                0x0001c5d4       0x48 ./framework/XCVR/MKW41Z4/cfgs_kw4x_3x_2x/fsl_xcvr_gfsk_bt_0p3_h_0p5_config.o
                0x0001c5d4                gfsk_bt_0p3_h_0p5_mode_config
 .rodata.xcvr_GFSK_BT_0p3_h_0p5_1mbps_config
                0x0001c61c       0x68 ./framework/XCVR/MKW41Z4/cfgs_kw4x_3x_2x/fsl_xcvr_gfsk_bt_0p3_h_0p5_config.o
                0x0001c61c                xcvr_GFSK_BT_0p3_h_0p5_1mbps_config
 .rodata.xcvr_GFSK_BT_0p3_h_0p5_500kbps_config
                0x0001c684       0x68 ./framework/XCVR/MKW41Z4/cfgs_kw4x_3x_2x/fsl_xcvr_gfsk_bt_0p3_h_0p5_config.o
                0x0001c684                xcvr_GFSK_BT_0p3_h_0p5_500kbps_config
 .rodata.xcvr_GFSK_BT_0p3_h_0p5_250kbps_config
                0x0001c6ec       0x68 ./framework/XCVR/MKW41Z4/cfgs_kw4x_3x_2x/fsl_xcvr_gfsk_bt_0p3_h_0p5_config.o
                0x0001c6ec                xcvr_GFSK_BT_0p3_h_0p5_250kbps_config
 .rodata.gfsk_bt_0p5_h_0p32_mode_config
                0x0001c754       0x48 ./framework/XCVR/MKW41Z4/cfgs_kw4x_3x_2x/fsl_xcvr_gfsk_bt_0p5_h_0p32_config.o
                0x0001c754                gfsk_bt_0p5_h_0p32_mode_config
 .rodata.xcvr_GFSK_BT_0p5_h_0p32_1mbps_config
                0x0001c79c       0x68 ./framework/XCVR/MKW41Z4/cfgs_kw4x_3x_2x/fsl_xcvr_gfsk_bt_0p5_h_0p32_config.o
                0x0001c79c                xcvr_GFSK_BT_0p5_h_0p32_1mbps_config
 .rodata.xcvr_GFSK_BT_0p5_h_0p32_500kbps_config
                0x0001c804       0x68 ./framework/XCVR/MKW41Z4/cfgs_kw4x_3x_2x/fsl_xcvr_gfsk_bt_0p5_h_0p32_config.o
                0x0001c804                xcvr_GFSK_BT_0p5_h_0p32_500kbps_config
 .rodata.xcvr_GFSK_BT_0p5_h_0p32_250kbps_config
                0x0001c86c       0x68 ./framework/XCVR/MKW41Z4/cfgs_kw4x_3x_2x/fsl_xcvr_gfsk_bt_0p5_h_0p32_config.o
                0x0001c86c                xcvr_GFSK_BT_0p5_h_0p32_250kbps_config
 .rodata.gfsk_bt_0p5_h_0p5_mode_config
                0x0001c8d4       0x48 ./framework/XCVR/MKW41Z4/cfgs_kw4x_3x_2x/fsl_xcvr_gfsk_bt_0p5_h_0p5_config.o
                0x0001c8d4                gfsk_bt_0p5_h_0p5_mode_config
 .rodata.xcvr_GFSK_BT_0p5_h_0p5_1mbps_config
                0x0001c91c       0x68 ./framework/XCVR/MKW41Z4/cfgs_kw4x_3x_2x/fsl_xcvr_gfsk_bt_0p5_h_0p5_config.o
                0x0001c91c                xcvr_GFSK_BT_0p5_h_0p5_1mbps_config
 .rodata.xcvr_GFSK_BT_0p5_h_0p5_500kbps_config
                0x0001c984       0x68 ./framework/XCVR/MKW41Z4/cfgs_kw4x_3x_2x/fsl_xcvr_gfsk_bt_0p5_h_0p5_config.o
                0x0001c984                xcvr_GFSK_BT_0p5_h_0p5_500kbps_config
 .rodata.xcvr_GFSK_BT_0p5_h_0p5_250kbps_config
                0x0001c9ec       0x68 ./framework/XCVR/MKW41Z4/cfgs_kw4x_3x_2x/fsl_xcvr_gfsk_bt_0p5_h_0p5_config.o
                0x0001c9ec                xcvr_GFSK_BT_0p5_h_0p5_250kbps_config
 .rodata.gfsk_bt_0p5_h_0p7_mode_config
                0x0001ca54       0x48 ./framework/XCVR/MKW41Z4/cfgs_kw4x_3x_2x/fsl_xcvr_gfsk_bt_0p5_h_0p7_config.o
                0x0001ca54                gfsk_bt_0p5_h_0p7_mode_config
 .rodata.xcvr_GFSK_BT_0p5_h_0p7_1mbps_config
                0x0001ca9c       0x68 ./framework/XCVR/MKW41Z4/cfgs_kw4x_3x_2x/fsl_xcvr_gfsk_bt_0p5_h_0p7_config.o
                0x0001ca9c                xcvr_GFSK_BT_0p5_h_0p7_1mbps_config
 .rodata.xcvr_GFSK_BT_0p5_h_0p7_500kbps_config
                0x0001cb04       0x68 ./framework/XCVR/MKW41Z4/cfgs_kw4x_3x_2x/fsl_xcvr_gfsk_bt_0p5_h_0p7_config.o
                0x0001cb04                xcvr_GFSK_BT_0p5_h_0p7_500kbps_config
 .rodata.xcvr_GFSK_BT_0p5_h_0p7_250kbps_config
                0x0001cb6c       0x68 ./framework/XCVR/MKW41Z4/cfgs_kw4x_3x_2x/fsl_xcvr_gfsk_bt_0p5_h_0p7_config.o
                0x0001cb6c                xcvr_GFSK_BT_0p5_h_0p7_250kbps_config
 .rodata.gfsk_bt_0p5_h_1p0_mode_config
                0x0001cbd4       0x48 ./framework/XCVR/MKW41Z4/cfgs_kw4x_3x_2x/fsl_xcvr_gfsk_bt_0p5_h_1p0_config.o
                0x0001cbd4                gfsk_bt_0p5_h_1p0_mode_config
 .rodata.xcvr_GFSK_BT_0p5_h_1p0_1mbps_config
                0x0001cc1c       0x68 ./framework/XCVR/MKW41Z4/cfgs_kw4x_3x_2x/fsl_xcvr_gfsk_bt_0p5_h_1p0_config.o
                0x0001cc1c                xcvr_GFSK_BT_0p5_h_1p0_1mbps_config
 .rodata.xcvr_GFSK_BT_0p5_h_1p0_500kbps_config
                0x0001cc84       0x68 ./framework/XCVR/MKW41Z4/cfgs_kw4x_3x_2x/fsl_xcvr_gfsk_bt_0p5_h_1p0_config.o